ntop	109	73982	1

JA3 Host Stats: 
		 IP Address                  	 # JA3C     
	1	 192.168.1.13             	 1      


	1	TCP 192.168.1.13:55523 <-> 178.62.197.130:443 [proto: 91.26/TLS.ntop][cat: Network/14][51 pkts/4260 bytes <-> 58 pkts/69722 bytes][Goodput ratio: 22/94][1.10 sec][ALPN: h2;http/1.1][bytes ratio: -0.885 (Download)][IAT c2s/s2c min/avg/max/stddev: 0/0 25/19 784/784 122/114][Pkt Len c2s/s2c min/avg/max/stddev: 54/66 84/1202 583/1506 74/562][TLSv1.2][Client: www.ntop.org][JA3C: 2a26b1a62e40d25d4de3babc9d532f30][Plen Bins: 3,13,1,1,1,0,1,0,0,0,0,0,0,0,0,0,1,0,0,0,0,0,0,0,0,0,0,0,0,0,0,3,0,0,0,0,0,0,0,0,0,0,0,1,0,73,0,0]
