ntop	667	458067	1

JA3 Host Stats: 
		 IP Address                  	 # JA3C     
	1	 192.168.1.13             	 1      


	1	TCP 192.168.1.13:53096 <-> 178.62.197.130:443 [proto: 91.26/TLS.ntop][cat: Network/14][316 pkts/28495 bytes <-> 351 pkts/429572 bytes][Goodput ratio: 27/95][8.44 sec][ALPN: h2;http/1.1][TLS Supported Versions: TLSv1.3;TLSv1.2;TLSv1.1;TLSv1][bytes ratio: -0.876 (Download)][IAT c2s/s2c min/avg/max/stddev: 0/0 32/20 4007/4045 285/250][Pkt Len c2s/s2c min/avg/max/stddev: 54/66 90/1224 583/1506 58/472][TLSv1.2][Client: www.ntop.org][JA3C: f6ce47303dce394049af395fc6d0bc20][Plen Bins: 1,0,1,6,7,1,0,0,0,0,0,0,0,0,0,0,1,0,0,0,0,0,0,1,0,0,0,0,0,0,6,0,0,0,0,0,0,0,0,1,0,0,0,0,1,70,0,0]
