OpenVPN	46	11573	1

	1	TCP 192.168.1.84:52973 <-> 192.12.192.103:1194 [proto: 159/OpenVPN][cat: VPN/2][25 pkts/5636 bytes <-> 21 pkts/5937 bytes][Goodput ratio: 70.5/76.5][8.96 sec][bytes ratio: -0.026 (Mixed)][IAT c2s/s2c min/avg/max/stddev: 0/0 442.9/427.4 3959/4015 926.5/1024.5][Pkt Len c2s/s2c min/avg/max/stddev: 66/66 225.4/282.7 1506/1506 330.4/399.1][PLAIN TEXT (Registro.it)]
