BitTorrent	299	305728	24

	1	TCP 192.168.1.3:52915 <-> 198.100.146.9:60163 [proto: 37/BitTorrent][cat: Download-FileTransfer-FileSharing/7][17 pkts/2745 bytes <-> 193 pkts/282394 bytes][pktlen c2s avg(stddev)/entropy: 4.0(161.5)/58.0][pktlen s2c avg(stddev)/entropy: 5.0(1463.2)/217.8][bytes ratio: -0.98][BT Hash: dcfcdccfb9e670ccc3dd40c78c161f2bea243126][PLAIN TEXT (BitTorrent protocol)]
	2	TCP 192.168.1.3:52895 <-> 83.216.184.241:51413 [proto: 37/BitTorrent][cat: Download-FileTransfer-FileSharing/7][4 pkts/583 bytes <-> 4 pkts/975 bytes][pktlen c2s avg(stddev)/entropy: 1.9(145.8)/44.2][pktlen s2c avg(stddev)/entropy: 1.4(243.8)/234.9][bytes ratio: -0.25][BT Hash: dcfcdccfb9e670ccc3dd40c78c161f2bea243126][PLAIN TEXT (BitTorrent protocol)]
	3	TCP 192.168.1.3:52914 <-> 190.103.195.56:46633 [proto: 37/BitTorrent][cat: Download-FileTransfer-FileSharing/7][4 pkts/640 bytes <-> 3 pkts/910 bytes][pktlen c2s avg(stddev)/entropy: 1.9(160.0)/62.0][pktlen s2c avg(stddev)/entropy: 1.1(303.3)/245.5][bytes ratio: -0.17][BT Hash: dcfcdccfb9e670ccc3dd40c78c161f2bea243126][PLAIN TEXT (BitTorrent protocol)]
	4	TCP 192.168.1.3:52907 <-> 82.58.216.115:38305 [proto: 37/BitTorrent][cat: Download-FileTransfer-FileSharing/7][2 pkts/583 bytes <-> 2 pkts/818 bytes][pktlen c2s avg(stddev)/entropy: 0.8(291.5)/157.5][pktlen s2c avg(stddev)/entropy: 0.6(409.0)/296.0][bytes ratio: -0.17][BT Hash: dcfcdccfb9e670ccc3dd40c78c161f2bea243126][PLAIN TEXT (BitTorrent protocol)]
	5	TCP 192.168.1.3:52927 <-> 83.216.184.241:51413 [proto: 37/BitTorrent][cat: Download-FileTransfer-FileSharing/7][3 pkts/582 bytes <-> 2 pkts/796 bytes][pktlen c2s avg(stddev)/entropy: 1.3(194.0)/114.3][pktlen s2c avg(stddev)/entropy: 0.7(398.0)/252.0][bytes ratio: -0.16][BT Hash: dcfcdccfb9e670ccc3dd40c78c161f2bea243126][PLAIN TEXT (BitTorrent protocol)]
	6	TCP 192.168.1.3:52897 <-> 151.26.95.30:22673 [proto: 37/BitTorrent][cat: Download-FileTransfer-FileSharing/7][3 pkts/510 bytes <-> 2 pkts/771 bytes][pktlen c2s avg(stddev)/entropy: 1.6(170.0)/25.6][pktlen s2c avg(stddev)/entropy: 0.8(385.5)/207.5][bytes ratio: -0.20][BT Hash: dcfcdccfb9e670ccc3dd40c78c161f2bea243126][PLAIN TEXT (BitTorrent protocol)]
	7	TCP 192.168.1.3:52903 <-> 198.100.146.9:60163 [proto: 37/BitTorrent][cat: Download-FileTransfer-FileSharing/7][3 pkts/410 bytes <-> 3 pkts/851 bytes][pktlen c2s avg(stddev)/entropy: 1.5(136.7)/47.4][pktlen s2c avg(stddev)/entropy: 1.1(283.7)/227.4][bytes ratio: -0.35][BT Hash: dcfcdccfb9e670ccc3dd40c78c161f2bea243126][PLAIN TEXT (BitTorrent protocol)]
	8	TCP 192.168.1.3:52917 <-> 151.15.48.189:47001 [proto: 37/BitTorrent][cat: Download-FileTransfer-FileSharing/7][3 pkts/455 bytes <-> 2 pkts/771 bytes][pktlen c2s avg(stddev)/entropy: 1.5(151.7)/62.9][pktlen s2c avg(stddev)/entropy: 0.7(385.5)/232.5][bytes ratio: -0.26][BT Hash: dcfcdccfb9e670ccc3dd40c78c161f2bea243126][PLAIN TEXT (BitTorrent protocol)]
	9	TCP 192.168.1.3:52911 <-> 151.26.95.30:22673 [proto: 37/BitTorrent][cat: Download-FileTransfer-FileSharing/7][3 pkts/442 bytes <-> 2 pkts/771 bytes][pktlen c2s avg(stddev)/entropy: 1.5(147.3)/57.1][pktlen s2c avg(stddev)/entropy: 0.8(385.5)/214.5][bytes ratio: -0.27][BT Hash: dcfcdccfb9e670ccc3dd40c78c161f2bea243126][PLAIN TEXT (BitTorrent protocol)]
	10	TCP 192.168.1.3:52921 <-> 95.234.159.16:41205 [proto: 37/BitTorrent][cat: Download-FileTransfer-FileSharing/7][3 pkts/440 bytes <-> 2 pkts/772 bytes][pktlen c2s avg(stddev)/entropy: 1.5(146.7)/56.2][pktlen s2c avg(stddev)/entropy: 0.8(386.0)/201.0][bytes ratio: -0.27][BT Hash: dcfcdccfb9e670ccc3dd40c78c161f2bea243126][PLAIN TEXT (BitTorrent protocol)]
	11	TCP 192.168.1.3:52906 <-> 82.57.97.83:53137 [proto: 37/BitTorrent][cat: Download-FileTransfer-FileSharing/7][3 pkts/434 bytes <-> 2 pkts/771 bytes][pktlen c2s avg(stddev)/entropy: 1.5(144.7)/53.6][pktlen s2c avg(stddev)/entropy: 0.8(385.5)/200.5][bytes ratio: -0.28][BT Hash: dcfcdccfb9e670ccc3dd40c78c161f2bea243126][PLAIN TEXT (BitTorrent protocol)]
	12	TCP 192.168.1.3:52922 <-> 95.237.193.34:11321 [proto: 37/BitTorrent][cat: Download-FileTransfer-FileSharing/7][3 pkts/434 bytes <-> 2 pkts/771 bytes][pktlen c2s avg(stddev)/entropy: 1.5(144.7)/53.6][pktlen s2c avg(stddev)/entropy: 0.8(385.5)/200.5][bytes ratio: -0.28][BT Hash: dcfcdccfb9e670ccc3dd40c78c161f2bea243126][PLAIN TEXT (BitTorrent protocol)]
	13	TCP 192.168.1.3:52887 <-> 82.57.97.83:53137 [proto: 37/BitTorrent][cat: Download-FileTransfer-FileSharing/7][3 pkts/430 bytes <-> 2 pkts/771 bytes][pktlen c2s avg(stddev)/entropy: 1.5(143.3)/55.9][pktlen s2c avg(stddev)/entropy: 0.8(385.5)/207.5][bytes ratio: -0.28][BT Hash: dcfcdccfb9e670ccc3dd40c78c161f2bea243126][PLAIN TEXT (BitTorrent protocol)]
	14	TCP 192.168.1.3:52896 <-> 79.53.228.2:14627 [proto: 37/BitTorrent][cat: Download-FileTransfer-FileSharing/7][3 pkts/409 bytes <-> 2 pkts/771 bytes][pktlen c2s avg(stddev)/entropy: 1.5(136.3)/47.0][pktlen s2c avg(stddev)/entropy: 0.7(385.5)/234.5][bytes ratio: -0.31][BT Hash: dcfcdccfb9e670ccc3dd40c78c161f2bea243126][PLAIN TEXT (BitTorrent protocol)]
	15	TCP 192.168.1.3:52926 <-> 93.65.249.100:31336 [proto: 37/BitTorrent][cat: Download-FileTransfer-FileSharing/7][1 pkts/134 bytes <-> 2 pkts/796 bytes][pktlen c2s avg(stddev)/entropy: 0.0(134.0)/0.0][pktlen s2c avg(stddev)/entropy: 0.8(398.0)/216.0][bytes ratio: -0.71][BT Hash: dcfcdccfb9e670ccc3dd40c78c161f2bea243126][PLAIN TEXT (BitTorrent protocol)]
	16	TCP 192.168.1.3:52888 <-> 82.58.216.115:38305 [proto: 37/BitTorrent][cat: Download-FileTransfer-FileSharing/7][1 pkts/134 bytes <-> 1 pkts/624 bytes][pktlen c2s avg(stddev)/entropy: 0.0(134.0)/0.0][pktlen s2c avg(stddev)/entropy: 0.0(624.0)/0.0][bytes ratio: -0.65][BT Hash: dcfcdccfb9e670ccc3dd40c78c161f2bea243126][PLAIN TEXT (BitTorrent protocol)]
	17	TCP 192.168.1.3:52902 <-> 190.103.195.56:46633 [proto: 37/BitTorrent][cat: Download-FileTransfer-FileSharing/7][2 pkts/349 bytes <-> 2 pkts/265 bytes][pktlen c2s avg(stddev)/entropy: 1.0(174.5)/40.5][pktlen s2c avg(stddev)/entropy: 0.9(132.5)/52.5][bytes ratio: 0.14][BT Hash: dcfcdccfb9e670ccc3dd40c78c161f2bea243126][PLAIN TEXT (BitTorrent protocol)]
	18	TCP 192.168.1.3:52912 <-> 151.72.255.163:59928 [proto: 37/BitTorrent][cat: Download-FileTransfer-FileSharing/7][3 pkts/455 bytes <-> 1 pkts/157 bytes][pktlen c2s avg(stddev)/entropy: 1.5(151.7)/62.9][pktlen s2c avg(stddev)/entropy: 0.0(157.0)/0.0][bytes ratio: 0.49][BT Hash: dcfcdccfb9e670ccc3dd40c78c161f2bea243126][PLAIN TEXT (BitTorrent protocol)]
	19	TCP 192.168.1.3:52893 -> 79.55.129.22:12097 [proto: 37/BitTorrent][cat: Download-FileTransfer-FileSharing/7][1 pkts/134 bytes -> 0 pkts/0 bytes][pktlen c2s avg(stddev)/entropy: 0.0(134.0)/0.0][pktlen s2c avg(stddev)/entropy: 0.0(nan)/0.0][bytes ratio: 1.00][BT Hash: dcfcdccfb9e670ccc3dd40c78c161f2bea243126][PLAIN TEXT (BitTorrent protocol)]
	20	TCP 192.168.1.3:52894 -> 120.62.33.241:39332 [proto: 37/BitTorrent][cat: Download-FileTransfer-FileSharing/7][1 pkts/134 bytes -> 0 pkts/0 bytes][pktlen c2s avg(stddev)/entropy: 0.0(134.0)/0.0][pktlen s2c avg(stddev)/entropy: 0.0(nan)/0.0][bytes ratio: 1.00][BT Hash: dcfcdccfb9e670ccc3dd40c78c161f2bea243126][PLAIN TEXT (BitTorrent protocol)]
	21	TCP 192.168.1.3:52908 -> 79.55.129.22:12097 [proto: 37/BitTorrent][cat: Download-FileTransfer-FileSharing/7][1 pkts/134 bytes -> 0 pkts/0 bytes][pktlen c2s avg(stddev)/entropy: 0.0(134.0)/0.0][pktlen s2c avg(stddev)/entropy: 0.0(nan)/0.0][bytes ratio: 1.00][BT Hash: dcfcdccfb9e670ccc3dd40c78c161f2bea243126][PLAIN TEXT (BitTorrent protocol)]
	22	TCP 192.168.1.3:52909 -> 79.53.228.2:14627 [proto: 37/BitTorrent][cat: Download-FileTransfer-FileSharing/7][1 pkts/134 bytes -> 0 pkts/0 bytes][pktlen c2s avg(stddev)/entropy: 0.0(134.0)/0.0][pktlen s2c avg(stddev)/entropy: 0.0(nan)/0.0][bytes ratio: 1.00][BT Hash: dcfcdccfb9e670ccc3dd40c78c161f2bea243126][PLAIN TEXT (BitTorrent protocol)]
	23	TCP 192.168.1.3:52910 -> 120.62.33.241:39332 [proto: 37/BitTorrent][cat: Download-FileTransfer-FileSharing/7][1 pkts/134 bytes -> 0 pkts/0 bytes][pktlen c2s avg(stddev)/entropy: 0.0(134.0)/0.0][pktlen s2c avg(stddev)/entropy: 0.0(nan)/0.0][bytes ratio: 1.00][BT Hash: dcfcdccfb9e670ccc3dd40c78c161f2bea243126][PLAIN TEXT (BitTorrent protocol)]
	24	TCP 192.168.1.3:52925 -> 93.65.227.100:19116 [proto: 37/BitTorrent][cat: Download-FileTransfer-FileSharing/7][1 pkts/134 bytes -> 0 pkts/0 bytes][pktlen c2s avg(stddev)/entropy: 0.0(134.0)/0.0][pktlen s2c avg(stddev)/entropy: 0.0(nan)/0.0][bytes ratio: 1.00][BT Hash: dcfcdccfb9e670ccc3dd40c78c161f2bea243126][PLAIN TEXT (BitTorrent protocol)]
