Facebook	60	30511	2

JA3 Host Stats: 
		 IP Address                  	 # JA3C     
	1	 192.168.43.18            	 2      


	1	TCP 192.168.43.18:44614 <-> 31.13.86.36:443 [proto: 91.119/SSL.Facebook][cat: SocialNetwork/6][19 pkts/2664 bytes <-> 22 pkts/22102 bytes][TLSv1.2][client: www.facebook.com][JA3C: 5c60e71f1b8cd40e4d40ed5b6d666e3f][JA3S: 96681175a9547081bf3d417f1a572091][Cipher: TLS_ECDHE_ECDSA_WITH_AES_128_GCM_SHA256]
	2	TCP 192.168.43.18:52066 <-> 66.220.156.68:443 [proto: 91.119/SSL.Facebook][cat: SocialNetwork/6][9 pkts/1345 bytes <-> 10 pkts/4400 bytes][TLSv1.2][client: facebook.com][JA3C: bfcc1a3891601edb4f137ab7ab25b840][server: *.facebook.com][JA3S: 2d1eb5817ece335c24904f516ad5da12][organization: Facebook, Inc.][Cipher: TLS_ECDHE_ECDSA_WITH_AES_128_GCM_SHA256]
