Git	90	74005	1

	1	TCP 192.168.0.77:47991 <-> 5.153.231.21:9418 [proto: 226/Git][cat: Collaborative/15][41 pkts/3319 bytes <-> 49 pkts/70686 bytes][bytes ratio: -0.910 (Download)][IAT c2s/s2c avg/stddev/entropy: 26.0/21.4 88.3/87.2 1.3/0.9][PLAIN TEXT (0045git)]
