Google	28	9108	1

JA3 Host Stats: 
		 IP Address                  	 # JA3C     


	1	TCP 172.31.3.224:42835 <-> 216.58.212.100:443 [proto: 91.126/TLS.Google][cat: Web/5][16 pkts/1512 bytes <-> 12 pkts/7596 bytes][bytes ratio: -0.668 (Download)][IAT c2s/s2c avg/stddev/entropy: 444.3/598.7 384.2/367.0 3.4/3.2][TLSv1][server: www.google.com][JA3S: 7252ecc446aba4a3e474793ae320609a (INSECURE)][Cipher: TLS_RSA_WITH_RC4_128_SHA]
