ntop	80	36401	4
TLS	26	3245	7
Facebook	22	10202	2
Google	62	15977	1
QUIC	3	502	1

JA3 Host Stats: 
		 IP Address                  	 # JA3C     
	1	 2a00:d40:1:3:7aac:c0ff:fea7:d4c 	 1      


	1	UDP [2a00:d40:1:3:7aac:c0ff:fea7:d4c]:45931 <-> [2a00:1450:4001:803::1017]:443 [proto: 188.126/QUIC.Google][cat: Web/5][33 pkts/7741 bytes <-> 29 pkts/8236 bytes][Goodput ratio: 74/78][11.12 sec][Host: www.google.it][bytes ratio: -0.031 (Mixed)][IAT c2s/s2c min/avg/max/stddev: 11/2 412/168 6008/1778 1177/366][Pkt Len c2s/s2c min/avg/max/stddev: 99/91 235/284 1412/1412 286/301][PLAIN TEXT (www.google.it)][Plen Bins: 8,54,0,0,0,1,18,4,0,0,0,0,0,0,0,1,6,1,0,1,0,0,0,0,0,0,0,0,0,0,0,0,0,0,0,0,1,0,0,0,0,0,3,0,0,0,0,0]
	2	TCP [2a00:d40:1:3:7aac:c0ff:fea7:d4c]:37506 <-> [2a03:b0c0:3:d0::70:1001]:443 [proto: 91.26/TLS.ntop][cat: Network/14][14 pkts/3969 bytes <-> 12 pkts/11648 bytes][Goodput ratio: 69/91][0.43 sec][ALPN: http/1.1;spdy/3.1;h2-14;h2][bytes ratio: -0.492 (Download)][IAT c2s/s2c min/avg/max/stddev: 0/0 37/44 229/290 62/88][Pkt Len c2s/s2c min/avg/max/stddev: 86/86 284/971 919/1514 324/539][TLSv1.2][Client: www.ntop.org][JA3C: d3e627f423a33ea41841c19b8af79293][Plen Bins: 0,0,0,6,0,0,6,0,6,0,0,0,0,0,0,0,0,6,0,0,6,0,0,0,6,6,6,0,0,0,0,6,0,0,0,0,6,0,6,0,0,0,0,0,28,0,0,0]
	3	TCP [2a00:d40:1:3:7aac:c0ff:fea7:d4c]:37486 <-> [2a03:b0c0:3:d0::70:1001]:443 [proto: 91.26/TLS.ntop][cat: Network/14][11 pkts/1292 bytes <-> 8 pkts/5722 bytes][Goodput ratio: 26/88][0.17 sec][ALPN: http/1.1;spdy/3.1;h2-14;h2][bytes ratio: -0.632 (Download)][IAT c2s/s2c min/avg/max/stddev: 0/0 18/11 64/27 19/12][Pkt Len c2s/s2c min/avg/max/stddev: 86/86 117/715 298/1514 67/608][TLSv1.2][Client: www.ntop.org][JA3C: d3e627f423a33ea41841c19b8af79293][Plen Bins: 0,0,0,14,0,0,14,0,14,0,0,0,0,0,0,0,0,0,0,0,14,0,0,0,0,0,0,0,0,0,0,0,0,0,0,0,0,0,14,0,0,0,0,0,28,0,0,0]
	4	TCP [2a00:d40:1:3:7aac:c0ff:fea7:d4c]:37494 <-> [2a03:b0c0:3:d0::70:1001]:443 [proto: 91.26/TLS.ntop][cat: Network/14][10 pkts/1206 bytes <-> 8 pkts/5722 bytes][Goodput ratio: 28/88][0.12 sec][ALPN: http/1.1;spdy/3.1;h2-14;h2][bytes ratio: -0.652 (Download)][IAT c2s/s2c min/avg/max/stddev: 0/0 15/9 50/23 16/10][Pkt Len c2s/s2c min/avg/max/stddev: 86/86 121/715 298/1514 70/608][TLSv1.2][Client: www.ntop.org][JA3C: d3e627f423a33ea41841c19b8af79293][Plen Bins: 0,0,0,14,0,0,14,0,14,0,0,0,0,0,0,0,0,0,0,0,14,0,0,0,0,0,0,0,0,0,0,0,0,0,0,0,0,0,14,0,0,0,0,0,28,0,0,0]
	5	TCP [2a00:d40:1:3:7aac:c0ff:fea7:d4c]:37488 <-> [2a03:b0c0:3:d0::70:1001]:443 [proto: 91.26/TLS.ntop][cat: Network/14][10 pkts/1206 bytes <-> 7 pkts/5636 bytes][Goodput ratio: 28/89][0.17 sec][ALPN: http/1.1;spdy/3.1;h2-14;h2][bytes ratio: -0.647 (Download)][IAT c2s/s2c min/avg/max/stddev: 0/0 20/9 63/25 20/10][Pkt Len c2s/s2c min/avg/max/stddev: 86/86 121/805 298/2754 70/929][TLSv1.2][Client: www.ntop.org][JA3C: d3e627f423a33ea41841c19b8af79293][Plen Bins: 0,0,0,16,0,0,16,0,16,0,0,0,0,0,0,0,0,0,0,0,16,0,0,0,0,0,0,0,0,0,0,0,0,0,0,0,0,0,0,0,0,0,0,0,16,0,0,16]
	6	TCP [2a00:d40:1:3:7aac:c0ff:fea7:d4c]:53132 <-> [2a02:26f0:ad:197::236]:443 [proto: 91.119/TLS.Facebook][cat: SocialNetwork/6][7 pkts/960 bytes <-> 5 pkts/4227 bytes][Goodput ratio: 36/90][0.06 sec][ALPN: http/1.1;spdy/3.1;h2-14;h2][bytes ratio: -0.630 (Download)][IAT c2s/s2c min/avg/max/stddev: 0/0 3/3 8/7 3/3][Pkt Len c2s/s2c min/avg/max/stddev: 86/86 137/845 310/2942 83/1078][TLSv1.2][Client: s-static.ak.facebook.com][JA3C: d3e627f423a33ea41841c19b8af79293][Plen Bins: 0,0,0,20,0,0,0,40,0,0,0,0,0,0,0,0,0,0,0,0,0,20,0,0,0,0,0,0,0,0,0,0,0,0,0,0,0,0,0,0,0,0,0,0,0,0,0,20]
	7	TCP [2a00:d40:1:3:7aac:c0ff:fea7:d4c]:53134 <-> [2a02:26f0:ad:197::236]:443 [proto: 91.119/TLS.Facebook][cat: SocialNetwork/6][6 pkts/874 bytes <-> 4 pkts/4141 bytes][Goodput ratio: 40/91][0.06 sec][ALPN: http/1.1;spdy/3.1;h2-14;h2][bytes ratio: -0.651 (Download)][IAT c2s/s2c min/avg/max/stddev: 0/1 12/5 43/8 16/3][Pkt Len c2s/s2c min/avg/max/stddev: 86/86 146/1035 310/3633 86/1503][TLSv1.2][Client: s-static.ak.facebook.com][JA3C: d3e627f423a33ea41841c19b8af79293][Plen Bins: 0,0,0,25,0,0,0,50,0,0,0,0,0,0,0,0,0,0,0,0,0,0,0,0,0,0,0,0,0,0,0,0,0,0,0,0,0,0,0,0,0,0,0,0,0,0,0,25]
	8	TCP [2a00:d40:1:3:7aac:c0ff:fea7:d4c]:41776 <-> [2a00:1450:4001:803::1017]:443 [proto: 91/TLS][cat: Web/5][7 pkts/860 bytes <-> 7 pkts/1353 bytes][Goodput ratio: 30/55][0.12 sec][bytes ratio: -0.223 (Download)][IAT c2s/s2c min/avg/max/stddev: 0/0 11/6 30/30 13/12][Pkt Len c2s/s2c min/avg/max/stddev: 86/86 123/193 268/592 62/172][Plen Bins: 0,57,0,0,0,28,0,0,0,0,0,0,0,0,0,14,0,0,0,0,0,0,0,0,0,0,0,0,0,0,0,0,0,0,0,0,0,0,0,0,0,0,0,0,0,0,0,0]
	9	UDP [2a00:d40:1:3:7aac:c0ff:fea7:d4c]:55145 <-> [2a00:1450:400b:c02::5f]:443 [proto: 188/QUIC][cat: Web/5][2 pkts/359 bytes <-> 1 pkts/143 bytes][Goodput ratio: 65/56][0.07 sec][Plen Bins: 0,33,33,0,0,0,33,0,0,0,0,0,0,0,0,0,0,0,0,0,0,0,0,0,0,0,0,0,0,0,0,0,0,0,0,0,0,0,0,0,0,0,0,0,0,0,0,0]
	10	TCP [2a00:d40:1:3:7aac:c0ff:fea7:d4c]:33062 <-> [2a00:1450:400b:c02::9a]:443 [proto: 91/TLS][cat: Web/5][1 pkts/86 bytes <-> 1 pkts/86 bytes][Goodput ratio: 0/0][0.04 sec][Plen Bins: 0,0,0,0,0,0,0,0,0,0,0,0,0,0,0,0,0,0,0,0,0,0,0,0,0,0,0,0,0,0,0,0,0,0,0,0,0,0,0,0,0,0,0,0,0,0,0,0]
	11	TCP [2a00:d40:1:3:7aac:c0ff:fea7:d4c]:40308 <-> [2a03:2880:1010:3f20:face:b00c::25de]:443 [proto: 91/TLS][cat: Web/5][1 pkts/86 bytes <-> 1 pkts/86 bytes][Goodput ratio: 0/0][0.13 sec][Plen Bins: 0,0,0,0,0,0,0,0,0,0,0,0,0,0,0,0,0,0,0,0,0,0,0,0,0,0,0,0,0,0,0,0,0,0,0,0,0,0,0,0,0,0,0,0,0,0,0,0]
	12	TCP [2a00:d40:1:3:7aac:c0ff:fea7:d4c]:40526 <-> [2a00:1450:4006:804::200e]:443 [proto: 91/TLS][cat: Web/5][1 pkts/86 bytes <-> 1 pkts/86 bytes][Goodput ratio: 0/0][0.02 sec][Plen Bins: 0,0,0,0,0,0,0,0,0,0,0,0,0,0,0,0,0,0,0,0,0,0,0,0,0,0,0,0,0,0,0,0,0,0,0,0,0,0,0,0,0,0,0,0,0,0,0,0]
	13	TCP [2a00:d40:1:3:7aac:c0ff:fea7:d4c]:58660 <-> [2a00:1450:4006:803::2008]:443 [proto: 91/TLS][cat: Web/5][1 pkts/86 bytes <-> 1 pkts/86 bytes][Goodput ratio: 0/0][0.02 sec][Plen Bins: 0,0,0,0,0,0,0,0,0,0,0,0,0,0,0,0,0,0,0,0,0,0,0,0,0,0,0,0,0,0,0,0,0,0,0,0,0,0,0,0,0,0,0,0,0,0,0,0]
	14	TCP [2a00:d40:1:3:7aac:c0ff:fea7:d4c]:59690 <-> [2a00:1450:4001:803::1012]:443 [proto: 91/TLS][cat: Web/5][1 pkts/86 bytes <-> 1 pkts/86 bytes][Goodput ratio: 0/0][0.02 sec][Plen Bins: 0,0,0,0,0,0,0,0,0,0,0,0,0,0,0,0,0,0,0,0,0,0,0,0,0,0,0,0,0,0,0,0,0,0,0,0,0,0,0,0,0,0,0,0,0,0,0,0]
	15	TCP [2a00:d40:1:3:7aac:c0ff:fea7:d4c]:60124 <-> [2a02:26f0:ad:1a1::eed]:443 [proto: 91/TLS][cat: Web/5][1 pkts/86 bytes <-> 1 pkts/86 bytes][Goodput ratio: 0/0][0.01 sec][Plen Bins: 0,0,0,0,0,0,0,0,0,0,0,0,0,0,0,0,0,0,0,0,0,0,0,0,0,0,0,0,0,0,0,0,0,0,0,0,0,0,0,0,0,0,0,0,0,0,0,0]
