ntop	20	5196	1

JA3 Host Stats: 
		 IP Address                  	 # JA3C     
	1	 192.168.1.8              	 1      


	1	TCP 192.168.1.8:50506 <-> 167.99.215.164:993 [proto: 91.26/TLS.ntop][cat: Network/14][10 pkts/1220 bytes <-> 10 pkts/3976 bytes][Goodput ratio: 45/83][0.33 sec][bytes ratio: -0.530 (Download)][IAT c2s/s2c min/avg/max/stddev: 0/0 33/22 77/43 26/19][Pkt Len c2s/s2c min/avg/max/stddev: 66/66 122/398 293/1506 78/557][Risk: ** TLS (probably) not carrying HTTPS **][TLSv1.2][Client: mail.ntop.org][JA3C: 4923a265be4d81c68ecda45bb89cdf6a][Plen Bins: 0,20,10,10,20,10,0,10,0,0,0,0,0,0,0,0,0,0,0,0,0,0,0,0,0,0,0,0,0,0,0,0,0,0,0,0,0,0,0,0,0,0,0,0,0,20,0,0]
