Unknown	1	66	1
HTTP	116	91784	6
ICMP	5	510	1
TLS	2	169	1
Facebook	251	215986	5
Dropbox	5	725	2
Instagram	363	255094	16

JA3 Host Stats: 
		 IP Address                  	 # JA3C     
	1	 192.168.0.103            	 1      


	1	TCP 31.13.86.52:80 <-> 192.168.0.103:58216 [proto: 7.119/HTTP.Facebook][cat: SocialNetwork/6][103 pkts/150456 bytes <-> 47 pkts/3102 bytes][PLAIN TEXT (dnlN/L)]
	2	TCP 192.168.0.103:38816 <-> 46.33.70.160:80 [proto: 7.211/HTTP.Instagram][cat: SocialNetwork/6][13 pkts/1118 bytes <-> 39 pkts/57876 bytes][Host: photos-h.ak.instagram.com][PLAIN TEXT (GET /hphotos)]
	3	TCP 192.168.0.103:58052 <-> 82.85.26.162:80 [proto: 7.211/HTTP.Instagram][cat: SocialNetwork/6][37 pkts/2702 bytes <-> 38 pkts/54537 bytes][Host: photos-g.ak.instagram.com][PLAIN TEXT (GET /hphotos)]
	4	TCP 192.168.0.103:44379 <-> 82.85.26.186:80 [proto: 7.211/HTTP.Instagram][cat: SocialNetwork/6][41 pkts/3392 bytes <-> 40 pkts/50024 bytes][Host: photos-e.ak.instagram.com][PLAIN TEXT (GET /hphotos)]
	5	TCP 192.168.0.103:57936 <-> 82.85.26.162:80 [proto: 7.211/HTTP.Instagram][cat: SocialNetwork/6][24 pkts/1837 bytes <-> 34 pkts/48383 bytes][Host: photos-g.ak.instagram.com][PLAIN TEXT (GET /hphotos)]
	6	TCP 192.168.0.103:33936 <-> 31.13.93.52:443 [proto: 64.119/TLS_No_Cert.Facebook][cat: SocialNetwork/6][34 pkts/5555 bytes <-> 34 pkts/40133 bytes][PLAIN TEXT (ny.iaXs)]
	7	TCP 2.22.236.51:80 <-> 192.168.0.103:44151 [proto: 7/HTTP][cat: Web/5][25 pkts/37100 bytes <-> 24 pkts/1584 bytes][PLAIN TEXT (inOCIM)]
	8	TCP 192.168.0.103:33976 <-> 77.67.29.17:80 [proto: 7/HTTP][cat: Web/5][14 pkts/924 bytes <-> 20 pkts/28115 bytes][PLAIN TEXT (dGQaNFV)]
	9	TCP 92.122.48.138:80 <-> 192.168.0.103:41562 [proto: 7/HTTP][cat: Web/5][16 pkts/22931 bytes <-> 9 pkts/594 bytes][PLAIN TEXT (DD.DOo)]
	10	TCP 192.168.0.103:60908 <-> 46.33.70.136:443 [proto: 91.211/TLS.Instagram][cat: SocialNetwork/6][10 pkts/1369 bytes <-> 9 pkts/7971 bytes][TLSv1][client: igcdn-photos-g-a.akamaihd.net][JA3C: 54ae5fcb0159e2ddf6a50e149221c7c7][server: a248.e.akamai.net][JA3S: 34d6f0ad0a79e4cfdf145e640cc93f78][organization: Akamai Technologies Inc.][Cipher: TLS_ECDHE_RSA_WITH_AES_256_CBC_SHA]
	11	TCP 192.168.0.103:44558 <-> 46.33.70.174:443 [proto: 91.211/TLS.Instagram][cat: SocialNetwork/6][10 pkts/1545 bytes <-> 7 pkts/4824 bytes][TLSv1][client: igcdn-photos-h-a.akamaihd.net][JA3C: 54ae5fcb0159e2ddf6a50e149221c7c7][server: a248.e.akamai.net][JA3S: 7df57c06f869fc3ce509521cae2f75ce][organization: Akamai Technologies Inc.][Cipher: TLS_ECDHE_RSA_WITH_AES_256_CBC_SHA]
	12	TCP 31.13.93.52:443 <-> 192.168.0.103:33934 [proto: 64.119/TLS_No_Cert.Facebook][cat: SocialNetwork/6][6 pkts/4699 bytes <-> 6 pkts/1345 bytes]
	13	TCP 192.168.0.103:41181 <-> 82.85.26.154:443 [proto: 91.211/TLS.Instagram][cat: SocialNetwork/6][8 pkts/896 bytes <-> 6 pkts/4671 bytes][TLSv1][client: igcdn-photos-a-a.akamaihd.net][JA3C: 54ae5fcb0159e2ddf6a50e149221c7c7][server: a248.e.akamai.net][JA3S: 34d6f0ad0a79e4cfdf145e640cc93f78][organization: Akamai Technologies Inc.][Cipher: TLS_ECDHE_RSA_WITH_AES_256_CBC_SHA]
	14	TCP 192.168.0.103:41182 <-> 82.85.26.154:443 [proto: 91.211/TLS.Instagram][cat: SocialNetwork/6][8 pkts/896 bytes <-> 6 pkts/4671 bytes][TLSv1][client: igcdn-photos-a-a.akamaihd.net][JA3C: 54ae5fcb0159e2ddf6a50e149221c7c7][server: a248.e.akamai.net][JA3S: 34d6f0ad0a79e4cfdf145e640cc93f78][organization: Akamai Technologies Inc.][Cipher: TLS_ECDHE_RSA_WITH_AES_256_CBC_SHA]
	15	TCP 192.168.0.103:33763 <-> 31.13.93.52:443 [proto: 64.119/TLS_No_Cert.Facebook][cat: SocialNetwork/6][5 pkts/1279 bytes <-> 6 pkts/4118 bytes][PLAIN TEXT (kpaeC.)]
	16	TCP 192.168.0.103:33935 <-> 31.13.93.52:443 [proto: 64.119/TLS_No_Cert.Facebook][cat: SocialNetwork/6][5 pkts/1279 bytes <-> 5 pkts/4020 bytes]
	17	TCP 192.168.0.103:57965 <-> 82.85.26.185:80 [proto: 7.211/HTTP.Instagram][cat: SocialNetwork/6][4 pkts/559 bytes <-> 3 pkts/3456 bytes][Host: photos-f.ak.instagram.com][PLAIN TEXT (GET /hphotos)]
	18	TCP 192.168.0.103:56382 <-> 173.252.107.4:443 [proto: 91.211/TLS.Instagram][cat: SocialNetwork/6][9 pkts/1583 bytes <-> 8 pkts/1064 bytes][TLSv1][client: telegraph-ash.instagram.com][JA3C: 54ae5fcb0159e2ddf6a50e149221c7c7][JA3S: acb741bcdffb787c5a52654c78645bdf][Cipher: TLS_ECDHE_RSA_WITH_AES_128_CBC_SHA]
	19	UDP 192.168.0.106:17500 -> 255.255.255.255:17500 [proto: 121/Dropbox][cat: Cloud/13][4 pkts/580 bytes -> 0 pkts/0 bytes][PLAIN TEXT ( 413767116)]
	20	ICMP 192.168.0.103:0 -> 192.168.0.103:0 [proto: 81/ICMP][cat: Network/14][5 pkts/510 bytes -> 0 pkts/0 bytes]
	21	UDP 192.168.0.103:51219 <-> 8.8.8.8:53 [proto: 5.211/DNS.Instagram][cat: SocialNetwork/6][1 pkts/89 bytes <-> 1 pkts/305 bytes][Host: igcdn-photos-h-a.akamaihd.net][PLAIN TEXT (photos)]
	22	TCP 192.168.0.103:37350 -> 82.85.26.153:80 [proto: 7.211/HTTP.Instagram][cat: SocialNetwork/6][1 pkts/324 bytes -> 0 pkts/0 bytes][Host: photos-a.ak.instagram.com][PLAIN TEXT (GET /hphotos)]
	23	TCP 192.168.0.103:58053 -> 82.85.26.162:80 [proto: 7.211/HTTP.Instagram][cat: SocialNetwork/6][1 pkts/321 bytes -> 0 pkts/0 bytes][Host: photos-g.ak.instagram.com][PLAIN TEXT (GET /hphotos)]
	24	UDP 192.168.0.103:26540 <-> 8.8.8.8:53 [proto: 5.211/DNS.Instagram][cat: SocialNetwork/6][1 pkts/89 bytes <-> 1 pkts/209 bytes][Host: igcdn-photos-g-a.akamaihd.net][PLAIN TEXT (photos)]
	25	UDP 192.168.0.103:33603 <-> 8.8.8.8:53 [proto: 5.211/DNS.Instagram][cat: SocialNetwork/6][1 pkts/89 bytes <-> 1 pkts/209 bytes][Host: igcdn-photos-a-a.akamaihd.net][PLAIN TEXT (photos)]
	26	TCP 192.168.0.103:38817 <-> 46.33.70.160:80 [proto: 7/HTTP][cat: Web/5][2 pkts/132 bytes <-> 1 pkts/66 bytes]
	27	TCP 192.168.0.103:57966 <-> 82.85.26.185:80 [proto: 7/HTTP][cat: Web/5][2 pkts/132 bytes <-> 1 pkts/66 bytes]
	28	TCP 192.168.0.103:58690 -> 46.33.70.159:443 [proto: 91/TLS][cat: Web/5][2 pkts/169 bytes -> 0 pkts/0 bytes]
	29	UDP 192.168.0.106:17500 -> 192.168.0.255:17500 [proto: 121/Dropbox][cat: Cloud/13][1 pkts/145 bytes -> 0 pkts/0 bytes][PLAIN TEXT ( 413767116)]
	30	TCP 46.33.70.150:80 <-> 192.168.0.103:40855 [proto: 7/HTTP][cat: Web/5][1 pkts/74 bytes <-> 1 pkts/66 bytes]
	31	UDP 192.168.0.103:27124 -> 8.8.8.8:53 [proto: 5.211/DNS.Instagram][cat: SocialNetwork/6][1 pkts/85 bytes -> 0 pkts/0 bytes][Host: photos-b.ak.instagram.com][PLAIN TEXT (photos)]


Undetected flows:
	1	UDP 192.168.0.1:520 -> 192.168.0.255:520 [proto: 0/Unknown][1 pkts/66 bytes -> 0 pkts/0 bytes]
