Unknown	2	120	1
MDNS	17	7012	5
SSDP	2	336	2
DHCP	9	3078	2
ICMP	5	350	1
IGMP	1	54	1
ICMPV6	5	478	3
Dropbox	2	1104	1
Apple	150	55443	17
AppleiCloud	217	127654	9
AppleiTunes	74	25151	8
Spotify	2	172	1

JA3 Host Stats: 
		 IP Address                  	 # JA3C     
	1	 192.168.2.17             	 2      


	1	TCP 192.168.2.17:50581 <-> 17.248.185.87:443 [proto: 91.143/TLS.AppleiCloud][cat: Web/5][56 pkts/68759 bytes <-> 21 pkts/9571 bytes][Goodput ratio: 95/85][2.03 sec][ALPN: h2;http/1.1][TLS Supported Versions: TLSv1.3;TLSv1.2;TLSv1.1;TLSv1][bytes ratio: 0.756 (Upload)][IAT c2s/s2c min/avg/max/stddev: 0/0 34/111 655/803 103/219][Pkt Len c2s/s2c min/avg/max/stddev: 66/66 1228/456 1506/1506 541/618][TLSv1.2][Client: p26-keyvalueservice.icloud.com][JA3C: 6fa3244afc6bb6f9fad207b6b52af26b][Plen Bins: 0,1,1,0,0,0,0,0,0,1,0,0,0,0,0,0,1,0,0,0,0,0,0,0,0,0,0,0,0,1,0,0,0,0,3,0,0,0,0,0,0,0,0,0,1,90,0,0]
	2	TCP 192.168.2.17:50575 <-> 17.248.185.140:443 [proto: 91.143/TLS.AppleiCloud][cat: Web/5][13 pkts/3193 bytes <-> 12 pkts/11035 bytes][Goodput ratio: 73/93][0.81 sec][ALPN: h2;http/1.1][TLS Supported Versions: TLSv1.3;TLSv1.2;TLSv1.1;TLSv1][bytes ratio: -0.551 (Download)][IAT c2s/s2c min/avg/max/stddev: 0/0 49/63 154/164 68/71][Pkt Len c2s/s2c min/avg/max/stddev: 66/66 246/920 1224/1506 340/643][TLSv1.2][Client: p26-fmfmobile.icloud.com][JA3C: 6fa3244afc6bb6f9fad207b6b52af26b][Plen Bins: 0,7,7,0,0,0,0,0,0,0,0,0,0,0,0,0,7,7,7,0,0,0,0,0,0,0,0,0,0,0,7,0,0,0,0,0,7,0,0,0,0,0,0,0,0,48,0,0]
	3	TCP 192.168.2.17:50580 <-> 17.248.176.75:443 [proto: 91.143/TLS.AppleiCloud][cat: Web/5][25 pkts/5755 bytes <-> 20 pkts/8110 bytes][Goodput ratio: 71/84][2.03 sec][ALPN: h2;http/1.1][TLS Supported Versions: TLSv1.3;TLSv1.2;TLSv1.1;TLSv1][bytes ratio: -0.170 (Mixed)][IAT c2s/s2c min/avg/max/stddev: 0/0 86/55 651/521 172/132][Pkt Len c2s/s2c min/avg/max/stddev: 66/66 230/406 1128/1506 292/508][TLSv1.2][Client: gateway.icloud.com][JA3C: 6fa3244afc6bb6f9fad207b6b52af26b][Plen Bins: 0,32,8,0,8,4,0,0,0,0,0,8,0,0,0,0,8,12,0,0,0,0,0,0,0,0,0,0,0,0,0,0,4,4,0,0,0,0,0,0,0,0,0,0,0,12,0,0]
	4	TCP 192.168.2.17:50587 <-> 92.123.77.26:443 [proto: 91.145/TLS.AppleiTunes][cat: Streaming/17][19 pkts/4724 bytes <-> 15 pkts/7108 bytes][Goodput ratio: 73/86][0.49 sec][ALPN: h2;http/1.1][TLS Supported Versions: TLSv1.3;TLSv1.2;TLSv1.1;TLSv1][bytes ratio: -0.201 (Download)][IAT c2s/s2c min/avg/max/stddev: 0/0 32/17 146/147 52/42][Pkt Len c2s/s2c min/avg/max/stddev: 66/66 249/474 1506/1506 367/538][TLSv1.2][Client: play.itunes.apple.com][JA3C: 6fa3244afc6bb6f9fad207b6b52af26b][Plen Bins: 5,23,11,0,0,0,0,0,11,0,0,0,5,0,0,5,5,0,0,0,0,0,0,5,0,0,0,0,0,5,0,0,0,0,0,0,0,0,5,0,0,0,0,0,0,16,0,0]
	5	TCP 192.168.2.17:50588 <-> 95.101.24.53:443 [proto: 91.145/TLS.AppleiTunes][cat: Streaming/17][16 pkts/3753 bytes <-> 12 pkts/7714 bytes][Goodput ratio: 72/90][0.17 sec][ALPN: h2;http/1.1][TLS Supported Versions: TLSv1.3;TLSv1.2;TLSv1.1;TLSv1][bytes ratio: -0.345 (Download)][IAT c2s/s2c min/avg/max/stddev: 0/0 10/10 37/56 15/20][Pkt Len c2s/s2c min/avg/max/stddev: 66/66 235/643 1506/1506 366/607][TLSv1.2][Client: sync.itunes.apple.com][JA3C: 6fa3244afc6bb6f9fad207b6b52af26b][Plen Bins: 6,18,12,0,0,0,0,0,12,0,0,0,0,0,0,6,6,0,0,0,0,0,6,0,0,0,0,0,0,0,0,0,0,0,0,0,0,0,6,0,0,0,0,0,0,25,0,0]
	6	TCP 192.168.2.17:50576 <-> 95.101.25.53:443 [proto: 91.140/TLS.Apple][cat: Web/5][15 pkts/2056 bytes <-> 12 pkts/8828 bytes][Goodput ratio: 49/91][0.38 sec][ALPN: h2;http/1.1][TLS Supported Versions: TLSv1.3;TLSv1.2;TLSv1.1;TLSv1][bytes ratio: -0.622 (Download)][IAT c2s/s2c min/avg/max/stddev: 0/0 7/22 36/80 13/32][Pkt Len c2s/s2c min/avg/max/stddev: 66/66 137/736 583/1506 158/574][TLSv1.2][Client: gspe35-ssl.ls.apple.com][JA3C: 55271a105172d5f225e4704755b9b250][Plen Bins: 0,0,7,0,0,0,7,0,31,0,0,0,0,7,0,0,7,0,0,0,0,0,0,0,0,0,0,0,0,0,0,0,0,0,0,0,0,0,7,0,15,0,0,0,0,15,0,0]
	7	TCP 192.168.2.17:50584 <-> 17.248.176.75:443 [proto: 91.143/TLS.AppleiCloud][cat: Web/5][18 pkts/3421 bytes <-> 14 pkts/6608 bytes][Goodput ratio: 65/86][1.06 sec][ALPN: h2;http/1.1][TLS Supported Versions: TLSv1.3;TLSv1.2;TLSv1.1;TLSv1][bytes ratio: -0.318 (Download)][IAT c2s/s2c min/avg/max/stddev: 0/0 37/19 167/155 58/46][Pkt Len c2s/s2c min/avg/max/stddev: 54/66 190/472 1084/1506 257/577][TLSv1.2][Client: gateway.icloud.com][JA3C: 6fa3244afc6bb6f9fad207b6b52af26b][Plen Bins: 0,43,11,0,0,0,0,0,0,0,0,0,5,0,0,0,11,0,0,0,0,5,0,0,0,0,0,0,0,0,0,5,0,0,0,0,0,0,0,0,0,0,0,0,0,17,0,0]
	8	TCP 192.168.2.17:50586 <-> 17.248.176.75:443 [proto: 91.143/TLS.AppleiCloud][cat: Web/5][17 pkts/3443 bytes <-> 13 pkts/6470 bytes][Goodput ratio: 67/87][0.54 sec][ALPN: h2;http/1.1][TLS Supported Versions: TLSv1.3;TLSv1.2;TLSv1.1;TLSv1][bytes ratio: -0.305 (Download)][IAT c2s/s2c min/avg/max/stddev: 0/0 38/20 162/160 58/48][Pkt Len c2s/s2c min/avg/max/stddev: 66/66 203/498 1084/1506 268/585][TLSv1.2][Client: gateway.icloud.com][JA3C: 6fa3244afc6bb6f9fad207b6b52af26b][Plen Bins: 0,43,11,0,0,0,0,0,0,0,0,0,0,0,5,0,11,0,0,5,0,0,0,0,0,0,0,0,0,0,0,5,0,0,0,0,0,0,0,0,0,0,0,0,0,17,0,0]
	9	TCP 192.168.2.17:50583 <-> 104.73.61.30:443 [proto: 91.140/TLS.Apple][cat: Web/5][7 pkts/1003 bytes <-> 7 pkts/6968 bytes][Goodput ratio: 51/93][0.19 sec][ALPN: h2;http/1.1][TLS Supported Versions: TLSv1.3;TLSv1.2;TLSv1.1;TLSv1][bytes ratio: -0.748 (Download)][IAT c2s/s2c min/avg/max/stddev: 0/0 38/9 123/46 46/18][Pkt Len c2s/s2c min/avg/max/stddev: 66/66 143/995 583/1506 180/593][TLSv1.2][Client: cl4.apple.com][JA3C: 6fa3244afc6bb6f9fad207b6b52af26b][Plen Bins: 0,0,0,0,0,0,0,0,0,0,0,0,0,0,0,0,16,0,0,0,0,0,0,0,0,0,0,0,0,0,0,0,0,0,0,0,0,33,16,0,0,0,0,0,0,33,0,0]
	10	TCP 192.168.2.17:50579 <-> 17.253.105.202:443 [proto: 91.140/TLS.Apple][cat: Web/5][12 pkts/1803 bytes <-> 8 pkts/5395 bytes][Goodput ratio: 55/90][2.30 sec][ALPN: h2;http/1.1][TLS Supported Versions: TLSv1.3;TLSv1.2;TLSv1.1;TLSv1][bytes ratio: -0.499 (Download)][IAT c2s/s2c min/avg/max/stddev: 0/0 217/22 1961/130 583/48][Pkt Len c2s/s2c min/avg/max/stddev: 66/66 150/674 583/1506 169/571][TLSv1.2][Client: mesu.apple.com][JA3C: 6fa3244afc6bb6f9fad207b6b52af26b][Plen Bins: 10,0,10,0,0,0,0,0,20,0,10,0,10,0,0,0,10,0,0,0,0,0,0,0,0,0,0,0,0,0,0,0,0,10,0,0,0,0,0,0,0,0,0,0,0,20,0,0]
	11	TCP 192.168.2.17:50578 <-> 17.253.105.202:443 [proto: 91.140/TLS.Apple][cat: Web/5][12 pkts/1781 bytes <-> 8 pkts/5395 bytes][Goodput ratio: 55/90][2.30 sec][ALPN: h2;http/1.1][TLS Supported Versions: TLSv1.3;TLSv1.2;TLSv1.1;TLSv1][bytes ratio: -0.504 (Download)][IAT c2s/s2c min/avg/max/stddev: 0/0 227/22 1825/131 537/49][Pkt Len c2s/s2c min/avg/max/stddev: 66/66 148/674 583/1506 166/571][TLSv1.2][Client: mesu.apple.com][JA3C: 6fa3244afc6bb6f9fad207b6b52af26b][Plen Bins: 10,0,10,0,0,0,0,0,20,0,10,10,0,0,0,0,10,0,0,0,0,0,0,0,0,0,0,0,0,0,0,0,0,10,0,0,0,0,0,0,0,0,0,0,0,20,0,0]
	12	TCP 192.168.2.17:50582 <-> 92.122.252.82:443 [proto: 91.140/TLS.Apple][cat: Web/5][6 pkts/925 bytes <-> 6 pkts/5702 bytes][Goodput ratio: 56/93][0.17 sec][ALPN: h2;http/1.1][TLS Supported Versions: TLSv1.3;TLSv1.2;TLSv1.1;TLSv1][bytes ratio: -0.721 (Download)][IAT c2s/s2c min/avg/max/stddev: 0/0 42/25 122/123 49/49][Pkt Len c2s/s2c min/avg/max/stddev: 66/66 154/950 583/1506 192/630][TLSv1.2][Client: iphone-ld.apple.com][JA3C: 6fa3244afc6bb6f9fad207b6b52af26b][Plen Bins: 0,0,0,0,0,0,0,0,0,0,0,0,0,0,0,0,20,0,0,0,0,0,0,0,0,0,0,0,0,0,0,0,0,0,0,0,0,20,20,0,0,0,0,0,0,40,0,0]
	13	TCP 192.168.2.17:50577 <-> 17.130.2.46:443 [proto: 91.140/TLS.Apple][cat: Web/5][10 pkts/1721 bytes <-> 8 pkts/4801 bytes][Goodput ratio: 61/89][0.67 sec][ALPN: h2;http/1.1][TLS Supported Versions: TLSv1.3;TLSv1.2;TLSv1.1;TLSv1][bytes ratio: -0.472 (Download)][IAT c2s/s2c min/avg/max/stddev: 0/0 81/52 171/161 80/73][Pkt Len c2s/s2c min/avg/max/stddev: 66/66 172/600 583/1506 165/572][TLSv1.2][Client: gsp85-ssl.ls.apple.com][JA3C: 55271a105172d5f225e4704755b9b250][Plen Bins: 0,0,11,0,11,0,0,0,11,11,0,0,11,0,0,0,11,0,0,0,0,0,11,0,0,0,0,0,0,0,0,0,0,0,0,0,0,0,0,0,0,0,0,0,0,22,0,0]
	14	TCP 192.168.2.17:50585 <-> 17.137.166.35:443 [proto: 91.140/TLS.Apple][cat: Web/5][6 pkts/1051 bytes <-> 6 pkts/4246 bytes][Goodput ratio: 61/90][1.05 sec][ALPN: http/1.1][TLS Supported Versions: TLSv1.3;TLSv1.2;TLSv1.1;TLSv1][bytes ratio: -0.603 (Download)][IAT c2s/s2c min/avg/max/stddev: 0/0 132/52 322/206 138/89][Pkt Len c2s/s2c min/avg/max/stddev: 66/66 175/708 583/1506 188/647][TLSv1.2][Client: gsa.apple.com][JA3C: 6fa3244afc6bb6f9fad207b6b52af26b][Plen Bins: 0,16,0,16,0,0,0,0,0,0,0,0,0,0,0,0,16,0,0,0,0,0,0,0,0,0,0,0,16,0,0,0,0,0,0,0,0,0,0,0,0,0,0,0,0,34,0,0]
	15	UDP 0.0.0.0:68 -> 255.255.255.255:67 [proto: 18/DHCP][cat: Network/14][7 pkts/2394 bytes -> 0 pkts/0 bytes][Goodput ratio: 88/0][43.15 sec][Host: lucas-imac][bytes ratio: 1.000 (Upload)][IAT c2s/s2c min/avg/max/stddev: 1022/0 7191/0 8962/0 2834/0][Pkt Len c2s/s2c min/avg/max/stddev: 342/0 342/0 342/0 0/0][DHCP Fingerprint: 1,121,3,6,15,119,252,95,44,46][PLAIN TEXT (iPhone)][Plen Bins: 0,0,0,0,0,0,0,0,0,100,0,0,0,0,0,0,0,0,0,0,0,0,0,0,0,0,0,0,0,0,0,0,0,0,0,0,0,0,0,0,0,0,0,0,0,0,0,0]
	16	UDP 169.254.225.216:5353 -> 224.0.0.251:5353 [proto: 8/MDNS][cat: Network/14][4 pkts/2123 bytes -> 0 pkts/0 bytes][Goodput ratio: 92/0][33.08 sec][Luca’s iMac._odisk._tcp.local][PLAIN TEXT (s iMac)][Plen Bins: 0,25,0,0,0,0,0,0,0,0,0,50,0,0,0,0,0,0,0,0,0,0,0,0,0,0,0,0,0,0,0,0,0,0,0,0,0,25,0,0,0,0,0,0,0,0,0,0]
	17	UDP 192.168.2.1:5353 -> 224.0.0.251:5353 [proto: 8/MDNS][cat: Network/14][4 pkts/2094 bytes -> 0 pkts/0 bytes][Goodput ratio: 92/0][33.08 sec][Luca’s iMac._odisk._tcp.local][PLAIN TEXT (s iMac)][Plen Bins: 0,25,0,0,0,0,0,0,0,0,0,50,0,0,0,0,0,0,0,0,0,0,0,0,0,0,0,0,0,0,0,0,0,0,0,0,25,0,0,0,0,0,0,0,0,0,0,0]
	18	UDP [fe80::c42c:3ff:fe60:6a64]:5353 -> [ff02::fb]:5353 [proto: 8/MDNS][cat: Network/14][3 pkts/2067 bytes -> 0 pkts/0 bytes][Goodput ratio: 91/0][33.08 sec][Luca’s iMac._odisk._tcp.local][PLAIN TEXT (s iMac)][Plen Bins: 0,0,0,0,0,0,0,0,0,0,0,66,0,0,0,0,0,0,0,0,0,0,0,0,0,0,0,0,0,0,0,0,0,0,0,0,33,0,0,0,0,0,0,0,0,0,0,0]
	19	TCP 192.168.2.17:49152 <-> 17.253.105.202:80 [proto: 7.140/HTTP.Apple][cat: Web/5][5 pkts/473 bytes <-> 4 pkts/968 bytes][Goodput ratio: 28/72][0.33 sec][Host: captive.apple.com][bytes ratio: -0.344 (Download)][IAT c2s/s2c min/avg/max/stddev: 0/2 82/80 171/158 82/78][Pkt Len c2s/s2c min/avg/max/stddev: 66/66 95/242 197/762 51/300][URL: captive.apple.com/hotspot-detect.html][StatusCode: 200][Content-Type: text/html][User-Agent: CaptiveNetworkSupport-390.60.1 wispr][PLAIN TEXT (GET /hotspot)][Plen Bins: 0,0,0,0,50,0,0,0,0,0,0,0,0,0,0,0,0,0,0,0,0,50,0,0,0,0,0,0,0,0,0,0,0,0,0,0,0,0,0,0,0,0,0,0,0,0,0,0]
	20	UDP 192.168.2.1:17500 -> 192.168.2.255:17500 [proto: 121/Dropbox][cat: Cloud/13][2 pkts/1104 bytes -> 0 pkts/0 bytes][Goodput ratio: 92/0][30.05 sec][PLAIN TEXT (version)][Plen Bins: 0,0,0,0,0,0,0,0,0,0,0,0,0,0,0,100,0,0,0,0,0,0,0,0,0,0,0,0,0,0,0,0,0,0,0,0,0,0,0,0,0,0,0,0,0,0,0,0]
	21	UDP 192.168.2.1:67 -> 192.168.2.17:68 [proto: 18/DHCP][cat: Network/14][2 pkts/684 bytes -> 0 pkts/0 bytes][Goodput ratio: 88/0][1.02 sec][PLAIN TEXT (iMac.local)][Plen Bins: 0,0,0,0,0,0,0,0,0,100,0,0,0,0,0,0,0,0,0,0,0,0,0,0,0,0,0,0,0,0,0,0,0,0,0,0,0,0,0,0,0,0,0,0,0,0,0,0]
	22	UDP [fe80::823:3f17:8298:a29c]:5353 -> [ff02::fb]:5353 [proto: 8/MDNS][cat: Network/14][4 pkts/512 bytes -> 0 pkts/0 bytes][Goodput ratio: 51/0][3.56 sec][PLAIN TEXT (homekit)][Plen Bins: 0,0,100,0,0,0,0,0,0,0,0,0,0,0,0,0,0,0,0,0,0,0,0,0,0,0,0,0,0,0,0,0,0,0,0,0,0,0,0,0,0,0,0,0,0,0,0,0]
	23	UDP 192.168.2.17:63381 <-> 192.168.2.1:53 [proto: 5.143/DNS.AppleiCloud][cat: Web/5][1 pkts/90 bytes <-> 1 pkts/264 bytes][Goodput ratio: 53/84][0.04 sec][Host: p26-keyvalueservice.icloud.com][17.248.185.87][PLAIN TEXT (valueservice)][Plen Bins: 0,50,0,0,0,0,50,0,0,0,0,0,0,0,0,0,0,0,0,0,0,0,0,0,0,0,0,0,0,0,0,0,0,0,0,0,0,0,0,0,0,0,0,0,0,0,0,0]
	24	ICMP 192.168.2.17:0 -> 192.168.2.1:0 [proto: 81/ICMP][cat: Network/14][5 pkts/350 bytes -> 0 pkts/0 bytes][Goodput ratio: 40/0][0.34 sec][Plen Bins: 100,0,0,0,0,0,0,0,0,0,0,0,0,0,0,0,0,0,0,0,0,0,0,0,0,0,0,0,0,0,0,0,0,0,0,0,0,0,0,0,0,0,0,0,0,0,0,0]
	25	UDP 192.168.2.17:63143 <-> 192.168.2.1:53 [proto: 5.143/DNS.AppleiCloud][cat: Web/5][1 pkts/84 bytes <-> 1 pkts/252 bytes][Goodput ratio: 49/83][0.04 sec][Host: p26-fmfmobile.icloud.com][17.248.185.140][PLAIN TEXT (fmfmobile)][Plen Bins: 0,50,0,0,0,0,50,0,0,0,0,0,0,0,0,0,0,0,0,0,0,0,0,0,0,0,0,0,0,0,0,0,0,0,0,0,0,0,0,0,0,0,0,0,0,0,0,0]
	26	UDP 192.168.2.17:52852 <-> 192.168.2.1:53 [proto: 5.143/DNS.AppleiCloud][cat: Web/5][1 pkts/78 bytes <-> 1 pkts/244 bytes][Goodput ratio: 46/82][0.04 sec][Host: gateway.icloud.com][17.248.176.75][PLAIN TEXT (gateway)][Plen Bins: 0,50,0,0,0,0,50,0,0,0,0,0,0,0,0,0,0,0,0,0,0,0,0,0,0,0,0,0,0,0,0,0,0,0,0,0,0,0,0,0,0,0,0,0,0,0,0,0]
	27	UDP 192.168.2.17:53272 <-> 192.168.2.1:53 [proto: 5.145/DNS.AppleiTunes][cat: Streaming/17][1 pkts/81 bytes <-> 1 pkts/241 bytes][Goodput ratio: 48/82][0.05 sec][Host: play.itunes.apple.com][92.123.77.26][PLAIN TEXT (itunes)][Plen Bins: 0,50,0,0,0,0,50,0,0,0,0,0,0,0,0,0,0,0,0,0,0,0,0,0,0,0,0,0,0,0,0,0,0,0,0,0,0,0,0,0,0,0,0,0,0,0,0,0]
	28	UDP 192.168.2.17:65079 <-> 192.168.2.1:53 [proto: 5.145/DNS.AppleiTunes][cat: Streaming/17][1 pkts/81 bytes <-> 1 pkts/241 bytes][Goodput ratio: 48/82][0.00 sec][Host: play.itunes.apple.com][92.123.77.26][PLAIN TEXT (itunes)][Plen Bins: 0,50,0,0,0,0,50,0,0,0,0,0,0,0,0,0,0,0,0,0,0,0,0,0,0,0,0,0,0,0,0,0,0,0,0,0,0,0,0,0,0,0,0,0,0,0,0,0]
	29	UDP 192.168.2.17:61862 <-> 192.168.2.1:53 [proto: 5.140/DNS.Apple][cat: Web/5][1 pkts/83 bytes <-> 1 pkts/227 bytes][Goodput ratio: 49/81][0.04 sec][Host: gspe35-ssl.ls.apple.com][95.101.25.53][PLAIN TEXT (gspe35)][Plen Bins: 0,50,0,0,0,50,0,0,0,0,0,0,0,0,0,0,0,0,0,0,0,0,0,0,0,0,0,0,0,0,0,0,0,0,0,0,0,0,0,0,0,0,0,0,0,0,0,0]
	30	UDP 192.168.2.17:49880 <-> 192.168.2.1:53 [proto: 5.145/DNS.AppleiTunes][cat: Streaming/17][1 pkts/81 bytes <-> 1 pkts/222 bytes][Goodput ratio: 48/81][0.05 sec][Host: init.itunes.apple.com][95.101.24.53][PLAIN TEXT (itunes)][Plen Bins: 0,50,0,0,0,50,0,0,0,0,0,0,0,0,0,0,0,0,0,0,0,0,0,0,0,0,0,0,0,0,0,0,0,0,0,0,0,0,0,0,0,0,0,0,0,0,0,0]
	31	UDP 192.168.2.17:53317 <-> 192.168.2.1:53 [proto: 5.140/DNS.Apple][cat: Web/5][1 pkts/79 bytes <-> 1 pkts/224 bytes][Goodput ratio: 46/81][0.04 sec][Host: iphone-ld.apple.com][92.122.252.82][PLAIN TEXT (iphone)][Plen Bins: 0,50,0,0,0,50,0,0,0,0,0,0,0,0,0,0,0,0,0,0,0,0,0,0,0,0,0,0,0,0,0,0,0,0,0,0,0,0,0,0,0,0,0,0,0,0,0,0]
	32	UDP 192.168.2.17:63677 <-> 192.168.2.1:53 [proto: 5.145/DNS.AppleiTunes][cat: Streaming/17][1 pkts/81 bytes <-> 1 pkts/222 bytes][Goodput ratio: 48/81][0.04 sec][Host: sync.itunes.apple.com][95.101.24.53][PLAIN TEXT (itunes)][Plen Bins: 0,50,0,0,0,50,0,0,0,0,0,0,0,0,0,0,0,0,0,0,0,0,0,0,0,0,0,0,0,0,0,0,0,0,0,0,0,0,0,0,0,0,0,0,0,0,0,0]
	33	UDP 192.168.2.17:53983 <-> 192.168.2.1:53 [proto: 5.145/DNS.AppleiTunes][cat: Streaming/17][1 pkts/80 bytes <-> 1 pkts/221 bytes][Goodput ratio: 47/81][0.05 sec][Host: bag.itunes.apple.com][95.101.24.53][PLAIN TEXT (itunes)][Plen Bins: 0,50,0,0,0,50,0,0,0,0,0,0,0,0,0,0,0,0,0,0,0,0,0,0,0,0,0,0,0,0,0,0,0,0,0,0,0,0,0,0,0,0,0,0,0,0,0,0]
	34	UDP 192.168.2.17:63377 <-> 192.168.2.1:53 [proto: 5.145/DNS.AppleiTunes][cat: Streaming/17][1 pkts/80 bytes <-> 1 pkts/221 bytes][Goodput ratio: 47/81][0.05 sec][Host: bag.itunes.apple.com][95.101.24.53][PLAIN TEXT (itunes)][Plen Bins: 0,50,0,0,0,50,0,0,0,0,0,0,0,0,0,0,0,0,0,0,0,0,0,0,0,0,0,0,0,0,0,0,0,0,0,0,0,0,0,0,0,0,0,0,0,0,0,0]
	35	UDP 192.168.2.17:51007 <-> 192.168.2.1:53 [proto: 5.140/DNS.Apple][cat: Web/5][1 pkts/77 bytes <-> 1 pkts/221 bytes][Goodput ratio: 45/81][0.04 sec][Host: captive.apple.com][17.253.105.202][PLAIN TEXT (captive)][Plen Bins: 0,50,0,0,0,50,0,0,0,0,0,0,0,0,0,0,0,0,0,0,0,0,0,0,0,0,0,0,0,0,0,0,0,0,0,0,0,0,0,0,0,0,0,0,0,0,0,0]
	36	UDP 192.168.2.17:55457 <-> 192.168.2.1:53 [proto: 5.140/DNS.Apple][cat: Web/5][1 pkts/74 bytes <-> 1 pkts/214 bytes][Goodput ratio: 43/80][0.04 sec][Host: mesu.apple.com][17.253.105.202][PLAIN TEXT (akadns)][Plen Bins: 0,50,0,0,0,50,0,0,0,0,0,0,0,0,0,0,0,0,0,0,0,0,0,0,0,0,0,0,0,0,0,0,0,0,0,0,0,0,0,0,0,0,0,0,0,0,0,0]
	37	UDP 192.168.2.17:62526 <-> 192.168.2.1:53 [proto: 5.140/DNS.Apple][cat: Web/5][1 pkts/73 bytes <-> 1 pkts/212 bytes][Goodput ratio: 42/80][0.05 sec][Host: cl4.apple.com][104.73.61.30][PLAIN TEXT (origin)][Plen Bins: 50,0,0,0,0,50,0,0,0,0,0,0,0,0,0,0,0,0,0,0,0,0,0,0,0,0,0,0,0,0,0,0,0,0,0,0,0,0,0,0,0,0,0,0,0,0,0,0]
	38	UDP 192.168.2.17:52682 <-> 192.168.2.1:53 [proto: 5.143/DNS.AppleiCloud][cat: Web/5][1 pkts/74 bytes <-> 1 pkts/203 bytes][Goodput ratio: 43/79][0.04 sec][Host: www.icloud.com][23.45.74.46][PLAIN TEXT (icloud)][Plen Bins: 0,50,0,0,0,50,0,0,0,0,0,0,0,0,0,0,0,0,0,0,0,0,0,0,0,0,0,0,0,0,0,0,0,0,0,0,0,0,0,0,0,0,0,0,0,0,0,0]
	39	ICMPV6 [fe80::823:3f17:8298:a29c]:0 -> [ff02::16]:0 [proto: 102/ICMPV6][cat: Network/14][2 pkts/260 bytes -> 0 pkts/0 bytes][Goodput ratio: 52/0][1.00 sec][Plen Bins: 0,0,100,0,0,0,0,0,0,0,0,0,0,0,0,0,0,0,0,0,0,0,0,0,0,0,0,0,0,0,0,0,0,0,0,0,0,0,0,0,0,0,0,0,0,0,0,0]
	40	UDP 192.168.2.17:55914 <-> 192.168.2.1:53 [proto: 5.140/DNS.Apple][cat: Web/5][1 pkts/82 bytes <-> 1 pkts/146 bytes][Goodput ratio: 48/71][0.04 sec][Host: gsp85-ssl.ls.apple.com][17.130.2.46][PLAIN TEXT (akadns)][Plen Bins: 0,50,0,50,0,0,0,0,0,0,0,0,0,0,0,0,0,0,0,0,0,0,0,0,0,0,0,0,0,0,0,0,0,0,0,0,0,0,0,0,0,0,0,0,0,0,0,0]
	41	UDP 192.168.2.17:5353 -> 224.0.0.251:5353 [proto: 8/MDNS][cat: Network/14][2 pkts/216 bytes -> 0 pkts/0 bytes][Goodput ratio: 61/0][1.02 sec][PLAIN TEXT (homekit)][Plen Bins: 0,0,100,0,0,0,0,0,0,0,0,0,0,0,0,0,0,0,0,0,0,0,0,0,0,0,0,0,0,0,0,0,0,0,0,0,0,0,0,0,0,0,0,0,0,0,0,0]
	42	UDP 192.168.2.17:64203 <-> 192.168.2.1:53 [proto: 5.140/DNS.Apple][cat: Web/5][1 pkts/80 bytes <-> 1 pkts/135 bytes][Goodput ratio: 47/68][0.04 sec][Host: basejumper.apple.com][::][PLAIN TEXT (basejumper)][Plen Bins: 0,50,50,0,0,0,0,0,0,0,0,0,0,0,0,0,0,0,0,0,0,0,0,0,0,0,0,0,0,0,0,0,0,0,0,0,0,0,0,0,0,0,0,0,0,0,0,0]
	43	UDP 192.168.2.17:52031 <-> 192.168.2.1:53 [proto: 5.140/DNS.Apple][cat: Web/5][1 pkts/73 bytes <-> 1 pkts/127 bytes][Goodput ratio: 42/66][0.03 sec][Host: gsa.apple.com][17.137.166.35][PLAIN TEXT (akadns)][Plen Bins: 50,0,50,0,0,0,0,0,0,0,0,0,0,0,0,0,0,0,0,0,0,0,0,0,0,0,0,0,0,0,0,0,0,0,0,0,0,0,0,0,0,0,0,0,0,0,0,0]
	44	UDP 192.168.2.17:62160 <-> 192.168.2.1:53 [proto: 5.140/DNS.Apple][cat: Web/5][1 pkts/73 bytes <-> 1 pkts/127 bytes][Goodput ratio: 42/66][0.04 sec][Host: gsa.apple.com][17.137.166.35][PLAIN TEXT (akadns)][Plen Bins: 50,0,50,0,0,0,0,0,0,0,0,0,0,0,0,0,0,0,0,0,0,0,0,0,0,0,0,0,0,0,0,0,0,0,0,0,0,0,0,0,0,0,0,0,0,0,0,0]
	45	UDP 192.168.2.1:57621 -> 192.168.2.255:57621 [proto: 156/Spotify][cat: Music/25][2 pkts/172 bytes -> 0 pkts/0 bytes][Goodput ratio: 51/0][30.01 sec][PLAIN TEXT (SpotUdp)][Plen Bins: 0,100,0,0,0,0,0,0,0,0,0,0,0,0,0,0,0,0,0,0,0,0,0,0,0,0,0,0,0,0,0,0,0,0,0,0,0,0,0,0,0,0,0,0,0,0,0,0]
	46	UDP 169.254.225.216:60538 -> 239.255.255.250:1900 [proto: 12/SSDP][cat: System/18][1 pkts/168 bytes -> 0 pkts/0 bytes][Goodput ratio: 75/0][< 1 sec][PLAIN TEXT (SEARCH )][Plen Bins: 0,0,0,100,0,0,0,0,0,0,0,0,0,0,0,0,0,0,0,0,0,0,0,0,0,0,0,0,0,0,0,0,0,0,0,0,0,0,0,0,0,0,0,0,0,0,0,0]
	47	UDP 192.168.2.1:51411 -> 239.255.255.250:1900 [proto: 12/SSDP][cat: System/18][1 pkts/168 bytes -> 0 pkts/0 bytes][Goodput ratio: 75/0][< 1 sec][PLAIN TEXT (SEARCH )][Plen Bins: 0,0,0,100,0,0,0,0,0,0,0,0,0,0,0,0,0,0,0,0,0,0,0,0,0,0,0,0,0,0,0,0,0,0,0,0,0,0,0,0,0,0,0,0,0,0,0,0]
	48	ICMPV6 [fe80::823:3f17:8298:a29c]:0 -> [ff02::2]:0 [proto: 102/ICMPV6][cat: Network/14][2 pkts/132 bytes -> 0 pkts/0 bytes][Goodput ratio: 6/0][4.21 sec][Plen Bins: 100,0,0,0,0,0,0,0,0,0,0,0,0,0,0,0,0,0,0,0,0,0,0,0,0,0,0,0,0,0,0,0,0,0,0,0,0,0,0,0,0,0,0,0,0,0,0,0]
	49	ICMPV6 [::]:0 -> [ff02::1:ff98:a29c]:0 [proto: 102/ICMPV6][cat: Network/14][1 pkts/86 bytes -> 0 pkts/0 bytes][Goodput ratio: 28/0][< 1 sec][Plen Bins: 100,0,0,0,0,0,0,0,0,0,0,0,0,0,0,0,0,0,0,0,0,0,0,0,0,0,0,0,0,0,0,0,0,0,0,0,0,0,0,0,0,0,0,0,0,0,0,0]
	50	IGMP 192.168.2.17:0 -> 224.0.0.22:0 [proto: 82/IGMP][cat: Network/14][1 pkts/54 bytes -> 0 pkts/0 bytes][Goodput ratio: 0/0][< 1 sec][Plen Bins: 0,0,0,0,0,0,0,0,0,0,0,0,0,0,0,0,0,0,0,0,0,0,0,0,0,0,0,0,0,0,0,0,0,0,0,0,0,0,0,0,0,0,0,0,0,0,0,0]


Undetected flows:
	1	UDP 192.168.2.1:5351 -> 224.0.0.1:5350 [proto: 0/Unknown][2 pkts/120 bytes -> 0 pkts/0 bytes][Goodput ratio: 30/0][< 1 sec][Plen Bins: 100,0,0,0,0,0,0,0,0,0,0,0,0,0,0,0,0,0,0,0,0,0,0,0,0,0,0,0,0,0,0,0,0,0,0,0,0,0,0,0,0,0,0,0,0,0,0,0]
