TLS	11	5132	1

JA3 Host Stats: 
		 IP Address                  	 # JA3C     
	1	 10.206.131.18            	 1      


	1	TCP 10.206.131.18:58657 <-> 10.206.65.249:443 [VLAN: 258][proto: 91/TLS][cat: Web/5][5 pkts/1144 bytes <-> 6 pkts/3988 bytes][Goodput ratio: 70/90][0.22 sec][bytes ratio: -0.554 (Download)][IAT c2s/s2c min/avg/max/stddev: 1/0 64/39 164/136 72/50][Pkt Len c2s/s2c min/avg/max/stddev: 68/68 229/665 866/1522 319/650][Risk: ** TLS (probably) not carrying HTTPS **][TLSv1.2][JA3C: 0463681bfef175d3d61ec414c65e482c][Plen Bins: 0,0,0,0,0,0,0,0,0,0,0,0,0,0,0,0,0,0,0,0,0,25,0,0,0,25,0,0,0,0,0,0,0,0,0,0,0,0,0,0,0,0,0,0,0,50,0,0]
