DNS	2	217	1
HTTP	1	56	1
ICMP	1	147	1
TLS	23	2689	2
Facebook	215	51809	12
Google	16	1031	3
HTTP_Proxy	26	3926	1
Amazon	8	2071	2
KakaoTalk	55	9990	15

JA3 Host Stats: 
		 IP Address                  	 # JA3C     
	1	 10.24.82.188             	 2      


	1	TCP 10.24.82.188:43581 <-> 31.13.68.70:443 [proto: 91.119/TLS.Facebook][cat: SocialNetwork/6][17 pkts/3461 bytes <-> 17 pkts/6194 bytes][pktlen c2s avg(stddev)/entropy: 3.0(203.6)/304.3][pktlen s2c avg(stddev)/entropy: 3.2(364.4)/448.8][bytes ratio: -0.28][TLSv1.2][client: graph.facebook.com][JA3C: 051d20e8adbe8dac78945de300764d5e][server: *.facebook.com][JA3S: 6806b8fe92d7d465715d771eb102ff04][organization: Facebook, Inc.][Cipher: TLS_ECDHE_ECDSA_WITH_AES_128_GCM_SHA256]
	2	TCP 10.24.82.188:45211 <-> 31.13.68.84:443 [proto: 91.119/TLS.Facebook][cat: SocialNetwork/6][14 pkts/2575 bytes <-> 15 pkts/6502 bytes][pktlen c2s avg(stddev)/entropy: 2.5(183.9)/331.5][pktlen s2c avg(stddev)/entropy: 3.0(433.5)/513.1][bytes ratio: -0.43][TLSv1.2][client: developers.facebook.com][JA3C: 051d20e8adbe8dac78945de300764d5e][server: *.facebook.com][JA3S: 6806b8fe92d7d465715d771eb102ff04][organization: Facebook, Inc.][Cipher: TLS_ECDHE_ECDSA_WITH_AES_128_GCM_SHA256]
	3	TCP 10.24.82.188:45209 <-> 31.13.68.84:443 [proto: 91.119/TLS.Facebook][cat: SocialNetwork/6][10 pkts/2584 bytes <-> 9 pkts/5123 bytes][pktlen c2s avg(stddev)/entropy: 2.1(258.4)/416.1][pktlen s2c avg(stddev)/entropy: 2.5(569.2)/539.9][bytes ratio: -0.33][TLSv1.2][client: api.facebook.com][JA3C: 051d20e8adbe8dac78945de300764d5e][server: *.facebook.com][JA3S: 6806b8fe92d7d465715d771eb102ff04][organization: Facebook, Inc.][Cipher: TLS_ECDHE_ECDSA_WITH_AES_128_GCM_SHA256]
	4	TCP 10.24.82.188:35503 <-> 173.252.97.2:443 [proto: 91.119/TLS.Facebook][cat: SocialNetwork/6][20 pkts/2849 bytes <-> 18 pkts/4742 bytes][pktlen c2s avg(stddev)/entropy: 3.7(142.4)/154.7][pktlen s2c avg(stddev)/entropy: 2.8(263.4)/439.9][bytes ratio: -0.25][TLSv1][JA3C: dff8a0aa1c904aaea76c5bf624e88333][server: *.facebook.com][JA3S: 6c13ac74a6f75099ef2480748e5d94d2][Cipher: TLS_ECDHE_ECDSA_WITH_RC4_128_SHA]
	5	TCP 10.24.82.188:45213 <-> 31.13.68.84:443 [proto: 91.119/TLS.Facebook][cat: SocialNetwork/6][15 pkts/2508 bytes <-> 13 pkts/5053 bytes][pktlen c2s avg(stddev)/entropy: 3.1(167.2)/222.0][pktlen s2c avg(stddev)/entropy: 2.7(388.7)/490.9][bytes ratio: -0.34][TLSv1][JA3C: dff8a0aa1c904aaea76c5bf624e88333][server: *.facebook.com][JA3S: 6c13ac74a6f75099ef2480748e5d94d2][Cipher: TLS_ECDHE_ECDSA_WITH_RC4_128_SHA]
	6	TCP 10.24.82.188:35511 <-> 173.252.97.2:443 [proto: 91.119/TLS.Facebook][cat: SocialNetwork/6][18 pkts/2390 bytes <-> 18 pkts/4762 bytes][pktlen c2s avg(stddev)/entropy: 3.6(132.8)/133.6][pktlen s2c avg(stddev)/entropy: 2.8(264.6)/439.4][bytes ratio: -0.33][TLSv1][JA3C: dff8a0aa1c904aaea76c5bf624e88333][server: *.facebook.com][JA3S: 6c13ac74a6f75099ef2480748e5d94d2][Cipher: TLS_ECDHE_ECDSA_WITH_RC4_128_SHA]
	7	TCP 10.24.82.188:37821 <-> 210.103.240.15:443 [proto: 91.193/TLS.KakaoTalk][cat: Chat/9][13 pkts/2036 bytes <-> 14 pkts/5090 bytes][pktlen c2s avg(stddev)/entropy: 3.1(156.6)/151.9][pktlen s2c avg(stddev)/entropy: 2.9(363.6)/450.9][bytes ratio: -0.43][TLSv1][JA3C: dff8a0aa1c904aaea76c5bf624e88333][server: *.kakao.com][JA3S: 4192c0a946c5bd9b544b4656d9f624a4 (WEAK)][Cipher: TLS_RSA_WITH_AES_128_CBC_SHA]
	8	TCP 10.24.82.188:51021 <-> 103.246.57.251:8080 [proto: 131/HTTP_Proxy][cat: Web/5][17 pkts/2231 bytes <-> 9 pkts/1695 bytes][pktlen c2s avg(stddev)/entropy: 3.6(131.2)/136.4][pktlen s2c avg(stddev)/entropy: 3.0(188.3)/75.5][bytes ratio: 0.14]
	9	TCP 139.150.0.125:443 <-> 10.24.82.188:46947 [proto: 91/TLS][cat: Web/5][9 pkts/1737 bytes <-> 9 pkts/672 bytes][pktlen c2s avg(stddev)/entropy: 2.8(193.0)/122.5][pktlen s2c avg(stddev)/entropy: 3.1(74.7)/20.9][bytes ratio: 0.44]
	10	TCP 10.24.82.188:58964 <-> 54.255.253.199:5223 [proto: 91.178/TLS.Amazon][cat: Web/5][3 pkts/290 bytes <-> 3 pkts/1600 bytes][pktlen c2s avg(stddev)/entropy: 1.5(96.7)/35.0][pktlen s2c avg(stddev)/entropy: 0.5(533.3)/652.4][bytes ratio: -0.69][TLSv1][server: *.push.samsungosp.com][JA3S: 986d18bb49fadf70a73a06ead3780d55 (INSECURE)][Cipher: TLS_RSA_WITH_RC4_128_MD5][PLAIN TEXT (Gyeonggi do)]
	11	TCP 10.24.82.188:37557 <-> 31.13.68.84:80 [proto: 7.119/HTTP.Facebook][cat: SocialNetwork/6][5 pkts/487 bytes <-> 6 pkts/627 bytes][Host: www.facebook.com][pktlen c2s avg(stddev)/entropy: 2.0(97.4)/73.2][pktlen s2c avg(stddev)/entropy: 2.1(104.5)/104.9][bytes ratio: -0.13][PLAIN TEXT (GET /mobile/status.php HTTP/1.1)]
	12	TCP 10.24.82.188:37553 <-> 31.13.68.84:80 [proto: 7.119/HTTP.Facebook][cat: SocialNetwork/6][5 pkts/487 bytes <-> 5 pkts/571 bytes][Host: www.facebook.com][pktlen c2s avg(stddev)/entropy: 2.0(97.4)/73.2][pktlen s2c avg(stddev)/entropy: 1.8(114.2)/112.4][bytes ratio: -0.08][PLAIN TEXT (GET /mobile/status.php HTTP/1.1)]
	13	TCP 216.58.221.10:80 <-> 10.24.82.188:35922 [proto: 7.126/HTTP.Google][cat: Web/5][7 pkts/392 bytes <-> 7 pkts/392 bytes][pktlen c2s avg(stddev)/entropy: 2.8(56.0)/0.0][pktlen s2c avg(stddev)/entropy: 2.8(56.0)/0.0][bytes ratio: 0.00]
	14	TCP 10.24.82.188:42332 <-> 210.103.240.15:443 [proto: 91/TLS][cat: Web/5][2 pkts/112 bytes <-> 3 pkts/168 bytes][pktlen c2s avg(stddev)/entropy: 1.0(56.0)/0.0][pktlen s2c avg(stddev)/entropy: 1.6(56.0)/0.0][bytes ratio: -0.20]
	15	TCP 31.13.68.73:443 <-> 10.24.82.188:47007 [proto: 91.119/TLS.Facebook][cat: SocialNetwork/6][2 pkts/139 bytes <-> 2 pkts/112 bytes][pktlen c2s avg(stddev)/entropy: 1.0(69.5)/13.5][pktlen s2c avg(stddev)/entropy: 1.0(56.0)/0.0][bytes ratio: 0.11]
	16	UDP 10.24.82.188:57816 <-> 10.188.1.1:53 [proto: 5.193/DNS.KakaoTalk][cat: Chat/9][1 pkts/78 bytes <-> 1 pkts/166 bytes][Host: katalk.kakao.com][pktlen c2s avg(stddev)/entropy: 0.0(78.0)/0.0][pktlen s2c avg(stddev)/entropy: 0.0(166.0)/0.0][bytes ratio: -0.36][PLAIN TEXT (katalk)]
	17	UDP 10.24.82.188:4017 <-> 10.188.1.1:53 [proto: 5.119/DNS.Facebook][cat: SocialNetwork/6][1 pkts/85 bytes <-> 1 pkts/144 bytes][Host: developers.facebook.com][pktlen c2s avg(stddev)/entropy: 0.0(85.0)/0.0][pktlen s2c avg(stddev)/entropy: 0.0(144.0)/0.0][bytes ratio: -0.26][PLAIN TEXT (developers)]
	18	UDP 10.24.82.188:19582 <-> 10.188.1.1:53 [proto: 5.119/DNS.Facebook][cat: SocialNetwork/6][1 pkts/80 bytes <-> 1 pkts/138 bytes][Host: graph.facebook.com][pktlen c2s avg(stddev)/entropy: 0.0(80.0)/0.0][pktlen s2c avg(stddev)/entropy: 0.0(138.0)/0.0][bytes ratio: -0.27][PLAIN TEXT (facebook)]
	19	UDP 10.24.82.188:14650 <-> 10.188.1.1:53 [proto: 5/DNS][cat: Network/14][1 pkts/87 bytes <-> 1 pkts/130 bytes][Host: 2.97.252.173.in-addr.arpa][pktlen c2s avg(stddev)/entropy: 0.0(87.0)/0.0][pktlen s2c avg(stddev)/entropy: 0.0(130.0)/0.0][bytes ratio: -0.20][PLAIN TEXT (facebook)]
	20	UDP 10.24.82.188:35603 <-> 10.188.1.1:53 [proto: 5.193/DNS.KakaoTalk][cat: Chat/9][1 pkts/79 bytes <-> 1 pkts/136 bytes][Host: ac-talk.kakao.com][pktlen c2s avg(stddev)/entropy: 0.0(79.0)/0.0][pktlen s2c avg(stddev)/entropy: 0.0(136.0)/0.0][bytes ratio: -0.27]
	21	UDP 10.24.82.188:41909 <-> 10.188.1.1:53 [proto: 5.193/DNS.KakaoTalk][cat: Chat/9][1 pkts/84 bytes <-> 1 pkts/130 bytes][Host: booking.loco.kakao.com][pktlen c2s avg(stddev)/entropy: 0.0(84.0)/0.0][pktlen s2c avg(stddev)/entropy: 0.0(130.0)/0.0][bytes ratio: -0.21][PLAIN TEXT (booking)]
	22	UDP 10.24.82.188:25117 <-> 10.188.1.1:53 [proto: 5.193/DNS.KakaoTalk][cat: Chat/9][1 pkts/82 bytes <-> 1 pkts/126 bytes][Host: up-gp.talk.kakao.com][pktlen c2s avg(stddev)/entropy: 0.0(82.0)/0.0][pktlen s2c avg(stddev)/entropy: 0.0(126.0)/0.0][bytes ratio: -0.21]
	23	UDP 10.24.82.188:5929 <-> 10.188.1.1:53 [proto: 5.193/DNS.KakaoTalk][cat: Chat/9][1 pkts/81 bytes <-> 1 pkts/124 bytes][Host: up-p.talk.kakao.com][pktlen c2s avg(stddev)/entropy: 0.0(81.0)/0.0][pktlen s2c avg(stddev)/entropy: 0.0(124.0)/0.0][bytes ratio: -0.21]
	24	UDP 10.24.82.188:9094 <-> 10.188.1.1:53 [proto: 5.193/DNS.KakaoTalk][cat: Chat/9][1 pkts/81 bytes <-> 1 pkts/124 bytes][Host: up-v.talk.kakao.com][pktlen c2s avg(stddev)/entropy: 0.0(81.0)/0.0][pktlen s2c avg(stddev)/entropy: 0.0(124.0)/0.0][bytes ratio: -0.21]
	25	UDP 10.24.82.188:12908 <-> 10.188.1.1:53 [proto: 5.193/DNS.KakaoTalk][cat: Chat/9][1 pkts/81 bytes <-> 1 pkts/124 bytes][Host: up-m.talk.kakao.com][pktlen c2s avg(stddev)/entropy: 0.0(81.0)/0.0][pktlen s2c avg(stddev)/entropy: 0.0(124.0)/0.0][bytes ratio: -0.21]
	26	UDP 10.24.82.188:29029 <-> 10.188.1.1:53 [proto: 5.193/DNS.KakaoTalk][cat: Chat/9][1 pkts/81 bytes <-> 1 pkts/124 bytes][Host: up-a.talk.kakao.com][pktlen c2s avg(stddev)/entropy: 0.0(81.0)/0.0][pktlen s2c avg(stddev)/entropy: 0.0(124.0)/0.0][bytes ratio: -0.21]
	27	UDP 10.24.82.188:56820 <-> 10.188.1.1:53 [proto: 5.193/DNS.KakaoTalk][cat: Chat/9][1 pkts/81 bytes <-> 1 pkts/124 bytes][Host: up-c.talk.kakao.com][pktlen c2s avg(stddev)/entropy: 0.0(81.0)/0.0][pktlen s2c avg(stddev)/entropy: 0.0(124.0)/0.0][bytes ratio: -0.21]
	28	UDP 10.24.82.188:61011 <-> 10.188.1.1:53 [proto: 5.193/DNS.KakaoTalk][cat: Chat/9][1 pkts/81 bytes <-> 1 pkts/119 bytes][Host: plus-talk.kakao.com][pktlen c2s avg(stddev)/entropy: 0.0(81.0)/0.0][pktlen s2c avg(stddev)/entropy: 0.0(119.0)/0.0][bytes ratio: -0.19]
	29	UDP 10.24.82.188:61011 <-> 10.188.191.1:53 [proto: 5.193/DNS.KakaoTalk][cat: Chat/9][1 pkts/81 bytes <-> 1 pkts/119 bytes][Host: plus-talk.kakao.com][pktlen c2s avg(stddev)/entropy: 0.0(81.0)/0.0][pktlen s2c avg(stddev)/entropy: 0.0(119.0)/0.0][bytes ratio: -0.19]
	30	UDP 10.24.82.188:24596 <-> 10.188.1.1:53 [proto: 5.119/DNS.Facebook][cat: SocialNetwork/6][1 pkts/78 bytes <-> 1 pkts/118 bytes][Host: api.facebook.com][pktlen c2s avg(stddev)/entropy: 0.0(78.0)/0.0][pktlen s2c avg(stddev)/entropy: 0.0(118.0)/0.0][bytes ratio: -0.20][PLAIN TEXT (facebook)]
	31	UDP 10.24.82.188:38448 <-> 10.188.1.1:53 [proto: 5.193/DNS.KakaoTalk][cat: Chat/9][1 pkts/76 bytes <-> 1 pkts/114 bytes][Host: auth.kakao.com][pktlen c2s avg(stddev)/entropy: 0.0(76.0)/0.0][pktlen s2c avg(stddev)/entropy: 0.0(114.0)/0.0][bytes ratio: -0.20]
	32	UDP 10.24.82.188:58810 <-> 10.188.1.1:53 [proto: 5.193/DNS.KakaoTalk][cat: Chat/9][1 pkts/76 bytes <-> 1 pkts/114 bytes][Host: item.kakao.com][pktlen c2s avg(stddev)/entropy: 0.0(76.0)/0.0][pktlen s2c avg(stddev)/entropy: 0.0(114.0)/0.0][bytes ratio: -0.20]
	33	TCP 10.24.82.188:58927 -> 54.255.253.199:5223 [proto: 178/Amazon][cat: Web/5][2 pkts/181 bytes -> 0 pkts/0 bytes][pktlen c2s avg(stddev)/entropy: 1.0(90.5)/22.5][pktlen s2c avg(stddev)/entropy: 0.0(nan)/0.0][bytes ratio: 1.00]
	34	UDP 10.24.82.188:43077 <-> 10.188.1.1:53 [proto: 5.193/DNS.KakaoTalk][cat: Chat/9][1 pkts/81 bytes <-> 1 pkts/97 bytes][Host: dn-l.talk.kakao.com][pktlen c2s avg(stddev)/entropy: 0.0(81.0)/0.0][pktlen s2c avg(stddev)/entropy: 0.0(97.0)/0.0][bytes ratio: -0.09]
	35	TCP 10.24.82.188:34686 -> 173.194.72.188:5228 [proto: 126/Google][cat: Web/5][1 pkts/164 bytes -> 0 pkts/0 bytes][pktlen c2s avg(stddev)/entropy: 0.0(164.0)/0.0][pktlen s2c avg(stddev)/entropy: 0.0(nan)/0.0][bytes ratio: 1.00]
	36	ICMP 10.24.82.188:0 -> 10.188.191.1:0 [proto: 81/ICMP][cat: Network/14][1 pkts/147 bytes -> 0 pkts/0 bytes][pktlen c2s avg(stddev)/entropy: 0.0(147.0)/0.0][pktlen s2c avg(stddev)/entropy: 0.0(nan)/0.0][bytes ratio: 1.00]
	37	TCP 10.24.82.188:49217 -> 216.58.220.174:443 [proto: 91.126/TLS.Google][cat: Web/5][1 pkts/83 bytes -> 0 pkts/0 bytes][pktlen c2s avg(stddev)/entropy: 0.0(83.0)/0.0][pktlen s2c avg(stddev)/entropy: 0.0(nan)/0.0][bytes ratio: 1.00]
	38	TCP 120.28.26.242:80 -> 10.24.82.188:34503 [proto: 7/HTTP][cat: Web/5][1 pkts/56 bytes -> 0 pkts/0 bytes][pktlen c2s avg(stddev)/entropy: 0.0(56.0)/0.0][pktlen s2c avg(stddev)/entropy: 0.0(nan)/0.0][bytes ratio: 1.00]
