ntop	19	10643	1

	1	TCP 192.168.80.160:55804 <-> 46.101.157.119:80 [proto: 7.26/HTTP.ntop][cat: Network/14][9 pkts/754 bytes <-> 10 pkts/9889 bytes][Host: luca.ntop.org][pktlen c2s avg(stddev)/entropy: 3.0(83.8)/46.2][pktlen s2c avg(stddev)/entropy: 2.9(988.9)/649.2][bytes ratio: -0.86][PLAIN TEXT (GET /0.mp)]
