MSN	364	56503	6

	1	TCP 192.168.1.14:1208 <-> 207.46.108.83:1863 [proto: 68/MSN][cat: Web/5][43 pkts/7166 bytes <-> 48 pkts/9557 bytes][pktlen c2s avg(stddev)/entropy: 4.9(166.7)/60.6][pktlen s2c avg(stddev)/entropy: 5.0(199.1)/41.0][bytes ratio: -0.14][PLAIN TEXT (ANS 89 jujurius@msn.com 1115371)]
	2	TCP 192.168.1.14:1221 <-> 207.46.108.59:1863 [proto: 68/MSN][cat: Web/5][43 pkts/7062 bytes <-> 40 pkts/7349 bytes][pktlen c2s avg(stddev)/entropy: 4.9(164.2)/46.3][pktlen s2c avg(stddev)/entropy: 4.9(183.7)/53.8][bytes ratio: -0.02][PLAIN TEXT (USR 178 OK jujurius@msn.com Jul)]
	3	TCP 192.168.1.14:1217 <-> 207.46.108.41:1863 [proto: 68/MSN][cat: Web/5][46 pkts/7655 bytes <-> 19 pkts/3761 bytes][pktlen c2s avg(stddev)/entropy: 4.9(166.4)/66.0][pktlen s2c avg(stddev)/entropy: 4.2(197.9)/53.3][bytes ratio: 0.34][PLAIN TEXT (IRO 131 1 1 cecile260992@hotmai)]
	4	TCP 192.168.1.14:1037 <-> 207.46.107.149:1863 [proto: 68/MSN][cat: Web/5][41 pkts/2425 bytes <-> 55 pkts/6426 bytes][pktlen c2s avg(stddev)/entropy: 5.0(59.1)/0.9][pktlen s2c avg(stddev)/entropy: 4.5(116.8)/113.0][bytes ratio: -0.45][PLAIN TEXT (RNG 17069658 207.46.108.83)]
	5	TCP 192.168.1.14:1220 <-> 207.46.108.150:1863 [proto: 68/MSN][cat: Web/5][2 pkts/163 bytes <-> 14 pkts/2737 bytes][pktlen c2s avg(stddev)/entropy: 0.9(81.5)/22.5][pktlen s2c avg(stddev)/entropy: 3.7(195.5)/61.1][bytes ratio: -0.89][PLAIN TEXT (IRO 176 1 1 cecile260992@hotmai)]
	6	TCP 192.168.1.14:1176 -> 207.46.108.39:1863 [proto: 68/MSN][cat: Web/5][13 pkts/2202 bytes -> 0 pkts/0 bytes][pktlen c2s avg(stddev)/entropy: 3.6(169.4)/78.7][pktlen s2c avg(stddev)/entropy: 0.0(nan)/0.0][bytes ratio: 1.00][PLAIN TEXT (MSG 77 U 89)]
