DNS	15	1612	1
NestLogSink	759	116848	13

	1	TCP 192.168.242.15:63342 <-> 35.188.154.186:11095 [proto: 43/NestLogSink][cat: Cloud/13][37 pkts/14650 bytes <-> 35 pkts/4115 bytes][bytes ratio: 0.561 (Upload)][IAT c2s/s2c avg/stddev/entropy: 130.3/135.9 226.2/259.6 4.9/4.0][PLAIN TEXT (05CA02AC4414028)]
	2	TCP 192.168.242.15:63345 <-> 35.188.154.186:11095 [proto: 43/NestLogSink][cat: Cloud/13][36 pkts/14613 bytes <-> 35 pkts/4114 bytes][bytes ratio: 0.561 (Upload)][IAT c2s/s2c avg/stddev/entropy: 117.8/119.5 206.5/260.3 4.0/3.7][PLAIN TEXT (05CA02AC4414028)]
	3	TCP 192.168.242.15:63351 <-> 35.188.154.186:11095 [proto: 43/NestLogSink][cat: Cloud/13][25 pkts/9229 bytes <-> 24 pkts/2916 bytes][bytes ratio: 0.520 (Upload)][IAT c2s/s2c avg/stddev/entropy: 148.0/151.8 270.2/312.9 3.4/3.1][PLAIN TEXT (05CA02AC4414028)]
	4	TCP 192.168.242.15:63348 <-> 35.188.154.186:11095 [proto: 43/NestLogSink][cat: Cloud/13][25 pkts/9114 bytes <-> 24 pkts/2915 bytes][bytes ratio: 0.515 (Upload)][IAT c2s/s2c avg/stddev/entropy: 142.2/145.9 245.1/312.3 3.5/3.0][PLAIN TEXT (05CA02AC4414028)]
	5	TCP 192.168.242.15:63343 <-> 35.174.82.237:11095 [proto: 43/NestLogSink][cat: Cloud/13][60 pkts/5549 bytes <-> 56 pkts/5094 bytes][bytes ratio: 0.043 (Mixed)][IAT c2s/s2c avg/stddev/entropy: 30499.0/32717.2 29566.4/29453.9 4.4/4.5][PLAIN TEXT (05CA02AC4414028)]
	6	TCP 192.168.242.15:63352 <-> 35.174.82.237:11095 [proto: 43/NestLogSink][cat: Cloud/13][50 pkts/4894 bytes <-> 46 pkts/4392 bytes][bytes ratio: 0.054 (Mixed)][IAT c2s/s2c avg/stddev/entropy: 30788.4/32197.7 29802.3/29767.3 4.5/4.5][PLAIN TEXT (05CA02AC4414028)]
	7	TCP 192.168.242.15:63346 <-> 35.174.82.237:11095 [proto: 43/NestLogSink][cat: Cloud/13][41 pkts/4409 bytes <-> 37 pkts/3907 bytes][bytes ratio: 0.060 (Mixed)][IAT c2s/s2c avg/stddev/entropy: 26069.8/28966.5 29195.9/29425.8 4.2/4.2][PLAIN TEXT (05CA02AC4414028)]
	8	TCP 192.168.242.15:63349 <-> 35.174.82.237:11095 [proto: 43/NestLogSink][cat: Cloud/13][28 pkts/3254 bytes <-> 24 pkts/3040 bytes][bytes ratio: 0.034 (Mixed)][IAT c2s/s2c avg/stddev/entropy: 22329.1/26212.6 28812.2/29581.7 3.4/3.4][PLAIN TEXT (05CA02AC4414028)]
	9	TCP 192.168.242.15:63350 <-> 35.174.82.237:11095 [proto: 43/NestLogSink][cat: Cloud/13][18 pkts/2655 bytes <-> 14 pkts/2499 bytes][bytes ratio: 0.030 (Mixed)][IAT c2s/s2c avg/stddev/entropy: 9033.7/11813.0 19939.4/22107.5 1.7/1.7][PLAIN TEXT (05CA02AC4414028)]
	10	TCP 192.168.242.15:63340 <-> 35.174.82.237:11095 [proto: 43/NestLogSink][cat: Cloud/13][42 pkts/2576 bytes <-> 41 pkts/2214 bytes][bytes ratio: 0.076 (Mixed)][IAT c2s/s2c avg/stddev/entropy: 39392.2/40376.8 28139.2/27826.2 4.4/4.5]
	11	TCP 192.168.242.15:63344 <-> 35.188.154.186:11095 [proto: 43/NestLogSink][cat: Cloud/13][11 pkts/2565 bytes <-> 10 pkts/1389 bytes][bytes ratio: 0.297 (Upload)][IAT c2s/s2c avg/stddev/entropy: 529.0/580.7 805.4/1095.6 2.1/1.3][PLAIN TEXT (05CA02AC4414028)]
	12	TCP 192.168.242.15:63347 <-> 35.188.154.186:11095 [proto: 43/NestLogSink][cat: Cloud/13][10 pkts/1983 bytes <-> 10 pkts/1390 bytes][bytes ratio: 0.176 (Mixed)][IAT c2s/s2c avg/stddev/entropy: 311.7/304.3 352.2/465.8 2.4/1.9][PLAIN TEXT (05CA02AC4414028)]
	13	TCP 192.168.242.15:63353 <-> 35.188.154.186:11095 [proto: 43/NestLogSink][cat: Cloud/13][10 pkts/1983 bytes <-> 10 pkts/1389 bytes][bytes ratio: 0.176 (Mixed)][IAT c2s/s2c avg/stddev/entropy: 294.4/286.6 352.7/478.7 2.4/1.7][PLAIN TEXT (05CA02AC4414028)]
	14	UDP 192.168.242.15:52849 <-> 192.168.242.1:53 [proto: 5/DNS][cat: Network/14][8 pkts/713 bytes <-> 7 pkts/899 bytes][Host: weave-logsink.nest.com][bytes ratio: -0.115 (Mixed)][IAT c2s/s2c avg/stddev/entropy: 514338.6/600061.7 652670.2/667369.6 1.6/1.6][PLAIN TEXT (logsink)]
