ICMP	30	2100	2
Nintendo	890	320242	12
Amazon	76	10811	7

JA3 Host Stats: 
		 IP Address                  	 # JA3C     
	1	 192.168.12.114           	 1      


	1	UDP 192.168.12.114:55915 <-> 185.118.169.65:27520 [proto: 173/Nintendo][cat: Game/8][169 pkts/61414 bytes <-> 278 pkts/126260 bytes][bytes ratio: -0.346 (Download)][IAT c2s/s2c avg/stddev/entropy: 34.5/18.1 39.5/20.7 4.8/4.6][PLAIN TEXT (pluHnq)]
	2	UDP 192.168.12.114:55915 <-> 93.237.131.235:56066 [proto: 173/Nintendo][cat: Game/8][122 pkts/48332 bytes <-> 35 pkts/5026 bytes][bytes ratio: 0.812 (Upload)][IAT c2s/s2c avg/stddev/entropy: 46.5/140.7 64.7/155.2 4.9/4.2]
	3	UDP 192.168.12.114:55915 <-> 81.61.158.138:51769 [proto: 173/Nintendo][cat: Game/8][122 pkts/46476 bytes <-> 38 pkts/5268 bytes][bytes ratio: 0.796 (Upload)][IAT c2s/s2c avg/stddev/entropy: 44.9/130.4 67.4/156.5 5.0/4.1][PLAIN TEXT (FutwCa)]
	4	TCP 54.187.10.185:443 <-> 192.168.12.114:48328 [proto: 64.178/TLS_No_Cert.Amazon][cat: Web/5][34 pkts/4466 bytes <-> 20 pkts/4021 bytes][bytes ratio: 0.052 (Mixed)][IAT c2s/s2c avg/stddev/entropy: 652.3/1121.3 2435.0/3114.8 2.0/1.9]
	5	TCP 192.168.12.114:41517 <-> 54.192.27.217:443 [proto: 91.173/TLS.Nintendo][cat: Game/8][11 pkts/2898 bytes <-> 10 pkts/4865 bytes][bytes ratio: -0.253 (Download)][IAT c2s/s2c avg/stddev/entropy: 55.2/57.9 82.7/80.1 2.1/2.0][TLSv1.2][client: e0d67c509fb203858ebcb2fe3f88c2aa.baas.nintendo.com][JA3C: 200a99534ce50d35cf40cc3cce4c69b5][server: *.baas.nintendo.com][JA3S: 699a80bdb17efe157c861f92c5bf5d1d][organization: Nintendo Co., Ltd.][Cipher: TLS_ECDHE_RSA_WITH_AES_128_GCM_SHA256]
	6	TCP 192.168.12.114:31329 <-> 54.192.27.8:443 [proto: 91.173/TLS.Nintendo][cat: Game/8][10 pkts/2833 bytes <-> 10 pkts/4866 bytes][bytes ratio: -0.264 (Download)][IAT c2s/s2c avg/stddev/entropy: 56.1/51.8 71.6/65.7 2.2/2.0][TLSv1.2][client: e0d67c509fb203858ebcb2fe3f88c2aa.baas.nintendo.com][JA3C: 200a99534ce50d35cf40cc3cce4c69b5][server: *.baas.nintendo.com][JA3S: 699a80bdb17efe157c861f92c5bf5d1d][organization: Nintendo Co., Ltd.][Cipher: TLS_ECDHE_RSA_WITH_AES_128_GCM_SHA256]
	7	UDP 192.168.12.114:52119 <-> 91.8.243.35:49432 [proto: 173/Nintendo][cat: Game/8][23 pkts/2682 bytes <-> 16 pkts/3408 bytes][bytes ratio: -0.119 (Mixed)][IAT c2s/s2c avg/stddev/entropy: 220.5/198.3 213.0/428.6 3.7/2.1]
	8	UDP 192.168.12.114:52119 <-> 109.21.255.11:50251 [proto: 173/Nintendo][cat: Game/8][8 pkts/1024 bytes <-> 8 pkts/1024 bytes][bytes ratio: 0.000 (Mixed)][IAT c2s/s2c avg/stddev/entropy: 173.7/167.7 157.8/151.5 2.3/2.3]
	9	UDP 192.168.12.114:52119 <-> 134.3.248.25:56955 [proto: 173/Nintendo][cat: Game/8][8 pkts/1040 bytes <-> 7 pkts/922 bytes][bytes ratio: 0.060 (Mixed)][IAT c2s/s2c avg/stddev/entropy: 163.7/176.0 170.5/136.9 2.0/2.1]
	10	ICMP 151.6.184.100:0 -> 192.168.12.114:0 [proto: 81/ICMP][cat: Network/14][21 pkts/1470 bytes -> 0 pkts/0 bytes][bytes ratio: 1.000 (Upload)][IAT c2s/s2c avg/stddev/entropy: 36.3/-nan 88.5/0.0 1.6/0.0]
	11	UDP 192.168.12.114:10184 <-> 192.168.12.1:53 [proto: 5.173/DNS.Nintendo][cat: Game/8][4 pkts/368 bytes <-> 4 pkts/400 bytes][Host: g2df33d01-lp1.p.srv.nintendo.net][bytes ratio: -0.042 (Mixed)][IAT c2s/s2c avg/stddev/entropy: 4.3/4.3 0.5/0.5 1.6/1.6][PLAIN TEXT (nintendo)]
	12	UDP 192.168.12.114:52119 -> 52.10.205.177:34343 [proto: 178/Amazon][cat: Web/5][1 pkts/730 bytes -> 0 pkts/0 bytes]
	13	ICMP 151.6.184.98:0 -> 192.168.12.114:0 [proto: 81/ICMP][cat: Network/14][9 pkts/630 bytes -> 0 pkts/0 bytes][bytes ratio: 1.000 (Upload)][IAT c2s/s2c avg/stddev/entropy: 74.8/-nan 129.7/0.0 1.0/0.0]
	14	UDP 192.168.12.114:55915 <-> 35.158.74.61:10025 [proto: 178/Amazon][cat: Web/5][5 pkts/290 bytes <-> 5 pkts/290 bytes][bytes ratio: 0.000 (Mixed)][IAT c2s/s2c avg/stddev/entropy: 1.0/0.8 1.7/1.3 0.0/0.0]
	15	UDP 192.168.12.114:18874 <-> 192.168.12.1:53 [proto: 5.173/DNS.Nintendo][cat: Game/8][1 pkts/110 bytes <-> 1 pkts/281 bytes][Host: e0d67c509fb203858ebcb2fe3f88c2aa.baas.nintendo.com][PLAIN TEXT (fb203858ebc)]
	16	UDP 192.168.12.114:51035 <-> 192.168.12.1:53 [proto: 5.173/DNS.Nintendo][cat: Game/8][1 pkts/110 bytes <-> 1 pkts/281 bytes][Host: e0d67c509fb203858ebcb2fe3f88c2aa.baas.nintendo.com][PLAIN TEXT (fb203858ebc)]
	17	UDP 192.168.12.114:52119 -> 35.158.74.61:33335 [proto: 173/Nintendo][cat: Game/8][3 pkts/354 bytes -> 0 pkts/0 bytes]
	18	UDP 192.168.12.114:55915 -> 35.158.74.61:33335 [proto: 178/Amazon][cat: Web/5][3 pkts/318 bytes -> 0 pkts/0 bytes][PLAIN TEXT (NATTestId)]
	19	UDP 192.168.12.114:55915 -> 52.10.205.177:34343 [proto: 178/Amazon][cat: Web/5][1 pkts/298 bytes -> 0 pkts/0 bytes]
	20	UDP 192.168.12.114:55915 -> 35.158.74.61:33334 [proto: 178/Amazon][cat: Web/5][5 pkts/290 bytes -> 0 pkts/0 bytes]
	21	TCP 192.168.12.114:11534 <-> 54.146.242.74:443 [proto: 91.178/TLS.Amazon][cat: Web/5][1 pkts/54 bytes <-> 1 pkts/54 bytes]
