Unknown	6	360	1
DNS	3	214	3
HTTP	13	1019	2
Google	27	3176	3
Amazon	20	2715	1
OCS	863	57552	7
PlayStore	1	72	1
GoogleServices	13	2277	2

JA3 Host Stats: 
		 IP Address                  	 # JA3C     
	1	 192.168.180.2            	 4      


	1	TCP 192.168.180.2:49881 -> 178.248.208.54:80 [proto: 7.218/HTTP.OCS][cat: Media/1][751 pkts/44783 bytes -> 0 pkts/0 bytes][Host: ocu03.labgency.ws][pktlen c2s avg(stddev)/entropy: 5.0(59.6)/25.1][pktlen s2c avg(stddev)/entropy: 0.0(nan)/0.0][bytes ratio: 1.00][PLAIN TEXT (POST /catalog/vod)]
	2	TCP 192.168.180.2:36680 -> 178.248.208.54:443 [proto: 91.218/TLS.OCS][cat: Media/1][20 pkts/6089 bytes -> 0 pkts/0 bytes][pktlen c2s avg(stddev)/entropy: 3.4(304.5)/368.0][pktlen s2c avg(stddev)/entropy: 0.0(nan)/0.0][bytes ratio: 1.00][TLSv1][client: ocs.labgency.ws][JA3C: 0534a22b266a64a5cc9a90f7b5c483cc]
	3	TCP 192.168.180.2:42590 -> 178.248.208.210:80 [proto: 7.218/HTTP.OCS][cat: Media/1][83 pkts/5408 bytes -> 0 pkts/0 bytes][Host: www.ocs.fr][pktlen c2s avg(stddev)/entropy: 4.9(65.2)/23.6][pktlen s2c avg(stddev)/entropy: 0.0(nan)/0.0][bytes ratio: 1.00][PLAIN TEXT (GET /data)]
	4	TCP 192.168.180.2:39263 -> 23.21.230.199:443 [proto: 91.178/TLS.Amazon][cat: Web/5][20 pkts/2715 bytes -> 0 pkts/0 bytes][pktlen c2s avg(stddev)/entropy: 3.2(135.8)/253.5][pktlen s2c avg(stddev)/entropy: 0.0(nan)/0.0][bytes ratio: 1.00][TLSv1][client: settings.crashlytics.com][JA3C: b030dba3ca09e2e484b9fa75adc4039c]
	5	TCP 192.168.180.2:32946 -> 64.233.184.188:443 [proto: 91.239/TLS.GoogleServices][cat: Web/5][12 pkts/2212 bytes -> 0 pkts/0 bytes][pktlen c2s avg(stddev)/entropy: 2.3(184.3)/339.0][pktlen s2c avg(stddev)/entropy: 0.0(nan)/0.0][bytes ratio: 1.00][TLSv1.2][client: mtalk.google.com][JA3C: 75edb912bc6f0a222ae3e3e47f5c89b1]
	6	TCP 192.168.180.2:47803 -> 64.233.166.95:443 [proto: 91.126/TLS.Google][cat: Web/5][12 pkts/1608 bytes -> 0 pkts/0 bytes][pktlen c2s avg(stddev)/entropy: 2.9(134.0)/165.6][pktlen s2c avg(stddev)/entropy: 0.0(nan)/0.0][bytes ratio: 1.00][TLSv1][JA3C: 5a236bfc3d18ddef1b1f2f4c9e765d66]
	7	TCP 192.168.180.2:41223 -> 216.58.208.46:443 [proto: 91.126/TLS.Google][cat: Web/5][13 pkts/1448 bytes -> 0 pkts/0 bytes][pktlen c2s avg(stddev)/entropy: 3.2(111.4)/106.3][pktlen s2c avg(stddev)/entropy: 0.0(nan)/0.0][bytes ratio: 1.00][TLSv1][JA3C: 5a236bfc3d18ddef1b1f2f4c9e765d66]
	8	TCP 192.168.180.2:48250 -> 178.248.208.54:80 [proto: 7.218/HTTP.OCS][cat: Media/1][6 pkts/1092 bytes -> 0 pkts/0 bytes][Host: ocu03.labgency.ws][pktlen c2s avg(stddev)/entropy: 1.4(182.0)/287.1][pktlen s2c avg(stddev)/entropy: 0.0(nan)/0.0][bytes ratio: 1.00][PLAIN TEXT (POST /catalog/vod)]
	9	TCP 192.168.180.2:44959 -> 137.135.129.206:80 [proto: 7.7/HTTP][cat: Web/5][7 pkts/540 bytes -> 0 pkts/0 bytes][Host: api.eu01.capptain.com][pktlen c2s avg(stddev)/entropy: 2.7(77.1)/37.3][pktlen s2c avg(stddev)/entropy: 0.0(nan)/0.0][bytes ratio: 1.00][PLAIN TEXT (GET /ip)]
	10	TCP 192.168.180.2:53356 -> 137.135.129.206:80 [proto: 7.7/HTTP][cat: Web/5][6 pkts/479 bytes -> 0 pkts/0 bytes][Host: api.eu01.capptain.com][pktlen c2s avg(stddev)/entropy: 2.3(79.8)/58.7][pktlen s2c avg(stddev)/entropy: 0.0(nan)/0.0][bytes ratio: 1.00][PLAIN TEXT (GET /xmpp)]
	11	TCP 192.168.180.2:47699 -> 64.233.184.188:5228 [proto: 126/Google][cat: Web/5][2 pkts/120 bytes -> 0 pkts/0 bytes][pktlen c2s avg(stddev)/entropy: 1.0(60.0)/0.0][pktlen s2c avg(stddev)/entropy: 0.0(nan)/0.0][bytes ratio: 1.00]
	12	UDP 192.168.180.2:3621 -> 8.8.8.8:53 [proto: 5.5/DNS][cat: Network/14][1 pkts/77 bytes -> 0 pkts/0 bytes][Host: xmpp.device06.eu01.capptain.com][pktlen c2s avg(stddev)/entropy: 0.0(77.0)/0.0][pktlen s2c avg(stddev)/entropy: 0.0(nan)/0.0][bytes ratio: 1.00][PLAIN TEXT (device06)]
	13	UDP 192.168.180.2:48770 -> 8.8.8.8:53 [proto: 5.228/DNS.PlayStore][cat: SoftwareUpdate/19][1 pkts/72 bytes -> 0 pkts/0 bytes][Host: android.clients.google.com][pktlen c2s avg(stddev)/entropy: 0.0(72.0)/0.0][pktlen s2c avg(stddev)/entropy: 0.0(nan)/0.0][bytes ratio: 1.00][PLAIN TEXT (android)]
	14	UDP 192.168.180.2:40097 -> 8.8.8.8:53 [proto: 5.5/DNS][cat: Network/14][1 pkts/70 bytes -> 0 pkts/0 bytes][Host: settings.crashlytics.com][pktlen c2s avg(stddev)/entropy: 0.0(70.0)/0.0][pktlen s2c avg(stddev)/entropy: 0.0(nan)/0.0][bytes ratio: 1.00][PLAIN TEXT (settings)]
	15	UDP 192.168.180.2:1291 -> 8.8.8.8:53 [proto: 5.5/DNS][cat: Network/14][1 pkts/67 bytes -> 0 pkts/0 bytes][Host: api.eu01.capptain.com][pktlen c2s avg(stddev)/entropy: 0.0(67.0)/0.0][pktlen s2c avg(stddev)/entropy: 0.0(nan)/0.0][bytes ratio: 1.00][PLAIN TEXT (capptain)]
	16	UDP 192.168.180.2:11793 -> 8.8.8.8:53 [proto: 5.239/DNS.GoogleServices][cat: Web/5][1 pkts/65 bytes -> 0 pkts/0 bytes][Host: play.googleapis.com][pktlen c2s avg(stddev)/entropy: 0.0(65.0)/0.0][pktlen s2c avg(stddev)/entropy: 0.0(nan)/0.0][bytes ratio: 1.00][PLAIN TEXT (googleapis)]
	17	UDP 192.168.180.2:38472 -> 8.8.8.8:53 [proto: 5.218/DNS.OCS][cat: Media/1][1 pkts/63 bytes -> 0 pkts/0 bytes][Host: ocu03.labgency.ws][pktlen c2s avg(stddev)/entropy: 0.0(63.0)/0.0][pktlen s2c avg(stddev)/entropy: 0.0(nan)/0.0][bytes ratio: 1.00][PLAIN TEXT (labgency)]
	18	UDP 192.168.180.2:2589 -> 8.8.8.8:53 [proto: 5.218/DNS.OCS][cat: Media/1][1 pkts/61 bytes -> 0 pkts/0 bytes][Host: ocs.labgency.ws][pktlen c2s avg(stddev)/entropy: 0.0(61.0)/0.0][pktlen s2c avg(stddev)/entropy: 0.0(nan)/0.0][bytes ratio: 1.00][PLAIN TEXT (labgency)]
	19	UDP 192.168.180.2:24245 -> 8.8.8.8:53 [proto: 5.218/DNS.OCS][cat: Media/1][1 pkts/56 bytes -> 0 pkts/0 bytes][Host: www.ocs.fr][pktlen c2s avg(stddev)/entropy: 0.0(56.0)/0.0][pktlen s2c avg(stddev)/entropy: 0.0(nan)/0.0][bytes ratio: 1.00]


Undetected flows:
	1	TCP 192.168.180.2:46166 -> 137.135.131.52:5122 [proto: 0/Unknown][6 pkts/360 bytes -> 0 pkts/0 bytes][pktlen c2s avg(stddev)/entropy: 2.6(60.0)/0.0][pktlen s2c avg(stddev)/entropy: 0.0(nan)/0.0][bytes ratio: 1.00]
