QUIC	20	12887	1

	1	UDP [3ef4:2194:f4a6:3503:40cd:714:57:c4e4]:64229 <-> [2f3d:64d1:9d59:549b::200e]:443 [proto: 188/QUIC][cat: Web/5][9 pkts/6081 bytes <-> 11 pkts/6806 bytes][Goodput ratio: 91/90][8.46 sec][bytes ratio: -0.056 (Mixed)][IAT c2s/s2c min/avg/max/stddev: 10/0 1198/938 8168/8161 2846/2554][Pkt Len c2s/s2c min/avg/max/stddev: 95/87 676/619 1392/1392 622/598][Plen Bins: 20,30,0,0,5,0,0,0,0,0,0,0,0,0,0,0,0,0,0,0,0,5,0,0,0,0,0,0,0,0,0,0,0,0,0,0,0,0,5,5,0,30,0,0,0,0,0,0]
