QQ	12	4781	5
Facebook	6	1740	3
Google	2	378	1
GenericProtocol	133	96179	11
Amazon	2	1469	1

	1	TCP 10.54.169.250:52009 <-> 120.28.35.40:80 [proto: 7.137/HTTP.GenericProtocol][cat: Streaming/17][35 pkts/17902 bytes <-> 30 pkts/28000 bytes][Host: vod-singtelhawk.quickplay.com][pktlen c2s avg(stddev)/entropy: 5.0(511.5)/26.6][pktlen s2c avg(stddev)/entropy: 4.7(933.3)/493.8][bytes ratio: -0.22][PLAIN TEXT (GET /seg/vol1/s/Warner/qpmezz)]
	2	TCP 10.54.169.250:52019 <-> 120.28.35.40:80 [proto: 7.137/HTTP.GenericProtocol][cat: Streaming/17][14 pkts/7028 bytes <-> 11 pkts/12578 bytes][Host: vod-singtelhawk.quickplay.com][pktlen c2s avg(stddev)/entropy: 3.8(502.0)/0.0][pktlen s2c avg(stddev)/entropy: 3.4(1143.5)/288.0][bytes ratio: -0.28][PLAIN TEXT (GET /seg/vol1/s/Warner/qpmezz)]
	3	TCP 10.54.169.250:52017 <-> 120.28.35.40:80 [proto: 7.137/HTTP.GenericProtocol][cat: Streaming/17][5 pkts/2510 bytes <-> 3 pkts/3522 bytes][Host: vod-singtelhawk.quickplay.com][pktlen c2s avg(stddev)/entropy: 2.3(502.0)/0.0][pktlen s2c avg(stddev)/entropy: 1.5(1174.0)/263.5][bytes ratio: -0.17][PLAIN TEXT (GET /seg/vol1/s/Warner/qpmezz)]
	4	TCP 10.54.169.250:52018 <-> 120.28.35.40:80 [proto: 7.137/HTTP.GenericProtocol][cat: Streaming/17][4 pkts/2008 bytes <-> 3 pkts/3040 bytes][Host: vod-singtelhawk.quickplay.com][pktlen c2s avg(stddev)/entropy: 2.0(502.0)/0.0][pktlen s2c avg(stddev)/entropy: 1.2(1013.3)/626.0][bytes ratio: -0.20][PLAIN TEXT (GET /seg/vol1/s/Warner/qpmezz)]
	5	TCP 10.54.169.250:52022 <-> 120.28.35.40:80 [proto: 7.137/HTTP.GenericProtocol][cat: Streaming/17][4 pkts/2008 bytes <-> 3 pkts/2276 bytes][Host: vod-singtelhawk.quickplay.com][pktlen c2s avg(stddev)/entropy: 2.0(502.0)/0.0][pktlen s2c avg(stddev)/entropy: 1.2(758.7)/525.4][bytes ratio: -0.06][PLAIN TEXT (GET /seg/vol1/s/Warner/qpmezz)]
	6	TCP 10.54.169.250:50669 <-> 120.28.35.41:80 [proto: 7.137/HTTP.GenericProtocol][cat: Media/1][2 pkts/844 bytes <-> 2 pkts/2836 bytes][Host: api-singtelhawk.quickplay.com][pktlen c2s avg(stddev)/entropy: 1.0(422.0)/54.0][pktlen s2c avg(stddev)/entropy: 1.0(1418.0)/38.0][bytes ratio: -0.54][PLAIN TEXT (GET /solr/RestApiSingTel)]
	7	TCP 10.54.169.250:50668 <-> 120.28.35.41:80 [proto: 7.137/HTTP.GenericProtocol][cat: Media/1][2 pkts/733 bytes <-> 2 pkts/2627 bytes][Host: api-singtelhawk.quickplay.com][pktlen c2s avg(stddev)/entropy: 1.0(366.5)/1.5][pktlen s2c avg(stddev)/entropy: 1.0(1313.5)/66.5][bytes ratio: -0.56][PLAIN TEXT (GET /solr/RestApiSingTel)]
	8	TCP 10.54.169.250:52021 <-> 120.28.35.40:80 [proto: 7.137/HTTP.GenericProtocol][cat: Streaming/17][3 pkts/1506 bytes <-> 1 pkts/1248 bytes][Host: vod-singtelhawk.quickplay.com][pktlen c2s avg(stddev)/entropy: 1.6(502.0)/0.0][pktlen s2c avg(stddev)/entropy: 0.0(1248.0)/0.0][bytes ratio: 0.09][PLAIN TEXT (GET /seg/vol1/s/Warner/qpmezz)]
	9	TCP 10.54.169.250:52007 <-> 120.28.35.40:80 [proto: 7.137/HTTP.GenericProtocol][cat: Streaming/17][3 pkts/1583 bytes <-> 1 pkts/1152 bytes][Host: vod-singtelhawk.quickplay.com][pktlen c2s avg(stddev)/entropy: 1.6(527.7)/39.1][pktlen s2c avg(stddev)/entropy: 0.0(1152.0)/0.0][bytes ratio: 0.16][PLAIN TEXT (GET /seg/vol1/s/Warner/qpmezz)]
	10	TCP 10.54.169.250:44256 <-> 120.28.5.41:80 [proto: 7.137/HTTP.GenericProtocol][cat: Streaming/17][2 pkts/1086 bytes <-> 1 pkts/1225 bytes][Host: play-singtelhawk.quickplay.com][pktlen c2s avg(stddev)/entropy: 1.0(543.0)/0.0][pktlen s2c avg(stddev)/entropy: 0.0(1225.0)/0.0][bytes ratio: -0.06][PLAIN TEXT (GET /vstb/playlist)]
	11	TCP 10.54.169.250:56381 <-> 54.179.140.65:80 [proto: 7.178/HTTP.Amazon][cat: Web/5][1 pkts/638 bytes <-> 1 pkts/831 bytes][Host: api.account.xiaomi.com][pktlen c2s avg(stddev)/entropy: 0.0(638.0)/0.0][pktlen s2c avg(stddev)/entropy: 0.0(831.0)/0.0][bytes ratio: -0.13][PLAIN TEXT (GET /pass/v)]
	12	TCP 10.54.169.250:54883 <-> 203.205.151.160:80 [proto: 7.48/HTTP.QQ][cat: Chat/9][2 pkts/1192 bytes <-> 1 pkts/145 bytes][Host: hkextshort.weixin.qq.com][pktlen c2s avg(stddev)/entropy: 1.0(596.0)/0.0][pktlen s2c avg(stddev)/entropy: 0.0(145.0)/0.0][bytes ratio: 0.78][PLAIN TEXT (POST http)]
	13	TCP 10.54.169.250:54885 <-> 203.205.151.160:80 [proto: 7.48/HTTP.QQ][cat: Chat/9][1 pkts/461 bytes <-> 2 pkts/522 bytes][Host: hkextshort.weixin.qq.com][pktlen c2s avg(stddev)/entropy: 0.0(461.0)/0.0][pktlen s2c avg(stddev)/entropy: 1.0(261.0)/0.0][bytes ratio: -0.06][PLAIN TEXT (POST http)]
	14	TCP 10.54.169.250:35670 <-> 203.205.147.215:80 [proto: 7.48/HTTP.QQ][cat: Chat/9][1 pkts/681 bytes <-> 1 pkts/262 bytes][Host: hkminorshort.weixin.qq.com][pktlen c2s avg(stddev)/entropy: 0.0(681.0)/0.0][pktlen s2c avg(stddev)/entropy: 0.0(262.0)/0.0][bytes ratio: 0.44][PLAIN TEXT (POST http)]
	15	TCP 10.54.169.250:42762 <-> 203.205.129.101:80 [proto: 7.48/HTTP.QQ][cat: Chat/9][1 pkts/616 bytes <-> 1 pkts/261 bytes][Host: hkextshort.weixin.qq.com][pktlen c2s avg(stddev)/entropy: 0.0(616.0)/0.0][pktlen s2c avg(stddev)/entropy: 0.0(261.0)/0.0][bytes ratio: 0.40][PLAIN TEXT (POST http)]
	16	TCP 10.54.169.250:42761 <-> 203.205.129.101:80 [proto: 7.48/HTTP.QQ][cat: Chat/9][1 pkts/380 bytes <-> 1 pkts/261 bytes][Host: hkextshort.weixin.qq.com][pktlen c2s avg(stddev)/entropy: 0.0(380.0)/0.0][pktlen s2c avg(stddev)/entropy: 0.0(261.0)/0.0][bytes ratio: 0.19][PLAIN TEXT (POST http)]
	17	TCP 10.54.169.250:52285 <-> 173.252.74.22:80 [proto: 7.119/HTTP.Facebook][cat: SocialNetwork/6][1 pkts/243 bytes <-> 1 pkts/339 bytes][Host: www.facebook.com][pktlen c2s avg(stddev)/entropy: 0.0(243.0)/0.0][pktlen s2c avg(stddev)/entropy: 0.0(339.0)/0.0][bytes ratio: -0.16][PLAIN TEXT (GET /mobile/status.php HTTP/1.1)]
	18	TCP 10.54.169.250:52288 <-> 173.252.74.22:80 [proto: 7.119/HTTP.Facebook][cat: SocialNetwork/6][1 pkts/243 bytes <-> 1 pkts/339 bytes][Host: www.facebook.com][pktlen c2s avg(stddev)/entropy: 0.0(243.0)/0.0][pktlen s2c avg(stddev)/entropy: 0.0(339.0)/0.0][bytes ratio: -0.16][PLAIN TEXT (GET /mobile/status.php HTTP/1.1)]
	19	TCP 10.54.169.250:44793 <-> 31.13.68.49:80 [proto: 7.119/HTTP.Facebook][cat: SocialNetwork/6][1 pkts/237 bytes <-> 1 pkts/339 bytes][Host: www.facebook.com][pktlen c2s avg(stddev)/entropy: 0.0(237.0)/0.0][pktlen s2c avg(stddev)/entropy: 0.0(339.0)/0.0][bytes ratio: -0.18][PLAIN TEXT (GET /mobile/status.php HTTP/1.1)]
	20	TCP 10.54.169.250:33064 <-> 120.28.5.18:80 [proto: 7.137/HTTP.GenericProtocol][cat: Streaming/17][1 pkts/358 bytes <-> 1 pkts/109 bytes][Host: api-singtelhawk.quickplay.com][pktlen c2s avg(stddev)/entropy: 0.0(358.0)/0.0][pktlen s2c avg(stddev)/entropy: 0.0(109.0)/0.0][bytes ratio: 0.53][PLAIN TEXT (GET /solr/RestApiSingTel)]
	21	TCP 10.54.169.250:33277 <-> 120.28.26.231:80 [proto: 7.126/HTTP.Google][cat: Web/5][1 pkts/241 bytes <-> 1 pkts/137 bytes][Host: clients3.google.com][pktlen c2s avg(stddev)/entropy: 0.0(241.0)/0.0][pktlen s2c avg(stddev)/entropy: 0.0(137.0)/0.0][bytes ratio: 0.28][PLAIN TEXT (GET /generate)]
