QUIC	2	2588	1

	1	UDP [::1]:60459 <-> [::1]:4443 [proto: 188/QUIC][cat: Web/5][1 pkts/1294 bytes <-> 1 pkts/1294 bytes][Goodput ratio: 95/95][0.00 sec][TLSv1.3][Client: abcd][Plen Bins: 0,0,0,0,0,0,0,0,0,0,0,0,0,0,0,0,0,0,0,0,0,0,0,0,0,0,0,0,0,0,0,0,0,0,0,0,0,0,100,0,0,0,0,0,0,0,0,0]
