RDP	2010	622743	1

	1	TCP 172.16.2.185:52494 <-> 192.168.2.142:3389 [proto: 88/RDP][cat: RemoteAccess/12][936 pkts/58890 bytes <-> 1074 pkts/563853 bytes][bytes ratio: -0.811 (Download)][IAT c2s/s2c avg/stddev/entropy: 7.7/6.8 48.1/45.4 0.9/1.5][PLAIN TEXT (192.168.2.142)]
