TLS	20	3766	1

JA3 Host Stats: 
		 IP Address                  	 # JA3C     
	1	 127.0.0.1                	 1      


	1	TCP 127.0.0.1:51607 <-> 127.0.0.1:3001 [proto: 91/TLS][cat: Web/5][10 pkts/1421 bytes <-> 10 pkts/2345 bytes][Goodput ratio: 60/76][0.05 sec][ALPN: h2;http/1.1][bytes ratio: -0.245 (Download)][IAT c2s/s2c min/avg/max/stddev: 0/0 5/7 32/32 10/11][Pkt Len c2s/s2c min/avg/max/stddev: 56/44 142/234 573/1413 156/408][TLSv1.2][Client: localhost][JA3C: 2a26b1a62e40d25d4de3babc9d532f30][Plen Bins: 14,14,0,14,0,0,14,0,0,0,0,14,0,0,0,0,14,0,0,0,0,0,0,0,0,0,0,0,0,0,0,0,0,0,0,0,0,0,0,0,0,0,14,0,0,0,0,0]
