SMBv1	7	1197	1

	1	TCP 172.16.156.130:50927 <-> 10.128.0.243:445 [proto: 16/SMBv1][cat: System/18][4 pkts/669 bytes <-> 3 pkts/528 bytes][bytes ratio: 0.118 (Mixed)][IAT c2s/s2c avg/stddev/entropy: 32.3/35.0 4.1/1.0 1.6/1.0][PLAIN TEXT (PC NETWORK PROGRAM 1.0)]
