SMPP	17	1144	1

	1	TCP 10.226.202.118:1770 <-> 10.226.202.53:9000 [proto: 207/SMPP][cat: Download-FileTransfer-FileSharing/7][10 pkts/670 bytes <-> 7 pkts/474 bytes][bytes ratio: 0.171 (Mixed)][IAT c2s/s2c avg/stddev/entropy: 3438.9/5158.7 8985.6/10645.9 0.4/0.4][PLAIN TEXT (password)]
