TLS	6	7205	1

JA3 Host Stats: 
		 IP Address                  	 # JA3C     
	1	 10.0.0.1                 	 1      


	1	TCP 10.0.0.1:31337 <-> 213.199.149.251:443 [proto: 91/TLS][cat: Web/5][1 pkts/181 bytes <-> 5 pkts/7024 bytes][Goodput ratio: 70/96][< 1 sec][bytes ratio: -0.950 (Download)][IAT c2s/s2c min/avg/max/stddev: 0/0 0/0 0/0 0/0][Pkt Len c2s/s2c min/avg/max/stddev: 181/968 181/1405 181/1514 0/218][Risk: ** Obsolete TLS version (< 1.1) **][TLSv1][Client: ads1.msads.net][JA3C: 2201d8e006f8f005a6b415f61e677532][Plen Bins: 0,0,0,16,0,0,0,0,0,0,0,0,0,0,0,0,0,0,0,0,0,0,0,0,0,0,0,0,16,0,0,0,0,0,0,0,0,0,0,0,0,0,0,0,0,67,0,0]
