TLS	48	22229	1

JA3 Host Stats: 
		 IP Address                  	 # JA3C     
	1	 192.168.1.160            	 1      


	1	TCP 192.168.1.160:54804 <-> 151.101.66.49:443 [proto: 91/TLS][cat: Web/5][24 pkts/2404 bytes <-> 24 pkts/19825 bytes][Goodput ratio: 35/92][0.09 sec][ALPN: http/1.1][bytes ratio: -0.784 (Download)][IAT c2s/s2c min/avg/max/stddev: 0/0 4/4 15/21 5/7][Pkt Len c2s/s2c min/avg/max/stddev: 54/66 100/826 583/1434 109/662][TLSv1.2][Client: feodotracker.abuse.ch][JA3C: 2a26b1a62e40d25d4de3babc9d532f30][Plen Bins: 12,16,0,4,0,4,4,0,0,0,0,0,0,0,0,0,4,0,0,0,0,0,0,0,0,0,0,0,0,0,0,0,0,0,0,0,0,0,0,0,0,0,55,0,0,0,0,0]
