VNC	4551	329158	2

	1	TCP 95.237.48.208:59791 <-> 192.168.2.110:6900 [proto: 89/VNC][cat: RemoteAccess/12][2485 pkts/199101 bytes <-> 1058 pkts/57444 bytes][bytes ratio: 0.552 (Upload)][IAT c2s/s2c avg/stddev/entropy: 6.2/15.1 30.8/104.3 2.3/2.8][PLAIN TEXT (ws57U@4.00)]
	2	TCP 95.237.48.208:51559 <-> 192.168.2.110:6900 [proto: 89/VNC][cat: RemoteAccess/12][684 pkts/54893 bytes <-> 324 pkts/17720 bytes][bytes ratio: 0.512 (Upload)][IAT c2s/s2c avg/stddev/entropy: 5.5/11.7 30.1/41.7 3.2/4.5]
