HTTP	22	3182	2
TLS	106	11841	8
SIP	22	15356	1
Google	17	6375	1
Webex	1380	818407	43
Amazon	33	9742	2

JA3 Host Stats: 
		 IP Address                  	 # JA3C     
	1	 10.8.0.1                 	 6      


	1	TCP 10.8.0.1:51155 <-> 62.109.224.120:443 [proto: 91.141/TLS.Webex][cat: VoIP/10][256 pkts/14707 bytes <-> 257 pkts/329379 bytes][bytes ratio: -0.915 (Download)][IAT c2s/s2c avg/stddev/entropy: 243.9/242.9 1526.9/1523.1 2.0/2.0][TLSv1][JA3C: 7cb93b2404a98399e9f84c74fef1fb8f][server: *.webex.com][JA3S: 91589ea825a2ee41810c85fab06d2ef6 (WEAK)][Cipher: TLS_RSA_WITH_AES_256_CBC_SHA]
	2	TCP 10.8.0.1:41348 <-> 64.68.105.103:443 [proto: 91.141/TLS.Webex][cat: VoIP/10][28 pkts/4815 bytes <-> 28 pkts/104881 bytes][bytes ratio: -0.912 (Download)][IAT c2s/s2c avg/stddev/entropy: 101.7/99.6 110.2/96.7 4.0/4.1][TLSv1.2][client: radcom.webex.com][JA3C: f9010d8c34749bdf7659b52227e6f91b][JA3S: c253ec3ad88e42f8da4032682892f9a0 (INSECURE)][Cipher: TLS_RSA_WITH_RC4_128_MD5]
	3	TCP 10.8.0.1:41346 <-> 64.68.105.103:443 [proto: 91.141/TLS.Webex][cat: VoIP/10][48 pkts/11540 bytes <-> 47 pkts/80696 bytes][bytes ratio: -0.750 (Download)][IAT c2s/s2c avg/stddev/entropy: 117.1/118.3 208.0/199.8 3.4/3.6][TLSv1.2][client: radcom.webex.com][JA3C: f9010d8c34749bdf7659b52227e6f91b][server: *.webex.com][JA3S: c253ec3ad88e42f8da4032682892f9a0 (INSECURE)][organization: Cisco Systems, Inc.][Cipher: TLS_RSA_WITH_RC4_128_MD5]
	4	TCP 10.8.0.1:41358 <-> 64.68.105.103:443 [proto: 91.141/TLS.Webex][cat: VoIP/10][19 pkts/2005 bytes <-> 19 pkts/40477 bytes][bytes ratio: -0.906 (Download)][IAT c2s/s2c avg/stddev/entropy: 144.9/142.0 239.6/221.4 3.0/3.1][TLSv1][JA3C: 7cb93b2404a98399e9f84c74fef1fb8f][server: *.webex.com][JA3S: 91589ea825a2ee41810c85fab06d2ef6 (WEAK)][Cipher: TLS_RSA_WITH_AES_256_CBC_SHA]
	5	TCP 10.8.0.1:51194 <-> 62.109.224.120:443 [proto: 91.141/TLS.Webex][cat: VoIP/10][12 pkts/1531 bytes <-> 12 pkts/34357 bytes][bytes ratio: -0.915 (Download)][IAT c2s/s2c avg/stddev/entropy: 340.8/336.0 530.3/534.0 2.2/2.2][TLSv1][JA3C: 7cb93b2404a98399e9f84c74fef1fb8f][server: *.webex.com][JA3S: 91589ea825a2ee41810c85fab06d2ef6 (WEAK)][Cipher: TLS_RSA_WITH_AES_256_CBC_SHA]
	6	TCP 10.8.0.1:41354 <-> 64.68.105.103:443 [proto: 91.141/TLS.Webex][cat: VoIP/10][13 pkts/2145 bytes <-> 13 pkts/24239 bytes][bytes ratio: -0.837 (Download)][IAT c2s/s2c avg/stddev/entropy: 122.9/117.3 168.2/143.3 2.4/2.6][TLSv1][JA3C: 7cb93b2404a98399e9f84c74fef1fb8f][server: *.webex.com][JA3S: 91589ea825a2ee41810c85fab06d2ef6 (WEAK)][Cipher: TLS_RSA_WITH_AES_256_CBC_SHA]
	7	TCP 10.8.0.1:51154 <-> 62.109.224.120:443 [proto: 91.141/TLS.Webex][cat: VoIP/10][55 pkts/12583 bytes <-> 50 pkts/6703 bytes][bytes ratio: 0.305 (Upload)][IAT c2s/s2c avg/stddev/entropy: 1269.2/704.2 2670.2/1359.1 3.7/3.6][TLSv1][JA3C: 7cb93b2404a98399e9f84c74fef1fb8f][server: *.webex.com][JA3S: 91589ea825a2ee41810c85fab06d2ef6 (WEAK)][Cipher: TLS_RSA_WITH_AES_256_CBC_SHA]
	8	UDP 10.8.0.1:64538 -> 172.16.1.75:5060 [proto: 100/SIP][cat: VoIP/10][22 pkts/15356 bytes -> 0 pkts/0 bytes][bytes ratio: 1.000 (Upload)][IAT c2s/s2c avg/stddev/entropy: 4567.2/nan 6643.7/0.0 3.6/0.0][PLAIN TEXT (REGISTER sip)]
	9	TCP 10.8.0.1:51857 <-> 62.109.229.158:443 [proto: 91.141/TLS.Webex][cat: VoIP/10][29 pkts/4559 bytes <-> 21 pkts/5801 bytes][bytes ratio: -0.120 (Mixed)][IAT c2s/s2c avg/stddev/entropy: 762.9/372.6 1576.3/714.1 2.9/2.6][TLSv1][JA3C: 64ea4359ad4b496db653a3f30f7073e6][server: *.webex.com][JA3S: 4192c0a946c5bd9b544b4656d9f624a4 (WEAK)][Cipher: TLS_RSA_WITH_AES_128_CBC_SHA]
	10	TCP 10.8.0.1:46211 <-> 54.241.32.14:443 [proto: 91.178/TLS.Amazon][cat: Web/5][16 pkts/1984 bytes <-> 14 pkts/7584 bytes][bytes ratio: -0.585 (Download)][IAT c2s/s2c avg/stddev/entropy: 2744.3/508.0 8586.6/1382.1 0.8/1.1][TLSv1][client: api.crittercism.com][JA3C: 54ae5fcb0159e2ddf6a50e149221c7c7][server: *.crittercism.com][JA3S: c800cea031c10ffe47e1d72c9264577a (INSECURE)][Cipher: TLS_RSA_WITH_RC4_128_MD5]
	11	TCP 10.8.0.1:41386 <-> 64.68.105.103:443 [proto: 91.141/TLS.Webex][cat: VoIP/10][9 pkts/1417 bytes <-> 8 pkts/6984 bytes][bytes ratio: -0.663 (Download)][IAT c2s/s2c avg/stddev/entropy: 494.4/409.3 687.0/417.8 1.8/2.0][TLSv1][JA3C: 7cb93b2404a98399e9f84c74fef1fb8f][server: *.webex.com][JA3S: 91589ea825a2ee41810c85fab06d2ef6 (WEAK)][Cipher: TLS_RSA_WITH_AES_256_CBC_SHA]
	12	TCP 10.8.0.1:41419 <-> 64.68.105.103:443 [proto: 91.141/TLS.Webex][cat: VoIP/10][7 pkts/1309 bytes <-> 7 pkts/6930 bytes][bytes ratio: -0.682 (Download)][IAT c2s/s2c avg/stddev/entropy: 177.0/170.7 145.9/126.7 2.0/2.2][TLSv1][JA3C: 7cb93b2404a98399e9f84c74fef1fb8f][server: *.webex.com][JA3S: 91589ea825a2ee41810c85fab06d2ef6 (WEAK)][Cipher: TLS_RSA_WITH_AES_256_CBC_SHA]
	13	TCP 10.8.0.1:52730 <-> 173.243.4.76:443 [proto: 91.141/TLS.Webex][cat: VoIP/10][9 pkts/1369 bytes <-> 8 pkts/6621 bytes][bytes ratio: -0.657 (Download)][IAT c2s/s2c avg/stddev/entropy: 374.9/277.0 696.0/376.4 1.3/1.6][TLSv1][JA3C: 7cb93b2404a98399e9f84c74fef1fb8f][server: *.webex.com][JA3S: 91589ea825a2ee41810c85fab06d2ef6 (WEAK)][Cipher: TLS_RSA_WITH_AES_256_CBC_SHA]
	14	TCP 10.8.0.1:44492 <-> 64.68.104.140:443 [proto: 91.141/TLS.Webex][cat: VoIP/10][9 pkts/1369 bytes <-> 8 pkts/6600 bytes][bytes ratio: -0.656 (Download)][IAT c2s/s2c avg/stddev/entropy: 375.2/277.7 698.3/366.8 1.3/1.8][TLSv1][JA3C: 7cb93b2404a98399e9f84c74fef1fb8f][server: *.webex.com][JA3S: 91589ea825a2ee41810c85fab06d2ef6 (WEAK)][Cipher: TLS_RSA_WITH_AES_256_CBC_SHA]
	15	TCP 10.8.0.1:45814 <-> 62.109.231.3:443 [proto: 91.141/TLS.Webex][cat: VoIP/10][8 pkts/1315 bytes <-> 8 pkts/6653 bytes][bytes ratio: -0.670 (Download)][IAT c2s/s2c avg/stddev/entropy: 111.1/101.7 113.9/99.5 1.9/2.0][TLSv1][JA3C: 7cb93b2404a98399e9f84c74fef1fb8f][server: *.webex.com][JA3S: 91589ea825a2ee41810c85fab06d2ef6 (WEAK)][Cipher: TLS_RSA_WITH_AES_256_CBC_SHA]
	16	TCP 10.8.0.1:47498 <-> 209.197.222.159:443 [proto: 91.141/TLS.Webex][cat: VoIP/10][7 pkts/1261 bytes <-> 7 pkts/6535 bytes][bytes ratio: -0.677 (Download)][IAT c2s/s2c avg/stddev/entropy: 515.8/340.8 744.2/373.9 1.3/1.7][TLSv1][JA3C: 7cb93b2404a98399e9f84c74fef1fb8f][server: *.webex.com][JA3S: 91589ea825a2ee41810c85fab06d2ef6 (WEAK)][Cipher: TLS_RSA_WITH_AES_256_CBC_SHA]
	17	TCP 10.8.0.1:57647 <-> 64.68.121.153:443 [proto: 91.141/TLS.Webex][cat: VoIP/10][7 pkts/1261 bytes <-> 7 pkts/6535 bytes][bytes ratio: -0.677 (Download)][IAT c2s/s2c avg/stddev/entropy: 513.8/338.8 727.2/367.1 1.3/1.7][TLSv1][JA3C: 7cb93b2404a98399e9f84c74fef1fb8f][server: *.webex.com][JA3S: 91589ea825a2ee41810c85fab06d2ef6 (WEAK)][Cipher: TLS_RSA_WITH_AES_256_CBC_SHA]
	18	TCP 10.8.0.1:37129 <-> 64.68.105.98:443 [proto: 91.141/TLS.Webex][cat: VoIP/10][9 pkts/1369 bytes <-> 9 pkts/5838 bytes][bytes ratio: -0.620 (Download)][IAT c2s/s2c avg/stddev/entropy: 504.5/487.0 983.3/672.7 1.2/1.8][TLSv1][JA3C: 7cb93b2404a98399e9f84c74fef1fb8f][server: *.webex.com][JA3S: 91589ea825a2ee41810c85fab06d2ef6 (WEAK)][Cipher: TLS_RSA_WITH_AES_256_CBC_SHA]
	19	TCP 10.8.0.1:51370 <-> 64.68.105.97:443 [proto: 91.141/TLS.Webex][cat: VoIP/10][8 pkts/1315 bytes <-> 8 pkts/5784 bytes][bytes ratio: -0.630 (Download)][IAT c2s/s2c avg/stddev/entropy: 413.6/262.3 716.1/354.3 1.2/1.7][TLSv1][JA3C: 7cb93b2404a98399e9f84c74fef1fb8f][server: *.webex.com][JA3S: 91589ea825a2ee41810c85fab06d2ef6 (WEAK)][Cipher: TLS_RSA_WITH_AES_256_CBC_SHA]
	20	TCP 10.8.0.1:55669 <-> 173.243.0.110:443 [proto: 91.141/TLS.Webex][cat: VoIP/10][11 pkts/1830 bytes <-> 12 pkts/4811 bytes][bytes ratio: -0.449 (Download)][IAT c2s/s2c avg/stddev/entropy: 115.0/104.3 177.8/168.9 1.8/1.9][TLSv1][JA3C: 64ea4359ad4b496db653a3f30f7073e6][server: *.webex.com][JA3S: 91589ea825a2ee41810c85fab06d2ef6 (WEAK)][Cipher: TLS_RSA_WITH_AES_256_CBC_SHA]
	21	TCP 10.8.0.1:55665 <-> 173.243.0.110:443 [proto: 91.141/TLS.Webex][cat: VoIP/10][11 pkts/1798 bytes <-> 11 pkts/4757 bytes][bytes ratio: -0.451 (Download)][IAT c2s/s2c avg/stddev/entropy: 139.8/138.6 166.3/155.8 2.4/2.4][TLSv1][JA3C: 64ea4359ad4b496db653a3f30f7073e6][server: *.webex.com][JA3S: 91589ea825a2ee41810c85fab06d2ef6 (WEAK)][Cipher: TLS_RSA_WITH_AES_256_CBC_SHA]
	22	TCP 10.8.0.1:55671 <-> 173.243.0.110:443 [proto: 91.141/TLS.Webex][cat: VoIP/10][11 pkts/1798 bytes <-> 11 pkts/4757 bytes][bytes ratio: -0.451 (Download)][IAT c2s/s2c avg/stddev/entropy: 131.9/131.3 155.0/147.2 2.4/2.4][TLSv1][JA3C: 64ea4359ad4b496db653a3f30f7073e6][server: *.webex.com][JA3S: 91589ea825a2ee41810c85fab06d2ef6 (WEAK)][Cipher: TLS_RSA_WITH_AES_256_CBC_SHA]
	23	TCP 10.8.0.1:55687 <-> 173.243.0.110:443 [proto: 91.141/TLS.Webex][cat: VoIP/10][11 pkts/1798 bytes <-> 11 pkts/4757 bytes][bytes ratio: -0.451 (Download)][IAT c2s/s2c avg/stddev/entropy: 458.4/458.1 701.0/676.8 1.8/1.9][TLSv1][JA3C: 64ea4359ad4b496db653a3f30f7073e6][server: *.webex.com][JA3S: 91589ea825a2ee41810c85fab06d2ef6 (WEAK)][Cipher: TLS_RSA_WITH_AES_256_CBC_SHA]
	24	TCP 10.8.0.1:43433 <-> 216.58.208.40:443 [proto: 91.126/TLS.Google][cat: Web/5][9 pkts/1540 bytes <-> 8 pkts/4835 bytes][bytes ratio: -0.517 (Download)][IAT c2s/s2c avg/stddev/entropy: 480.4/547.7 507.1/505.4 2.1/2.1][TLSv1.2][client: ssl.google-analytics.com][JA3C: 75edb912bc6f0a222ae3e3e47f5c89b1][server: *.google-analytics.com][JA3S: 389ed42c02ebecc32e73aa31def07e14][organization: Google Inc][Cipher: TLS_ECDHE_RSA_WITH_AES_128_GCM_SHA256]
	25	TCP 10.8.0.1:51646 <-> 114.29.204.49:443 [proto: 91.141/TLS.Webex][cat: VoIP/10][9 pkts/895 bytes <-> 8 pkts/4398 bytes][bytes ratio: -0.662 (Download)][IAT c2s/s2c avg/stddev/entropy: 387.8/296.6 510.3/469.6 1.6/1.1][TLSv1][JA3C: 7cb93b2404a98399e9f84c74fef1fb8f][server: *.webex.com][JA3S: 91589ea825a2ee41810c85fab06d2ef6 (WEAK)][Cipher: TLS_RSA_WITH_AES_256_CBC_SHA]
	26	TCP 10.8.0.1:52219 <-> 64.68.121.100:443 [proto: 91.141/TLS.Webex][cat: VoIP/10][8 pkts/841 bytes <-> 7 pkts/4376 bytes][bytes ratio: -0.678 (Download)][IAT c2s/s2c avg/stddev/entropy: 583.0/496.3 795.3/505.1 1.5/1.7][TLSv1][JA3C: 7cb93b2404a98399e9f84c74fef1fb8f][server: *.webex.com][JA3S: 91589ea825a2ee41810c85fab06d2ef6 (WEAK)][Cipher: TLS_RSA_WITH_AES_256_CBC_SHA]
	27	TCP 10.8.0.1:55969 <-> 64.68.121.99:443 [proto: 91.141/TLS.Webex][cat: VoIP/10][8 pkts/841 bytes <-> 7 pkts/4376 bytes][bytes ratio: -0.678 (Download)][IAT c2s/s2c avg/stddev/entropy: 582.6/496.8 798.1/506.8 1.5/1.7][TLSv1][JA3C: 7cb93b2404a98399e9f84c74fef1fb8f][server: *.webex.com][JA3S: 91589ea825a2ee41810c85fab06d2ef6 (WEAK)][Cipher: TLS_RSA_WITH_AES_256_CBC_SHA]
	28	TCP 10.8.0.1:49048 <-> 23.44.253.243:443 [proto: 91.141/TLS.Webex][cat: VoIP/10][7 pkts/1181 bytes <-> 7 pkts/4021 bytes][bytes ratio: -0.546 (Download)][IAT c2s/s2c avg/stddev/entropy: 127.8/115.7 159.1/129.7 1.6/1.8][TLSv1][JA3C: 7cb93b2404a98399e9f84c74fef1fb8f][server: www.webex.com][JA3S: 714ac86d50db68420429ca897688f5f3 (WEAK)][Cipher: TLS_RSA_WITH_AES_256_CBC_SHA]
	29	TCP 10.8.0.1:47116 <-> 114.29.202.139:443 [proto: 91.141/TLS.Webex][cat: VoIP/10][7 pkts/461 bytes <-> 6 pkts/4231 bytes][bytes ratio: -0.803 (Download)][IAT c2s/s2c avg/stddev/entropy: 681.5/596.0 733.9/482.5 1.6/1.6][TLSv1][JA3C: 7cb93b2404a98399e9f84c74fef1fb8f][server: *.webex.com][JA3S: 91589ea825a2ee41810c85fab06d2ef6 (WEAK)][Cipher: TLS_RSA_WITH_AES_256_CBC_SHA]
	30	TCP 10.8.0.1:47841 <-> 114.29.200.11:443 [proto: 91.141/TLS.Webex][cat: VoIP/10][6 pkts/407 bytes <-> 5 pkts/4177 bytes][bytes ratio: -0.822 (Download)][IAT c2s/s2c avg/stddev/entropy: 814.6/744.5 1160.0/804.0 0.9/0.9][TLSv1][JA3C: 7cb93b2404a98399e9f84c74fef1fb8f][server: *.webex.com][JA3S: 91589ea825a2ee41810c85fab06d2ef6 (WEAK)][Cipher: TLS_RSA_WITH_AES_256_CBC_SHA]
	31	TCP 10.8.0.1:33551 <-> 80.74.110.68:443 [proto: 91/TLS][cat: Web/5][10 pkts/1465 bytes <-> 11 pkts/1065 bytes][bytes ratio: 0.158 (Mixed)][IAT c2s/s2c avg/stddev/entropy: 60.0/53.8 92.3/80.2 1.7/1.9][TLSv1][JA3C: dff8a0aa1c904aaea76c5bf624e88333][JA3S: 6dfe5eb347aa509fc445e5628d467a2b (INSECURE)][Cipher: TLS_RSA_WITH_RC4_128_MD5]
	32	TCP 10.8.0.1:33553 <-> 80.74.110.68:443 [proto: 91/TLS][cat: Web/5][10 pkts/1388 bytes <-> 10 pkts/1087 bytes][bytes ratio: 0.122 (Mixed)][IAT c2s/s2c avg/stddev/entropy: 1461.3/1461.3 3266.7/3571.9 0.9/0.7][TLSv1][JA3C: dff8a0aa1c904aaea76c5bf624e88333][JA3S: 6dfe5eb347aa509fc445e5628d467a2b (INSECURE)][Cipher: TLS_RSA_WITH_RC4_128_MD5]
	33	TCP 10.8.0.1:33512 <-> 80.74.110.68:443 [proto: 91/TLS][cat: Web/5][9 pkts/1357 bytes <-> 9 pkts/615 bytes][bytes ratio: 0.376 (Upload)][IAT c2s/s2c avg/stddev/entropy: 7440.8/7440.5 19588.9/19589.0 0.0/0.0][TLSv1][JA3C: dff8a0aa1c904aaea76c5bf624e88333][JA3S: 6dfe5eb347aa509fc445e5628d467a2b (INSECURE)][Cipher: TLS_RSA_WITH_RC4_128_MD5]
	34	TCP 10.8.0.1:33554 <-> 80.74.110.68:443 [proto: 91/TLS][cat: Web/5][9 pkts/1357 bytes <-> 9 pkts/615 bytes][bytes ratio: 0.376 (Upload)][IAT c2s/s2c avg/stddev/entropy: 1642.8/1642.8 4249.1/4249.4 0.2/0.2][TLSv1][JA3C: dff8a0aa1c904aaea76c5bf624e88333][JA3S: 6dfe5eb347aa509fc445e5628d467a2b (INSECURE)][Cipher: TLS_RSA_WITH_RC4_128_MD5]
	35	TCP 10.8.0.1:59756 <-> 78.46.237.91:80 [proto: 7/HTTP][cat: Web/5][6 pkts/970 bytes <-> 6 pkts/821 bytes][Host: cp.pushwoosh.com][bytes ratio: 0.083 (Mixed)][IAT c2s/s2c avg/stddev/entropy: 8230.0/8229.2 16286.2/16287.1 0.1/0.1][PLAIN TEXT (POST /j)]
	36	TCP 10.8.0.1:33559 <-> 80.74.110.68:443 [proto: 91/TLS][cat: Web/5][7 pkts/1280 bytes <-> 6 pkts/453 bytes][bytes ratio: 0.477 (Upload)][IAT c2s/s2c avg/stddev/entropy: 261.5/312.4 578.5/596.1 0.1/0.2][TLSv1][JA3C: dff8a0aa1c904aaea76c5bf624e88333][JA3S: 6dfe5eb347aa509fc445e5628d467a2b (INSECURE)][Cipher: TLS_RSA_WITH_RC4_128_MD5]
	37	TCP 10.8.0.1:59757 <-> 78.46.237.91:80 [proto: 7/HTTP][cat: Web/5][5 pkts/624 bytes <-> 5 pkts/767 bytes][Host: cp.pushwoosh.com][bytes ratio: -0.103 (Mixed)][IAT c2s/s2c avg/stddev/entropy: 10286.0/10285.0 17604.8/17606.0 0.1/0.1][PLAIN TEXT (POST /j)]
	38	UDP 10.8.0.1:51772 <-> 62.109.229.158:9000 [proto: 141/Webex][cat: VoIP/10][14 pkts/1071 bytes <-> 2 pkts/100 bytes][bytes ratio: 0.829 (Upload)][IAT c2s/s2c avg/stddev/entropy: 1556.4/117.0 2183.3/0.0 2.9/0.0]
	39	TCP 10.8.0.1:41350 <-> 64.68.105.103:443 [proto: 91.141/TLS.Webex][cat: VoIP/10][6 pkts/614 bytes <-> 5 pkts/399 bytes][bytes ratio: 0.212 (Upload)][IAT c2s/s2c avg/stddev/entropy: 100.6/125.0 171.7/155.4 0.6/1.0][TLSv1.2][client: radcom.webex.com][JA3C: f9010d8c34749bdf7659b52227e6f91b][JA3S: c253ec3ad88e42f8da4032682892f9a0 (INSECURE)][Cipher: TLS_RSA_WITH_RC4_128_MD5]
	40	TCP 10.8.0.1:41351 <-> 64.68.105.103:443 [proto: 91.141/TLS.Webex][cat: VoIP/10][5 pkts/560 bytes <-> 4 pkts/345 bytes][bytes ratio: 0.238 (Upload)][IAT c2s/s2c avg/stddev/entropy: 112.0/148.3 191.7/207.7 0.1/0.1][TLSv1.2][client: radcom.webex.com][JA3C: f9010d8c34749bdf7659b52227e6f91b][JA3S: c253ec3ad88e42f8da4032682892f9a0 (INSECURE)][Cipher: TLS_RSA_WITH_RC4_128_MD5]
	41	TCP 10.8.0.1:51190 <-> 62.109.224.120:443 [proto: 91.141/TLS.Webex][cat: VoIP/10][7 pkts/501 bytes <-> 4 pkts/216 bytes][bytes ratio: 0.397 (Upload)][IAT c2s/s2c avg/stddev/entropy: 337.8/340.7 472.1/475.4 1.1/0.1][TLSv1][JA3C: 7cb93b2404a98399e9f84c74fef1fb8f]
	42	TCP 10.8.0.1:37139 <-> 64.68.105.98:443 [proto: 91.141/TLS.Webex][cat: VoIP/10][6 pkts/427 bytes <-> 5 pkts/270 bytes][bytes ratio: 0.225 (Upload)][IAT c2s/s2c avg/stddev/entropy: 1078.8/1346.8 2109.2/2283.1 0.1/0.1][TLSv1][JA3C: 7cb93b2404a98399e9f84c74fef1fb8f]
	43	TCP 10.8.0.1:41394 <-> 64.68.105.103:443 [proto: 91.141/TLS.Webex][cat: VoIP/10][6 pkts/427 bytes <-> 5 pkts/270 bytes][bytes ratio: 0.225 (Upload)][IAT c2s/s2c avg/stddev/entropy: 2407.4/3007.2 4771.4/5164.9 0.1/0.1][TLSv1][JA3C: 7cb93b2404a98399e9f84c74fef1fb8f]
	44	TCP 10.8.0.1:41757 <-> 114.29.213.212:443 [proto: 91.141/TLS.Webex][cat: VoIP/10][6 pkts/427 bytes <-> 5 pkts/270 bytes][bytes ratio: 0.225 (Upload)][IAT c2s/s2c avg/stddev/entropy: 1082.8/1350.2 2104.8/2277.6 0.2/0.2][TLSv1][JA3C: 7cb93b2404a98399e9f84c74fef1fb8f]
	45	TCP 10.8.0.1:47135 <-> 114.29.202.139:443 [proto: 91.141/TLS.Webex][cat: VoIP/10][6 pkts/427 bytes <-> 5 pkts/270 bytes][bytes ratio: 0.225 (Upload)][IAT c2s/s2c avg/stddev/entropy: 1085.0/1353.2 2102.2/2274.8 0.2/0.2][TLSv1][JA3C: 7cb93b2404a98399e9f84c74fef1fb8f]
	46	TCP 10.8.0.1:51134 <-> 62.109.224.120:443 [proto: 91.141/TLS.Webex][cat: VoIP/10][6 pkts/427 bytes <-> 5 pkts/270 bytes][bytes ratio: 0.225 (Upload)][IAT c2s/s2c avg/stddev/entropy: 6007.4/7508.0 11976.3/12964.4 0.0/0.0][TLSv1][JA3C: 7cb93b2404a98399e9f84c74fef1fb8f]
	47	TCP 10.8.0.1:51135 <-> 62.109.224.120:443 [proto: 91.141/TLS.Webex][cat: VoIP/10][6 pkts/427 bytes <-> 5 pkts/270 bytes][bytes ratio: 0.225 (Upload)][IAT c2s/s2c avg/stddev/entropy: 6006.6/7507.0 11978.7/12966.7 0.0/0.0][TLSv1][JA3C: 7cb93b2404a98399e9f84c74fef1fb8f]
	48	TCP 10.8.0.1:51676 <-> 114.29.204.49:443 [proto: 91.141/TLS.Webex][cat: VoIP/10][6 pkts/427 bytes <-> 5 pkts/270 bytes][bytes ratio: 0.225 (Upload)][IAT c2s/s2c avg/stddev/entropy: 1080.4/1348.5 2107.4/2280.4 0.2/0.1][TLSv1][JA3C: 7cb93b2404a98399e9f84c74fef1fb8f]
	49	TCP 10.8.0.1:33511 <-> 80.74.110.68:443 [proto: 91/TLS][cat: Web/5][4 pkts/452 bytes <-> 4 pkts/216 bytes][bytes ratio: 0.353 (Upload)][IAT c2s/s2c avg/stddev/entropy: 19827.0/19826.0 28021.9/28022.6 0.0/0.0][TLSv1][JA3C: dff8a0aa1c904aaea76c5bf624e88333]
	50	TCP 10.8.0.1:51833 <-> 62.109.229.158:443 [proto: 91.141/TLS.Webex][cat: VoIP/10][4 pkts/423 bytes <-> 4 pkts/216 bytes][bytes ratio: 0.324 (Upload)][IAT c2s/s2c avg/stddev/entropy: 4998.3/4997.7 7029.8/7031.7 0.0/0.0][TLSv1][JA3C: 64ea4359ad4b496db653a3f30f7073e6]
	51	TCP 10.8.0.1:51839 <-> 62.109.229.158:443 [proto: 91.141/TLS.Webex][cat: VoIP/10][4 pkts/423 bytes <-> 4 pkts/216 bytes][bytes ratio: 0.324 (Upload)][IAT c2s/s2c avg/stddev/entropy: 5044.3/5043.7 7097.0/7097.5 0.0/0.0][TLSv1][JA3C: 64ea4359ad4b496db653a3f30f7073e6]
	52	TCP 10.8.0.1:41726 <-> 114.29.213.212:443 [proto: 91.141/TLS.Webex][cat: VoIP/10][4 pkts/299 bytes <-> 4 pkts/216 bytes][bytes ratio: 0.161 (Mixed)][IAT c2s/s2c avg/stddev/entropy: 694.7/693.7 978.2/978.9 0.0/0.0][TLSv1][JA3C: 7cb93b2404a98399e9f84c74fef1fb8f]
	53	TCP 10.8.0.1:51195 <-> 62.109.224.120:443 [proto: 91.141/TLS.Webex][cat: VoIP/10][3 pkts/245 bytes <-> 2 pkts/108 bytes][TLSv1][JA3C: 7cb93b2404a98399e9f84c74fef1fb8f]
	54	TCP 10.133.206.47:33459 <-> 80.74.110.68:443 [proto: 91/TLS][cat: Web/5][3 pkts/209 bytes <-> 2 pkts/108 bytes]
	55	TCP 10.8.0.1:51859 <-> 62.109.229.158:443 [proto: 91.141/TLS.Webex][cat: VoIP/10][2 pkts/128 bytes <-> 1 pkts/54 bytes]
	56	TCP 10.133.206.47:54651 <-> 185.63.147.10:443 [proto: 91/TLS][cat: Web/5][1 pkts/66 bytes <-> 2 pkts/108 bytes]
	57	TCP 10.133.206.47:59447 <-> 107.20.242.44:443 [proto: 91.178/TLS.Amazon][cat: Web/5][1 pkts/66 bytes <-> 2 pkts/108 bytes]
