DNS	6	494	3
HTTP	70	4620	8
MDNS	116	10672	4
NTP	1	90	1
NetBIOS	12	1579	2
DHCP	1	342	1
QQ	26	9402	2
IGMP	24	1280	4
TLS	21	1209	3
ICMPV6	4	328	3
Google	113	24811	15
LLMNR	12	944	6
WeChat	1251	606425	49
GoogleDocs	15	5114	2

JA3 Host Stats: 
		 IP Address                  	 # JA3C     
	1	 192.168.1.103            	 3      


	1	TCP 203.205.151.162:443 <-> 192.168.1.103:54058 [proto: 64.197/TLS_No_Cert.WeChat][cat: SocialNetwork/6][88 pkts/15114 bytes <-> 91 pkts/61842 bytes][pktlen c2s avg(stddev)/entropy: 4.7(171.8)/98.8][pktlen s2c avg(stddev)/entropy: 4.3(679.6)/593.7][bytes ratio: -0.61][PLAIN TEXT (@WPDFg)]
	2	TCP 192.168.1.103:54101 <-> 203.205.151.162:443 [proto: 91.197/TLS.WeChat][cat: SocialNetwork/6][46 pkts/12575 bytes <-> 40 pkts/53424 bytes][pktlen c2s avg(stddev)/entropy: 3.7(273.4)/407.2][pktlen s2c avg(stddev)/entropy: 4.8(1335.6)/922.0][bytes ratio: -0.62][TLSv1.2][client: web.wechat.com][JA3C: e330bca99c8a5256ae126a55c4c725c5][server: web.wechat.com][JA3S: 699a80bdb17efe157c861f92c5bf5d1d][organization: Tencent Mobility Limited][Cipher: TLS_ECDHE_RSA_WITH_AES_128_GCM_SHA256]
	3	TCP 192.168.1.103:54103 <-> 203.205.151.162:443 [proto: 91.197/TLS.WeChat][cat: SocialNetwork/6][50 pkts/23958 bytes <-> 46 pkts/39684 bytes][pktlen c2s avg(stddev)/entropy: 4.5(479.2)/492.4][pktlen s2c avg(stddev)/entropy: 4.0(862.7)/921.8][bytes ratio: -0.25][TLSv1.2][client: web.wechat.com][JA3C: e330bca99c8a5256ae126a55c4c725c5][server: web.wechat.com][JA3S: 699a80bdb17efe157c861f92c5bf5d1d][organization: Tencent Mobility Limited][Cipher: TLS_ECDHE_RSA_WITH_AES_128_GCM_SHA256]
	4	TCP 192.168.1.103:54113 <-> 203.205.151.162:443 [proto: 91.197/TLS.WeChat][cat: SocialNetwork/6][38 pkts/8933 bytes <-> 35 pkts/35112 bytes][pktlen c2s avg(stddev)/entropy: 3.8(235.1)/368.4][pktlen s2c avg(stddev)/entropy: 4.6(1003.2)/649.4][bytes ratio: -0.59][TLSv1.2][client: web.wechat.com][JA3C: e330bca99c8a5256ae126a55c4c725c5][server: web.wechat.com][JA3S: 699a80bdb17efe157c861f92c5bf5d1d][organization: Tencent Mobility Limited][Cipher: TLS_ECDHE_RSA_WITH_AES_128_GCM_SHA256]
	5	TCP 192.168.1.103:54099 <-> 203.205.151.162:443 [proto: 91.197/TLS.WeChat][cat: SocialNetwork/6][25 pkts/9013 bytes <-> 29 pkts/27440 bytes][pktlen c2s avg(stddev)/entropy: 3.7(360.5)/450.4][pktlen s2c avg(stddev)/entropy: 4.4(946.2)/673.4][bytes ratio: -0.51][TLSv1.2][client: web.wechat.com][JA3C: e330bca99c8a5256ae126a55c4c725c5][server: web.wechat.com][JA3S: 699a80bdb17efe157c861f92c5bf5d1d][organization: Tencent Mobility Limited][Cipher: TLS_ECDHE_RSA_WITH_AES_128_GCM_SHA256]
	6	TCP 192.168.1.103:54119 <-> 203.205.151.162:443 [proto: 91.197/TLS.WeChat][cat: SocialNetwork/6][26 pkts/8129 bytes <-> 24 pkts/22836 bytes][pktlen c2s avg(stddev)/entropy: 3.7(312.7)/423.4][pktlen s2c avg(stddev)/entropy: 3.8(951.5)/963.9][bytes ratio: -0.47][TLSv1.2][client: web.wechat.com][JA3C: e330bca99c8a5256ae126a55c4c725c5][server: web.wechat.com][JA3S: 699a80bdb17efe157c861f92c5bf5d1d][organization: Tencent Mobility Limited][Cipher: TLS_ECDHE_RSA_WITH_AES_128_GCM_SHA256]
	7	TCP 192.168.1.103:58038 <-> 203.205.147.171:443 [proto: 91.197/TLS.WeChat][cat: SocialNetwork/6][34 pkts/17556 bytes <-> 25 pkts/12172 bytes][pktlen c2s avg(stddev)/entropy: 4.4(516.4)/494.4][pktlen s2c avg(stddev)/entropy: 3.7(486.9)/579.4][bytes ratio: 0.18][TLSv1.2][client: web.wechat.com][JA3C: e330bca99c8a5256ae126a55c4c725c5][server: web.wechat.com][JA3S: 699a80bdb17efe157c861f92c5bf5d1d][organization: Tencent Mobility Limited][Cipher: TLS_ECDHE_RSA_WITH_AES_128_GCM_SHA256]
	8	TCP 192.168.1.103:54089 <-> 203.205.151.162:443 [proto: 91.197/TLS.WeChat][cat: SocialNetwork/6][21 pkts/7826 bytes <-> 20 pkts/18761 bytes][pktlen c2s avg(stddev)/entropy: 3.5(372.7)/453.9][pktlen s2c avg(stddev)/entropy: 3.3(938.0)/1304.2][bytes ratio: -0.41][TLSv1.2][client: web.wechat.com][JA3C: e330bca99c8a5256ae126a55c4c725c5][server: web.wechat.com][JA3S: 699a80bdb17efe157c861f92c5bf5d1d][organization: Tencent Mobility Limited][Cipher: TLS_ECDHE_RSA_WITH_AES_128_GCM_SHA256]
	9	TCP 192.168.1.103:54095 <-> 203.205.151.162:443 [proto: 91.197/TLS.WeChat][cat: SocialNetwork/6][21 pkts/7825 bytes <-> 18 pkts/17898 bytes][pktlen c2s avg(stddev)/entropy: 3.5(372.6)/453.8][pktlen s2c avg(stddev)/entropy: 2.7(994.3)/1870.8][bytes ratio: -0.39][TLSv1.2][client: web.wechat.com][JA3C: e330bca99c8a5256ae126a55c4c725c5][server: web.wechat.com][JA3S: 699a80bdb17efe157c861f92c5bf5d1d][organization: Tencent Mobility Limited][Cipher: TLS_ECDHE_RSA_WITH_AES_128_GCM_SHA256]
	10	TCP 192.168.1.103:58040 <-> 203.205.147.171:443 [proto: 91.197/TLS.WeChat][cat: SocialNetwork/6][29 pkts/17545 bytes <-> 20 pkts/6923 bytes][pktlen c2s avg(stddev)/entropy: 4.1(605.0)/586.5][pktlen s2c avg(stddev)/entropy: 3.3(346.1)/471.8][bytes ratio: 0.43][TLSv1.2][client: web.wechat.com][JA3C: e330bca99c8a5256ae126a55c4c725c5][server: web.wechat.com][JA3S: 699a80bdb17efe157c861f92c5bf5d1d][organization: Tencent Mobility Limited][Cipher: TLS_ECDHE_RSA_WITH_AES_128_GCM_SHA256]
	11	TCP 192.168.1.103:54097 <-> 203.205.151.162:443 [proto: 91.197/TLS.WeChat][cat: SocialNetwork/6][25 pkts/12063 bytes <-> 19 pkts/7932 bytes][pktlen c2s avg(stddev)/entropy: 3.9(482.5)/480.2][pktlen s2c avg(stddev)/entropy: 3.3(417.5)/530.0][bytes ratio: 0.21][TLSv1.2][client: web.wechat.com][JA3C: e330bca99c8a5256ae126a55c4c725c5][server: web.wechat.com][JA3S: 699a80bdb17efe157c861f92c5bf5d1d][organization: Tencent Mobility Limited][Cipher: TLS_ECDHE_RSA_WITH_AES_128_GCM_SHA256]
	12	TCP 192.168.1.103:54094 <-> 203.205.151.162:443 [proto: 91.197/TLS.WeChat][cat: SocialNetwork/6][22 pkts/10193 bytes <-> 18 pkts/8262 bytes][pktlen c2s avg(stddev)/entropy: 3.7(463.3)/478.0][pktlen s2c avg(stddev)/entropy: 3.2(459.0)/578.6][bytes ratio: 0.10][TLSv1.2][client: web.wechat.com][JA3C: e330bca99c8a5256ae126a55c4c725c5][server: web.wechat.com][JA3S: 699a80bdb17efe157c861f92c5bf5d1d][organization: Tencent Mobility Limited][Cipher: TLS_ECDHE_RSA_WITH_AES_128_GCM_SHA256]
	13	TCP 192.168.1.103:54102 <-> 203.205.151.162:443 [proto: 91.197/TLS.WeChat][cat: SocialNetwork/6][13 pkts/2317 bytes <-> 15 pkts/15724 bytes][pktlen c2s avg(stddev)/entropy: 2.7(178.2)/289.6][pktlen s2c avg(stddev)/entropy: 3.3(1048.3)/878.3][bytes ratio: -0.74][TLSv1.2][client: web.wechat.com][JA3C: e330bca99c8a5256ae126a55c4c725c5][server: web.wechat.com][JA3S: 699a80bdb17efe157c861f92c5bf5d1d][organization: Tencent Mobility Limited][Cipher: TLS_ECDHE_RSA_WITH_AES_128_GCM_SHA256]
	14	TCP 192.168.1.103:54098 <-> 203.205.151.162:443 [proto: 91.197/TLS.WeChat][cat: SocialNetwork/6][22 pkts/8507 bytes <-> 16 pkts/6575 bytes][pktlen c2s avg(stddev)/entropy: 3.6(386.7)/451.5][pktlen s2c avg(stddev)/entropy: 2.9(410.9)/550.6][bytes ratio: 0.13][TLSv1.2][client: web.wechat.com][JA3C: e330bca99c8a5256ae126a55c4c725c5][server: web.wechat.com][JA3S: 699a80bdb17efe157c861f92c5bf5d1d][organization: Tencent Mobility Limited][Cipher: TLS_ECDHE_RSA_WITH_AES_128_GCM_SHA256]
	15	TCP 192.168.1.103:54117 <-> 203.205.151.162:443 [proto: 91.197/TLS.WeChat][cat: SocialNetwork/6][20 pkts/8397 bytes <-> 16 pkts/6566 bytes][pktlen c2s avg(stddev)/entropy: 3.5(419.9)/461.7][pktlen s2c avg(stddev)/entropy: 3.1(410.4)/506.9][bytes ratio: 0.12][TLSv1.2][client: web.wechat.com][JA3C: e330bca99c8a5256ae126a55c4c725c5][server: web.wechat.com][JA3S: 699a80bdb17efe157c861f92c5bf5d1d][organization: Tencent Mobility Limited][Cipher: TLS_ECDHE_RSA_WITH_AES_128_GCM_SHA256]
	16	TCP 192.168.1.103:58036 <-> 203.205.147.171:443 [proto: 91.197/TLS.WeChat][cat: SocialNetwork/6][15 pkts/6450 bytes <-> 11 pkts/5068 bytes][pktlen c2s avg(stddev)/entropy: 3.1(430.0)/463.0][pktlen s2c avg(stddev)/entropy: 2.5(460.7)/553.0][bytes ratio: 0.12][TLSv1.2][client: web.wechat.com][JA3C: e330bca99c8a5256ae126a55c4c725c5][server: web.wechat.com][JA3S: 699a80bdb17efe157c861f92c5bf5d1d][organization: Tencent Mobility Limited][Cipher: TLS_ECDHE_RSA_WITH_AES_128_GCM_SHA256]
	17	TCP 192.168.1.103:54092 <-> 203.205.151.162:443 [proto: 91.197/TLS.WeChat][cat: SocialNetwork/6][15 pkts/6438 bytes <-> 11 pkts/5068 bytes][pktlen c2s avg(stddev)/entropy: 3.1(429.2)/462.8][pktlen s2c avg(stddev)/entropy: 2.5(460.7)/553.0][bytes ratio: 0.12][TLSv1.2][client: web.wechat.com][JA3C: e330bca99c8a5256ae126a55c4c725c5][server: web.wechat.com][JA3S: 699a80bdb17efe157c861f92c5bf5d1d][organization: Tencent Mobility Limited][Cipher: TLS_ECDHE_RSA_WITH_AES_128_GCM_SHA256]
	18	TCP 192.168.1.103:54100 <-> 203.205.151.162:443 [proto: 91.197/TLS.WeChat][cat: SocialNetwork/6][15 pkts/4627 bytes <-> 12 pkts/5905 bytes][pktlen c2s avg(stddev)/entropy: 3.0(308.5)/406.0][pktlen s2c avg(stddev)/entropy: 2.4(492.1)/692.3][bytes ratio: -0.12][TLSv1.2][client: web.wechat.com][JA3C: e330bca99c8a5256ae126a55c4c725c5][server: web.wechat.com][JA3S: 699a80bdb17efe157c861f92c5bf5d1d][organization: Tencent Mobility Limited][Cipher: TLS_ECDHE_RSA_WITH_AES_128_GCM_SHA256]
	19	TCP 192.168.1.103:54111 <-> 203.205.151.162:443 [proto: 91.197/TLS.WeChat][cat: SocialNetwork/6][14 pkts/4626 bytes <-> 12 pkts/5135 bytes][pktlen c2s avg(stddev)/entropy: 2.9(330.4)/415.8][pktlen s2c avg(stddev)/entropy: 2.6(427.9)/540.7][bytes ratio: -0.05][TLSv1.2][client: web.wechat.com][JA3C: e330bca99c8a5256ae126a55c4c725c5][server: web.wechat.com][JA3S: 699a80bdb17efe157c861f92c5bf5d1d][organization: Tencent Mobility Limited][Cipher: TLS_ECDHE_RSA_WITH_AES_128_GCM_SHA256]
	20	TCP 192.168.1.103:58042 <-> 203.205.147.171:443 [proto: 91.197/TLS.WeChat][cat: SocialNetwork/6][12 pkts/4516 bytes <-> 10 pkts/5004 bytes][pktlen c2s avg(stddev)/entropy: 2.8(376.3)/434.4][pktlen s2c avg(stddev)/entropy: 2.3(500.4)/627.5][bytes ratio: -0.05][TLSv1.2][client: web.wechat.com][JA3C: e330bca99c8a5256ae126a55c4c725c5][server: web.wechat.com][JA3S: 699a80bdb17efe157c861f92c5bf5d1d][organization: Tencent Mobility Limited][Cipher: TLS_ECDHE_RSA_WITH_AES_128_GCM_SHA256]
	21	TCP 192.168.1.103:43850 <-> 203.205.158.34:443 [proto: 91.48/TLS.QQ][cat: Chat/9][12 pkts/2005 bytes <-> 12 pkts/6787 bytes][pktlen c2s avg(stddev)/entropy: 2.8(167.1)/197.3][pktlen s2c avg(stddev)/entropy: 2.1(565.6)/986.9][bytes ratio: -0.54][TLSv1.2][client: res.wx.qq.com][JA3C: 550dce18de1bb143e69d6dd9413b8355][server: wx.qq.com][JA3S: 290adf098a54ade688d1df074dbecbf2 (WEAK)][organization: Shenzhen Tencent Computer Systems Company Limited][Cipher: TLS_RSA_WITH_AES_256_GCM_SHA384]
	22	TCP 192.168.1.103:38657 <-> 172.217.22.14:443 [proto: 91.126/TLS.Google][cat: Web/5][17 pkts/2413 bytes <-> 17 pkts/6268 bytes][pktlen c2s avg(stddev)/entropy: 3.4(141.9)/195.7][pktlen s2c avg(stddev)/entropy: 3.0(368.7)/525.4][bytes ratio: -0.44][TLSv1.2][client: safebrowsing.googleusercontent.com][JA3C: d551fafc4f40f1dec2bb45980bfa9492][server: *.googleusercontent.com][JA3S: d655f7cd00e93ea8969c3c6e06f0156f][organization: Google Inc][Cipher: TLS_ECDHE_ECDSA_WITH_CHACHA20_POLY1305_SHA256]
	23	UDP 192.168.1.103:51507 <-> 172.217.23.67:443 [proto: 188.126/QUIC.Google][cat: Web/5][7 pkts/3507 bytes <-> 6 pkts/3329 bytes][Host: ssl.gstatic.com][pktlen c2s avg(stddev)/entropy: 1.9(501.0)/573.8][pktlen s2c avg(stddev)/entropy: 1.7(554.8)/598.8][bytes ratio: 0.03][PLAIN TEXT (ssl.gstatic.com)]
	24	UDP 192.168.1.103:57591 <-> 216.58.198.46:443 [proto: 188.241/QUIC.GoogleDocs][cat: Collaborative/15][6 pkts/2687 bytes <-> 7 pkts/2125 bytes][Host: docs.google.com][pktlen c2s avg(stddev)/entropy: 1.6(447.8)/532.3][pktlen s2c avg(stddev)/entropy: 1.7(303.6)/455.1][bytes ratio: 0.12][PLAIN TEXT (docs.google.comr)]
	25	TCP 192.168.1.103:54120 <-> 203.205.151.162:443 [proto: 91.197/TLS.WeChat][cat: SocialNetwork/6][10 pkts/1032 bytes <-> 8 pkts/3711 bytes][pktlen c2s avg(stddev)/entropy: 3.0(103.2)/76.6][pktlen s2c avg(stddev)/entropy: 1.7(463.9)/673.1][bytes ratio: -0.56][TLSv1.2][client: web.wechat.com][JA3C: e330bca99c8a5256ae126a55c4c725c5][server: web.wechat.com][JA3S: 699a80bdb17efe157c861f92c5bf5d1d][organization: Tencent Mobility Limited][Cipher: TLS_ECDHE_RSA_WITH_AES_128_GCM_SHA256]
	26	TCP 192.168.1.103:58041 <-> 203.205.147.171:443 [proto: 91.197/TLS.WeChat][cat: SocialNetwork/6][10 pkts/1032 bytes <-> 8 pkts/3711 bytes][pktlen c2s avg(stddev)/entropy: 3.0(103.2)/76.6][pktlen s2c avg(stddev)/entropy: 1.7(463.9)/673.1][bytes ratio: -0.56][TLSv1.2][client: web.wechat.com][JA3C: e330bca99c8a5256ae126a55c4c725c5][server: web.wechat.com][JA3S: 699a80bdb17efe157c861f92c5bf5d1d][organization: Tencent Mobility Limited][Cipher: TLS_ECDHE_RSA_WITH_AES_128_GCM_SHA256]
	27	TCP 192.168.1.103:54118 <-> 203.205.151.162:443 [proto: 91.197/TLS.WeChat][cat: SocialNetwork/6][10 pkts/1032 bytes <-> 8 pkts/3703 bytes][pktlen c2s avg(stddev)/entropy: 3.0(103.2)/76.6][pktlen s2c avg(stddev)/entropy: 1.9(462.9)/600.9][bytes ratio: -0.56][TLSv1.2][client: web.wechat.com][JA3C: e330bca99c8a5256ae126a55c4c725c5][server: web.wechat.com][JA3S: 699a80bdb17efe157c861f92c5bf5d1d][organization: Tencent Mobility Limited][Cipher: TLS_ECDHE_RSA_WITH_AES_128_GCM_SHA256]
	28	TCP 192.168.1.103:54090 <-> 203.205.151.162:443 [proto: 91.197/TLS.WeChat][cat: SocialNetwork/6][10 pkts/1032 bytes <-> 7 pkts/3637 bytes][pktlen c2s avg(stddev)/entropy: 3.0(103.2)/76.6][pktlen s2c avg(stddev)/entropy: 1.9(519.6)/622.0][bytes ratio: -0.56][TLSv1.2][client: web.wechat.com][JA3C: e330bca99c8a5256ae126a55c4c725c5][server: web.wechat.com][JA3S: 699a80bdb17efe157c861f92c5bf5d1d][organization: Tencent Mobility Limited][Cipher: TLS_ECDHE_RSA_WITH_AES_128_GCM_SHA256]
	29	TCP 192.168.1.103:54096 <-> 203.205.151.162:443 [proto: 91.197/TLS.WeChat][cat: SocialNetwork/6][10 pkts/1032 bytes <-> 7 pkts/3637 bytes][pktlen c2s avg(stddev)/entropy: 3.0(103.2)/76.6][pktlen s2c avg(stddev)/entropy: 1.9(519.6)/622.0][bytes ratio: -0.56][TLSv1.2][client: web.wechat.com][JA3C: e330bca99c8a5256ae126a55c4c725c5][server: web.wechat.com][JA3S: 699a80bdb17efe157c861f92c5bf5d1d][organization: Tencent Mobility Limited][Cipher: TLS_ECDHE_RSA_WITH_AES_128_GCM_SHA256]
	30	TCP 192.168.1.103:54104 <-> 203.205.151.162:443 [proto: 91.197/TLS.WeChat][cat: SocialNetwork/6][10 pkts/1032 bytes <-> 7 pkts/3637 bytes][pktlen c2s avg(stddev)/entropy: 3.0(103.2)/76.6][pktlen s2c avg(stddev)/entropy: 1.9(519.6)/622.0][bytes ratio: -0.56][TLSv1.2][client: web.wechat.com][JA3C: e330bca99c8a5256ae126a55c4c725c5][server: web.wechat.com][JA3S: 699a80bdb17efe157c861f92c5bf5d1d][organization: Tencent Mobility Limited][Cipher: TLS_ECDHE_RSA_WITH_AES_128_GCM_SHA256]
	31	TCP 192.168.1.103:54091 <-> 203.205.151.162:443 [proto: 91.197/TLS.WeChat][cat: SocialNetwork/6][9 pkts/966 bytes <-> 6 pkts/3571 bytes][pktlen c2s avg(stddev)/entropy: 2.9(107.3)/79.7][pktlen s2c avg(stddev)/entropy: 1.5(595.2)/731.6][bytes ratio: -0.57][TLSv1.2][client: web.wechat.com][JA3C: e330bca99c8a5256ae126a55c4c725c5][server: web.wechat.com][JA3S: 699a80bdb17efe157c861f92c5bf5d1d][organization: Tencent Mobility Limited][Cipher: TLS_ECDHE_RSA_WITH_AES_128_GCM_SHA256]
	32	UDP [fe80::7a92:9cff:fe0f:a88e]:5353 -> [ff02::fb]:5353 [proto: 8/MDNS][cat: Network/14][44 pkts/4488 bytes -> 0 pkts/0 bytes][pktlen c2s avg(stddev)/entropy: 5.0(102.0)/0.0][pktlen s2c avg(stddev)/entropy: 0.0(nan)/0.0][bytes ratio: 1.00][PLAIN TEXT (googlecast)]
	33	UDP 192.168.1.103:35601 <-> 172.217.23.67:443 [proto: 188.126/QUIC.Google][cat: Web/5][5 pkts/2035 bytes <-> 5 pkts/1937 bytes][Host: ssl.gstatic.com][pktlen c2s avg(stddev)/entropy: 1.4(407.0)/507.8][pktlen s2c avg(stddev)/entropy: 1.3(387.4)/512.0][bytes ratio: 0.02][PLAIN TEXT (ssl.gstatic.com)]
	34	UDP 192.168.1.103:5353 -> 224.0.0.251:5353 [proto: 8/MDNS][cat: Network/14][44 pkts/3608 bytes -> 0 pkts/0 bytes][pktlen c2s avg(stddev)/entropy: 5.0(82.0)/0.0][pktlen s2c avg(stddev)/entropy: 0.0(nan)/0.0][bytes ratio: 1.00][PLAIN TEXT (googlecast)]
	35	TCP 192.168.1.103:54183 -> 203.205.151.162:443 [proto: 91.197/TLS.WeChat][cat: SocialNetwork/6][2 pkts/2508 bytes -> 0 pkts/0 bytes][pktlen c2s avg(stddev)/entropy: 1.0(1254.0)/0.0][pktlen s2c avg(stddev)/entropy: 0.0(nan)/0.0][bytes ratio: 1.00][PLAIN TEXT (G@aRkU)]
	36	UDP [fe80::91f9:3df3:7436:6cd6]:5353 -> [ff02::fb]:5353 [proto: 8/MDNS][cat: Network/14][14 pkts/1428 bytes -> 0 pkts/0 bytes][pktlen c2s avg(stddev)/entropy: 3.8(102.0)/0.0][pktlen s2c avg(stddev)/entropy: 0.0(nan)/0.0][bytes ratio: 1.00][PLAIN TEXT (googlecast)]
	37	TCP 192.168.1.103:36017 <-> 64.233.167.188:5228 [proto: 126/Google][cat: Web/5][10 pkts/660 bytes <-> 10 pkts/660 bytes][pktlen c2s avg(stddev)/entropy: 3.3(66.0)/0.0][pktlen s2c avg(stddev)/entropy: 3.3(66.0)/0.0][bytes ratio: 0.00]
	38	UDP 192.168.1.100:5353 -> 224.0.0.251:5353 [proto: 8/MDNS][cat: Network/14][14 pkts/1148 bytes -> 0 pkts/0 bytes][pktlen c2s avg(stddev)/entropy: 3.8(82.0)/0.0][pktlen s2c avg(stddev)/entropy: 0.0(nan)/0.0][bytes ratio: 1.00][PLAIN TEXT (googlecast)]
	39	TCP 192.168.1.103:58039 <-> 203.205.147.171:443 [proto: 91.197/TLS.WeChat][cat: SocialNetwork/6][13 pkts/866 bytes <-> 4 pkts/280 bytes][pktlen c2s avg(stddev)/entropy: 3.7(66.6)/2.1][pktlen s2c avg(stddev)/entropy: 2.0(70.0)/4.0][bytes ratio: 0.51]
	40	TCP 192.168.1.103:58143 -> 216.58.205.131:443 [proto: 91.126/TLS.Google][cat: Web/5][3 pkts/1078 bytes -> 0 pkts/0 bytes][pktlen c2s avg(stddev)/entropy: 1.3(359.3)/207.4][pktlen s2c avg(stddev)/entropy: 0.0(nan)/0.0][bytes ratio: 1.00]
	41	TCP 203.205.151.162:443 <-> 192.168.1.103:54084 [proto: 91.197/TLS.WeChat][cat: SocialNetwork/6][3 pkts/802 bytes <-> 3 pkts/198 bytes][pktlen c2s avg(stddev)/entropy: 0.8(267.3)/284.7][pktlen s2c avg(stddev)/entropy: 1.6(66.0)/0.0][bytes ratio: 0.60]
	42	UDP 192.168.1.100:137 -> 192.168.1.255:137 [proto: 10/NetBIOS][cat: System/18][9 pkts/828 bytes -> 0 pkts/0 bytes][pktlen c2s avg(stddev)/entropy: 3.2(92.0)/0.0][pktlen s2c avg(stddev)/entropy: 0.0(nan)/0.0][bytes ratio: 1.00][PLAIN TEXT ( EMECEKEBENFHFAFEFIFKCACACACACA)]
	43	IGMP 192.168.1.100:0 -> 224.0.0.22:0 [proto: 82/IGMP][cat: Network/14][15 pkts/810 bytes -> 0 pkts/0 bytes][pktlen c2s avg(stddev)/entropy: 3.9(54.0)/0.0][pktlen s2c avg(stddev)/entropy: 0.0(nan)/0.0][bytes ratio: 1.00]
	44	UDP 192.168.1.100:138 -> 192.168.1.255:138 [proto: 10/NetBIOS][cat: System/18][3 pkts/751 bytes -> 0 pkts/0 bytes][pktlen c2s avg(stddev)/entropy: 1.6(250.3)/5.2][pktlen s2c avg(stddev)/entropy: 0.0(nan)/0.0][bytes ratio: 1.00][PLAIN TEXT ( EHEJEPFGEBEOEOEJ)]
	45	TCP 192.168.1.103:54112 <-> 203.205.151.162:443 [proto: 91.197/TLS.WeChat][cat: SocialNetwork/6][5 pkts/338 bytes <-> 4 pkts/280 bytes][pktlen c2s avg(stddev)/entropy: 2.3(67.6)/3.2][pktlen s2c avg(stddev)/entropy: 2.0(70.0)/4.0][bytes ratio: 0.09]
	46	TCP 192.168.1.103:54114 <-> 203.205.151.162:443 [proto: 91.197/TLS.WeChat][cat: SocialNetwork/6][5 pkts/338 bytes <-> 4 pkts/280 bytes][pktlen c2s avg(stddev)/entropy: 2.3(67.6)/3.2][pktlen s2c avg(stddev)/entropy: 2.0(70.0)/4.0][bytes ratio: 0.09]
	47	UDP 192.168.1.103:19041 <-> 192.168.1.254:53 [proto: 5.48/DNS.QQ][cat: Chat/9][1 pkts/73 bytes <-> 1 pkts/537 bytes][Host: res.wx.qq.com][pktlen c2s avg(stddev)/entropy: 0.0(73.0)/0.0][pktlen s2c avg(stddev)/entropy: 0.0(537.0)/0.0][bytes ratio: -0.76]
	48	TCP 192.168.1.103:34981 -> 95.101.34.33:80 [proto: 7/HTTP][cat: Web/5][9 pkts/594 bytes -> 0 pkts/0 bytes][pktlen c2s avg(stddev)/entropy: 3.2(66.0)/0.0][pktlen s2c avg(stddev)/entropy: 0.0(nan)/0.0][bytes ratio: 1.00]
	49	TCP 192.168.1.103:34996 -> 95.101.34.33:80 [proto: 7/HTTP][cat: Web/5][9 pkts/594 bytes -> 0 pkts/0 bytes][pktlen c2s avg(stddev)/entropy: 3.2(66.0)/0.0][pktlen s2c avg(stddev)/entropy: 0.0(nan)/0.0][bytes ratio: 1.00]
	50	TCP 192.168.1.103:34999 -> 95.101.34.33:80 [proto: 7/HTTP][cat: Web/5][9 pkts/594 bytes -> 0 pkts/0 bytes][pktlen c2s avg(stddev)/entropy: 3.2(66.0)/0.0][pktlen s2c avg(stddev)/entropy: 0.0(nan)/0.0][bytes ratio: 1.00]
	51	TCP 192.168.1.103:35000 -> 95.101.34.33:80 [proto: 7/HTTP][cat: Web/5][9 pkts/594 bytes -> 0 pkts/0 bytes][pktlen c2s avg(stddev)/entropy: 3.2(66.0)/0.0][pktlen s2c avg(stddev)/entropy: 0.0(nan)/0.0][bytes ratio: 1.00]
	52	TCP 192.168.1.103:39207 -> 95.101.34.34:80 [proto: 7/HTTP][cat: Web/5][9 pkts/594 bytes -> 0 pkts/0 bytes][pktlen c2s avg(stddev)/entropy: 3.2(66.0)/0.0][pktlen s2c avg(stddev)/entropy: 0.0(nan)/0.0][bytes ratio: 1.00]
	53	TCP 192.168.1.103:39231 -> 95.101.34.34:80 [proto: 7/HTTP][cat: Web/5][9 pkts/594 bytes -> 0 pkts/0 bytes][pktlen c2s avg(stddev)/entropy: 3.2(66.0)/0.0][pktlen s2c avg(stddev)/entropy: 0.0(nan)/0.0][bytes ratio: 1.00][PLAIN TEXT (PLTbOhOof)]
	54	TCP 192.168.1.103:53220 <-> 172.217.23.78:443 [proto: 91.126/TLS.Google][cat: Web/5][4 pkts/264 bytes <-> 4 pkts/319 bytes][pktlen c2s avg(stddev)/entropy: 2.0(66.0)/0.0][pktlen s2c avg(stddev)/entropy: 1.9(79.8)/23.8][bytes ratio: -0.09][PLAIN TEXT (lMRov.)]
	55	TCP 192.168.1.103:54093 <-> 203.205.151.162:443 [proto: 91.197/TLS.WeChat][cat: SocialNetwork/6][5 pkts/338 bytes <-> 3 pkts/214 bytes][pktlen c2s avg(stddev)/entropy: 2.3(67.6)/3.2][pktlen s2c avg(stddev)/entropy: 1.6(71.3)/3.8][bytes ratio: 0.22]
	56	TCP 192.168.1.103:58037 <-> 203.205.147.171:443 [proto: 91.197/TLS.WeChat][cat: SocialNetwork/6][5 pkts/338 bytes <-> 3 pkts/214 bytes][pktlen c2s avg(stddev)/entropy: 2.3(67.6)/3.2][pktlen s2c avg(stddev)/entropy: 1.6(71.3)/3.8][bytes ratio: 0.22]
	57	TCP 192.168.1.103:39195 -> 95.101.34.34:80 [proto: 7/HTTP][cat: Web/5][8 pkts/528 bytes -> 0 pkts/0 bytes][pktlen c2s avg(stddev)/entropy: 3.0(66.0)/0.0][pktlen s2c avg(stddev)/entropy: 0.0(nan)/0.0][bytes ratio: 1.00]
	58	TCP 192.168.1.103:52020 -> 95.101.180.179:80 [proto: 7/HTTP][cat: Web/5][8 pkts/528 bytes -> 0 pkts/0 bytes][pktlen c2s avg(stddev)/entropy: 3.0(66.0)/0.0][pktlen s2c avg(stddev)/entropy: 0.0(nan)/0.0][bytes ratio: 1.00]
	59	TCP 192.168.1.103:43851 <-> 203.205.158.34:443 [proto: 91/TLS][cat: Web/5][5 pkts/290 bytes <-> 4 pkts/234 bytes][pktlen c2s avg(stddev)/entropy: 2.3(58.0)/8.0][pktlen s2c avg(stddev)/entropy: 2.0(58.5)/5.0][bytes ratio: 0.11]
	60	TCP 192.168.1.103:47627 <-> 216.58.205.78:443 [proto: 91.126/TLS.Google][cat: Web/5][3 pkts/198 bytes <-> 4 pkts/319 bytes][pktlen c2s avg(stddev)/entropy: 1.6(66.0)/0.0][pktlen s2c avg(stddev)/entropy: 1.9(79.8)/23.8][bytes ratio: -0.23]
	61	TCP 192.168.1.103:40740 <-> 203.205.151.211:443 [proto: 91/TLS][cat: Web/5][4 pkts/216 bytes <-> 4 pkts/253 bytes][pktlen c2s avg(stddev)/entropy: 2.0(54.0)/0.0][pktlen s2c avg(stddev)/entropy: 2.0(63.2)/12.8][bytes ratio: -0.08]
	62	UDP 192.168.1.103:60356 <-> 192.168.1.254:53 [proto: 5.197/DNS.WeChat][cat: SocialNetwork/6][1 pkts/74 bytes <-> 1 pkts/391 bytes][Host: web.wechat.com][pktlen c2s avg(stddev)/entropy: 0.0(74.0)/0.0][pktlen s2c avg(stddev)/entropy: 0.0(391.0)/0.0][bytes ratio: -0.68][PLAIN TEXT (wechat)]
	63	TCP 192.168.1.103:49787 <-> 216.58.205.142:443 [proto: 91.126/TLS.Google][cat: Web/5][3 pkts/198 bytes <-> 3 pkts/198 bytes][pktlen c2s avg(stddev)/entropy: 1.6(66.0)/0.0][pktlen s2c avg(stddev)/entropy: 1.6(66.0)/0.0][bytes ratio: 0.00]
	64	TCP 192.168.1.103:58226 -> 203.205.147.171:443 [proto: 91.197/TLS.WeChat][cat: SocialNetwork/6][6 pkts/396 bytes -> 0 pkts/0 bytes][pktlen c2s avg(stddev)/entropy: 2.6(66.0)/0.0][pktlen s2c avg(stddev)/entropy: 0.0(nan)/0.0][bytes ratio: 1.00]
	65	UDP 192.168.1.103:53734 <-> 192.168.1.254:53 [proto: 5.126/DNS.Google][cat: Web/5][1 pkts/94 bytes <-> 1 pkts/272 bytes][Host: safebrowsing.googleusercontent.com][pktlen c2s avg(stddev)/entropy: 0.0(94.0)/0.0][pktlen s2c avg(stddev)/entropy: 0.0(272.0)/0.0][bytes ratio: -0.49][PLAIN TEXT (safebrowsing)]
	66	TCP 192.168.1.103:58043 <-> 203.205.147.171:443 [proto: 91.197/TLS.WeChat][cat: SocialNetwork/6][3 pkts/206 bytes <-> 2 pkts/148 bytes][pktlen c2s avg(stddev)/entropy: 1.6(68.7)/3.8][pktlen s2c avg(stddev)/entropy: 1.0(74.0)/0.0][bytes ratio: 0.16]
	67	UDP 0.0.0.0:68 -> 255.255.255.255:67 [proto: 18/DHCP][cat: Network/14][1 pkts/342 bytes -> 0 pkts/0 bytes][Host: iphonedimonica][pktlen c2s avg(stddev)/entropy: 0.0(342.0)/0.0][pktlen s2c avg(stddev)/entropy: 0.0(nan)/0.0][bytes ratio: 1.00][DHCP Fingerprint: 1,121,3,6,15,119,252][PLAIN TEXT (iPhonediMonica)]
	68	UDP 192.168.1.103:46078 <-> 192.168.1.254:53 [proto: 5.126/DNS.Google][cat: Web/5][1 pkts/75 bytes <-> 1 pkts/234 bytes][Host: ssl.gstatic.com][pktlen c2s avg(stddev)/entropy: 0.0(75.0)/0.0][pktlen s2c avg(stddev)/entropy: 0.0(234.0)/0.0][bytes ratio: -0.51][PLAIN TEXT (gstatic)]
	69	UDP 192.168.1.103:60562 <-> 192.168.1.254:53 [proto: 5.126/DNS.Google][cat: Web/5][1 pkts/75 bytes <-> 1 pkts/234 bytes][Host: ssl.gstatic.com][pktlen c2s avg(stddev)/entropy: 0.0(75.0)/0.0][pktlen s2c avg(stddev)/entropy: 0.0(234.0)/0.0][bytes ratio: -0.51][PLAIN TEXT (gstatic)]
	70	UDP 192.168.1.103:55862 <-> 192.168.1.254:53 [proto: 5.241/DNS.GoogleDocs][cat: Collaborative/15][1 pkts/75 bytes <-> 1 pkts/227 bytes][Host: docs.google.com][pktlen c2s avg(stddev)/entropy: 0.0(75.0)/0.0][pktlen s2c avg(stddev)/entropy: 0.0(227.0)/0.0][bytes ratio: -0.50][PLAIN TEXT (google)]
	71	IGMP 192.168.1.103:0 -> 224.0.0.22:0 [proto: 82/IGMP][cat: Network/14][4 pkts/216 bytes -> 0 pkts/0 bytes][pktlen c2s avg(stddev)/entropy: 2.0(54.0)/0.0][pktlen s2c avg(stddev)/entropy: 0.0(nan)/0.0][bytes ratio: 1.00]
	72	TCP 192.168.1.103:40741 <-> 203.205.151.211:443 [proto: 91/TLS][cat: Web/5][2 pkts/108 bytes <-> 2 pkts/108 bytes][pktlen c2s avg(stddev)/entropy: 1.0(54.0)/0.0][pktlen s2c avg(stddev)/entropy: 1.0(54.0)/0.0][bytes ratio: 0.00]
	73	IGMP 192.168.1.254:0 -> 224.0.0.1:0 [proto: 82/IGMP][cat: Network/14][4 pkts/200 bytes -> 0 pkts/0 bytes][pktlen c2s avg(stddev)/entropy: 2.0(50.0)/0.0][pktlen s2c avg(stddev)/entropy: 0.0(nan)/0.0][bytes ratio: 1.00]
	74	TCP 192.168.1.103:54085 <-> 203.205.151.162:443 [proto: 91.197/TLS.WeChat][cat: SocialNetwork/6][2 pkts/132 bytes <-> 1 pkts/66 bytes][pktlen c2s avg(stddev)/entropy: 1.0(66.0)/0.0][pktlen s2c avg(stddev)/entropy: 0.0(66.0)/0.0][bytes ratio: 0.33]
	75	UDP [fe80::91f9:3df3:7436:6cd6]:50440 -> [ff02::1:3]:5355 [proto: 154/LLMNR][cat: Network/14][2 pkts/180 bytes -> 0 pkts/0 bytes][Host: lbjamwptxz][pktlen c2s avg(stddev)/entropy: 1.0(90.0)/0.0][pktlen s2c avg(stddev)/entropy: 0.0(nan)/0.0][bytes ratio: 1.00][PLAIN TEXT (lbjamwptx)]
	76	UDP [fe80::91f9:3df3:7436:6cd6]:49195 -> [ff02::1:3]:5355 [proto: 154/LLMNR][cat: Network/14][2 pkts/176 bytes -> 0 pkts/0 bytes][Host: cansaqcq][pktlen c2s avg(stddev)/entropy: 1.0(88.0)/0.0][pktlen s2c avg(stddev)/entropy: 0.0(nan)/0.0][bytes ratio: 1.00][PLAIN TEXT (cansaqcq)]
	77	UDP [fe80::91f9:3df3:7436:6cd6]:50577 -> [ff02::1:3]:5355 [proto: 154/LLMNR][cat: Network/14][2 pkts/176 bytes -> 0 pkts/0 bytes][Host: mcztmpkc][pktlen c2s avg(stddev)/entropy: 1.0(88.0)/0.0][pktlen s2c avg(stddev)/entropy: 0.0(nan)/0.0][bytes ratio: 1.00][PLAIN TEXT (mcztmpkc)]
	78	UDP 192.168.1.103:43705 -> 192.168.1.254:53 [proto: 5.197/DNS.WeChat][cat: Chat/9][2 pkts/172 bytes -> 0 pkts/0 bytes][Host: webpush.web.wechat.com.lan][pktlen c2s avg(stddev)/entropy: 1.0(86.0)/0.0][pktlen s2c avg(stddev)/entropy: 0.0(nan)/0.0][bytes ratio: 1.00][PLAIN TEXT (webpush)]
	79	UDP 192.168.1.103:42856 -> 192.168.1.254:53 [proto: 5.5/DNS][cat: Network/14][2 pkts/170 bytes -> 0 pkts/0 bytes][Host: 1.debian.pool.ntp.org.lan][pktlen c2s avg(stddev)/entropy: 1.0(85.0)/0.0][pktlen s2c avg(stddev)/entropy: 0.0(nan)/0.0][bytes ratio: 1.00][PLAIN TEXT (debian)]
	80	UDP 192.168.1.103:45366 -> 192.168.1.254:53 [proto: 5.197/DNS.WeChat][cat: Chat/9][2 pkts/164 bytes -> 0 pkts/0 bytes][Host: webpush.web.wechat.com][pktlen c2s avg(stddev)/entropy: 1.0(82.0)/0.0][pktlen s2c avg(stddev)/entropy: 0.0(nan)/0.0][bytes ratio: 1.00][PLAIN TEXT (webpush)]
	81	UDP 192.168.1.103:56367 -> 192.168.1.254:53 [proto: 5.197/DNS.WeChat][cat: Chat/9][2 pkts/164 bytes -> 0 pkts/0 bytes][Host: webpush.web.wechat.com][pktlen c2s avg(stddev)/entropy: 1.0(82.0)/0.0][pktlen s2c avg(stddev)/entropy: 0.0(nan)/0.0][bytes ratio: 1.00][PLAIN TEXT (webpush)]
	82	UDP 192.168.1.103:41759 -> 192.168.1.254:53 [proto: 5.5/DNS][cat: Network/14][2 pkts/162 bytes -> 0 pkts/0 bytes][Host: 2.debian.pool.ntp.org][pktlen c2s avg(stddev)/entropy: 1.0(81.0)/0.0][pktlen s2c avg(stddev)/entropy: 0.0(nan)/0.0][bytes ratio: 1.00][PLAIN TEXT (debian)]
	83	UDP 192.168.1.103:44063 -> 192.168.1.254:53 [proto: 5.5/DNS][cat: Network/14][2 pkts/162 bytes -> 0 pkts/0 bytes][Host: 1.debian.pool.ntp.org][pktlen c2s avg(stddev)/entropy: 1.0(81.0)/0.0][pktlen s2c avg(stddev)/entropy: 0.0(nan)/0.0][bytes ratio: 1.00][PLAIN TEXT (debian)]
	84	UDP 192.168.1.103:42074 -> 192.168.1.254:53 [proto: 5.126/DNS.Google][cat: Web/5][2 pkts/158 bytes -> 0 pkts/0 bytes][Host: ssl.gstatic.com.lan][pktlen c2s avg(stddev)/entropy: 1.0(79.0)/0.0][pktlen s2c avg(stddev)/entropy: 0.0(nan)/0.0][bytes ratio: 1.00][PLAIN TEXT (gstatic)]
	85	UDP 192.168.1.100:54124 -> 224.0.0.252:5355 [proto: 154/LLMNR][cat: Network/14][2 pkts/140 bytes -> 0 pkts/0 bytes][Host: lbjamwptxz][pktlen c2s avg(stddev)/entropy: 1.0(70.0)/0.0][pktlen s2c avg(stddev)/entropy: 0.0(nan)/0.0][bytes ratio: 1.00][PLAIN TEXT (lbjamwptx)]
	86	UDP 192.168.1.100:49832 -> 224.0.0.252:5355 [proto: 154/LLMNR][cat: Network/14][2 pkts/136 bytes -> 0 pkts/0 bytes][Host: cansaqcq][pktlen c2s avg(stddev)/entropy: 1.0(68.0)/0.0][pktlen s2c avg(stddev)/entropy: 0.0(nan)/0.0][bytes ratio: 1.00][PLAIN TEXT (cansaqcq)]
	87	UDP 192.168.1.100:57401 -> 224.0.0.252:5355 [proto: 154/LLMNR][cat: Network/14][2 pkts/136 bytes -> 0 pkts/0 bytes][Host: mcztmpkc][pktlen c2s avg(stddev)/entropy: 1.0(68.0)/0.0][pktlen s2c avg(stddev)/entropy: 0.0(nan)/0.0][bytes ratio: 1.00][PLAIN TEXT (mcztmpkc)]
	88	TCP 192.168.1.103:54106 -> 203.205.151.162:443 [proto: 91.197/TLS.WeChat][cat: SocialNetwork/6][2 pkts/132 bytes -> 0 pkts/0 bytes][pktlen c2s avg(stddev)/entropy: 1.0(66.0)/0.0][pktlen s2c avg(stddev)/entropy: 0.0(nan)/0.0][bytes ratio: 1.00]
	89	TCP 192.168.1.103:54109 <-> 203.205.151.162:443 [proto: 91.197/TLS.WeChat][cat: SocialNetwork/6][1 pkts/66 bytes <-> 1 pkts/66 bytes][pktlen c2s avg(stddev)/entropy: 0.0(66.0)/0.0][pktlen s2c avg(stddev)/entropy: 0.0(66.0)/0.0][bytes ratio: 0.00]
	90	TCP 192.168.1.103:54110 <-> 203.205.151.162:443 [proto: 91.197/TLS.WeChat][cat: SocialNetwork/6][1 pkts/66 bytes <-> 1 pkts/66 bytes][pktlen c2s avg(stddev)/entropy: 0.0(66.0)/0.0][pktlen s2c avg(stddev)/entropy: 0.0(66.0)/0.0][bytes ratio: 0.00]
	91	TCP 192.168.1.103:54205 -> 64.233.167.188:443 [proto: 91.126/TLS.Google][cat: Web/5][2 pkts/132 bytes -> 0 pkts/0 bytes][pktlen c2s avg(stddev)/entropy: 1.0(66.0)/0.0][pktlen s2c avg(stddev)/entropy: 0.0(nan)/0.0][bytes ratio: 1.00]
	92	ICMPV6 [fe80::842:a3f3:a286:6c5b]:0 -> [ff02::2]:0 [proto: 102/ICMPV6][cat: Network/14][2 pkts/132 bytes -> 0 pkts/0 bytes][pktlen c2s avg(stddev)/entropy: 1.0(66.0)/4.0][pktlen s2c avg(stddev)/entropy: 0.0(nan)/0.0][bytes ratio: 1.00]
	93	0 [fe80::842:a3f3:a286:6c5b]:0 -> [ff02::16]:0 [proto: 102/ICMPV6][cat: Network/14][1 pkts/110 bytes -> 0 pkts/0 bytes][pktlen c2s avg(stddev)/entropy: 0.0(110.0)/0.0][pktlen s2c avg(stddev)/entropy: 0.0(nan)/0.0][bytes ratio: 1.00]
	94	UDP 192.168.1.103:37578 -> 193.204.114.233:123 [proto: 9/NTP][cat: System/18][1 pkts/90 bytes -> 0 pkts/0 bytes][pktlen c2s avg(stddev)/entropy: 0.0(90.0)/0.0][pktlen s2c avg(stddev)/entropy: 0.0(nan)/0.0][bytes ratio: 1.00]
	95	UDP 192.168.1.103:44346 -> 192.168.1.254:53 [proto: 5.197/DNS.WeChat][cat: Chat/9][1 pkts/86 bytes -> 0 pkts/0 bytes][Host: webpush.web.wechat.com.lan][pktlen c2s avg(stddev)/entropy: 0.0(86.0)/0.0][pktlen s2c avg(stddev)/entropy: 0.0(nan)/0.0][bytes ratio: 1.00][PLAIN TEXT (webpush)]
	96	UDP 192.168.1.103:53515 -> 192.168.1.254:53 [proto: 5.197/DNS.WeChat][cat: Chat/9][1 pkts/86 bytes -> 0 pkts/0 bytes][Host: webpush.web.wechat.com.lan][pktlen c2s avg(stddev)/entropy: 0.0(86.0)/0.0][pktlen s2c avg(stddev)/entropy: 0.0(nan)/0.0][bytes ratio: 1.00][PLAIN TEXT (webpush)]
	97	ICMPV6 [::]:0 -> [ff02::1:ff86:6c5b]:0 [proto: 102/ICMPV6][cat: Network/14][1 pkts/86 bytes -> 0 pkts/0 bytes][pktlen c2s avg(stddev)/entropy: 0.0(86.0)/0.0][pktlen s2c avg(stddev)/entropy: 0.0(nan)/0.0][bytes ratio: 1.00]
	98	UDP 192.168.1.103:33915 -> 192.168.1.254:53 [proto: 5.197/DNS.WeChat][cat: Chat/9][1 pkts/82 bytes -> 0 pkts/0 bytes][Host: webpush.web.wechat.com][pktlen c2s avg(stddev)/entropy: 0.0(82.0)/0.0][pktlen s2c avg(stddev)/entropy: 0.0(nan)/0.0][bytes ratio: 1.00][PLAIN TEXT (webpush)]
	99	UDP 192.168.1.103:43317 -> 192.168.1.254:53 [proto: 5.197/DNS.WeChat][cat: Chat/9][1 pkts/82 bytes -> 0 pkts/0 bytes][Host: webpush.web.wechat.com][pktlen c2s avg(stddev)/entropy: 0.0(82.0)/0.0][pktlen s2c avg(stddev)/entropy: 0.0(nan)/0.0][bytes ratio: 1.00][PLAIN TEXT (webpush)]
	100	UDP 192.168.1.103:58165 -> 192.168.1.254:53 [proto: 5.197/DNS.WeChat][cat: Chat/9][1 pkts/82 bytes -> 0 pkts/0 bytes][Host: webpush.web.wechat.com][pktlen c2s avg(stddev)/entropy: 0.0(82.0)/0.0][pktlen s2c avg(stddev)/entropy: 0.0(nan)/0.0][bytes ratio: 1.00][PLAIN TEXT (webpush)]
	101	UDP 192.168.1.103:59567 -> 192.168.1.254:53 [proto: 5.126/DNS.Google][cat: Web/5][1 pkts/79 bytes -> 0 pkts/0 bytes][Host: ssl.gstatic.com.lan][pktlen c2s avg(stddev)/entropy: 0.0(79.0)/0.0][pktlen s2c avg(stddev)/entropy: 0.0(nan)/0.0][bytes ratio: 1.00][PLAIN TEXT (gstatic)]
	102	UDP 192.168.1.103:42589 -> 192.168.1.254:53 [proto: 5.126/DNS.Google][cat: Web/5][1 pkts/75 bytes -> 0 pkts/0 bytes][Host: ssl.gstatic.com][pktlen c2s avg(stddev)/entropy: 0.0(75.0)/0.0][pktlen s2c avg(stddev)/entropy: 0.0(nan)/0.0][bytes ratio: 1.00][PLAIN TEXT (gstatic)]
	103	IGMP 192.168.1.108:0 -> 224.0.0.22:0 [proto: 82/IGMP][cat: Network/14][1 pkts/54 bytes -> 0 pkts/0 bytes][pktlen c2s avg(stddev)/entropy: 0.0(54.0)/0.0][pktlen s2c avg(stddev)/entropy: 0.0(nan)/0.0][bytes ratio: 1.00]
