MDNS	2	202	2
DHCP	6	2052	1
Dropbox	2	1088	1
Apple	44	21371	1
WhatsApp	32	3243	2
Spotify	1	86	1
ApplePush	6	2095	1

	1	TCP 192.168.2.4:49205 <-> 17.173.66.102:443 [proto: 91.140/TLS.Apple][cat: Web/5][24 pkts/15117 bytes <-> 20 pkts/6254 bytes][pktlen c2s avg(stddev)/entropy: 4.0(629.9)/544.4][pktlen s2c avg(stddev)/entropy: 3.4(312.7)/369.6][bytes ratio: 0.41]
	2	TCP 192.168.2.4:49206 <-> 158.85.58.15:5222 [proto: 142/WhatsApp][cat: Chat/9][17 pkts/1794 bytes <-> 13 pkts/1169 bytes][pktlen c2s avg(stddev)/entropy: 3.8(105.5)/67.5][pktlen s2c avg(stddev)/entropy: 3.7(89.9)/22.2][bytes ratio: 0.21][PLAIN TEXT (iPhone)]
	3	TCP 17.110.229.14:5223 -> 192.168.2.4:49193 [proto: 238/ApplePush][cat: Cloud/13][6 pkts/2095 bytes -> 0 pkts/0 bytes][pktlen c2s avg(stddev)/entropy: 2.6(349.2)/57.8][pktlen s2c avg(stddev)/entropy: 0.0(nan)/0.0][bytes ratio: 1.00]
	4	UDP 0.0.0.0:68 -> 255.255.255.255:67 [proto: 18/DHCP][cat: Network/14][6 pkts/2052 bytes -> 0 pkts/0 bytes][Host: lucas-imac][pktlen c2s avg(stddev)/entropy: 2.6(342.0)/0.0][pktlen s2c avg(stddev)/entropy: 0.0(nan)/0.0][bytes ratio: 1.00][DHCP Fingerprint: 1,3,6,15,119,95,252,44,46]
	5	UDP 192.168.2.1:17500 -> 192.168.2.255:17500 [proto: 121/Dropbox][cat: Cloud/13][2 pkts/1088 bytes -> 0 pkts/0 bytes][pktlen c2s avg(stddev)/entropy: 1.0(544.0)/0.0][pktlen s2c avg(stddev)/entropy: 0.0(nan)/0.0][bytes ratio: 1.00][PLAIN TEXT ( 3375359593)]
	6	UDP 192.168.2.4:61697 <-> 192.168.2.1:53 [proto: 5.142/DNS.WhatsApp][cat: Chat/9][1 pkts/76 bytes <-> 1 pkts/204 bytes][Host: e12.whatsapp.net][pktlen c2s avg(stddev)/entropy: 0.0(76.0)/0.0][pktlen s2c avg(stddev)/entropy: 0.0(204.0)/0.0][bytes ratio: -0.46][PLAIN TEXT (whatsapp)]
	7	UDP [fe80::189c:c31b:1298:224]:5353 -> [ff02::fb]:5353 [proto: 8/MDNS][cat: Network/14][1 pkts/111 bytes -> 0 pkts/0 bytes][pktlen c2s avg(stddev)/entropy: 0.0(111.0)/0.0][pktlen s2c avg(stddev)/entropy: 0.0(nan)/0.0][bytes ratio: 1.00][PLAIN TEXT (airplay)]
	8	UDP 192.168.2.4:5353 -> 224.0.0.251:5353 [proto: 8/MDNS][cat: Network/14][1 pkts/91 bytes -> 0 pkts/0 bytes][pktlen c2s avg(stddev)/entropy: 0.0(91.0)/0.0][pktlen s2c avg(stddev)/entropy: 0.0(nan)/0.0][bytes ratio: 1.00][PLAIN TEXT (airplay)]
	9	UDP 192.168.2.1:57621 -> 192.168.2.255:57621 [proto: 156/Spotify][cat: Music/25][1 pkts/86 bytes -> 0 pkts/0 bytes][pktlen c2s avg(stddev)/entropy: 0.0(86.0)/0.0][pktlen s2c avg(stddev)/entropy: 0.0(nan)/0.0][bytes ratio: 1.00][PLAIN TEXT (SpotUdp)]
