WireGuard	2399	734182	1

	1	UDP 139.162.192.157:51820 <-> 192.168.0.14:36116 [proto: 206/WireGuard][cat: VPN/2][1362 pkts/518526 bytes <-> 1037 pkts/215656 bytes][PLAIN TEXT (RJxM17)]
