YouTubeUpload	137	127038	3

JA3 Host Stats: 
		 IP Address                  	 # JA3C     
	1	 192.168.2.27             	 1      


	1	UDP 192.168.2.27:51925 <-> 172.217.23.111:443 [proto: 188.136/QUIC.YouTubeUpload][cat: Media/1][80 pkts/100473 bytes <-> 20 pkts/6003 bytes][Host: upload.youtube.com][pktlen c2s avg(stddev)/entropy: 5.0(1255.9)/385.3][pktlen s2c avg(stddev)/entropy: 3.1(300.1)/473.5][bytes ratio: 0.89][PLAIN TEXT (upload.youtube.comQ)]
	2	UDP 192.168.2.27:62232 <-> 172.217.23.111:443 [proto: 188.136/QUIC.YouTubeUpload][cat: Media/1][13 pkts/8651 bytes <-> 11 pkts/6463 bytes][Host: upload.youtube.com][pktlen c2s avg(stddev)/entropy: 2.9(665.5)/633.6][pktlen s2c avg(stddev)/entropy: 2.6(587.5)/618.0][bytes ratio: 0.14][PLAIN TEXT (upload.youtube.comQ)]
	3	TCP 192.168.2.27:57452 <-> 172.217.23.111:443 [proto: 91.136/TLS.YouTubeUpload][cat: Media/1][6 pkts/649 bytes <-> 7 pkts/4799 bytes][pktlen c2s avg(stddev)/entropy: 2.3(108.2)/73.1][pktlen s2c avg(stddev)/entropy: 2.1(685.6)/634.0][bytes ratio: -0.76][TLSv1.2][client: upload.youtube.com][JA3C: bc6c386f480ee97b9d9e52d472b772d8][server: upload.video.google.com][JA3S: b26c652e0a402a24b5ca2a660e84f9d5][organization: Google Inc][Cipher: TLS_ECDHE_RSA_WITH_AES_128_GCM_SHA256]
